Archive member included to satisfy reference by file (symbol)

c:/projects/rtos_projects/tools/gcc-arm-none-eabi-10.3-2021.10/bin/../lib/gcc/arm-none-eabi/10.3.1/../../../../arm-none-eabi/lib/thumb/v7e-m+dp/hard\libc_nano.a(lib_a-errno.o)
                              build/sysmem.o (__errno)
c:/projects/rtos_projects/tools/gcc-arm-none-eabi-10.3-2021.10/bin/../lib/gcc/arm-none-eabi/10.3.1/../../../../arm-none-eabi/lib/thumb/v7e-m+dp/hard\libc_nano.a(lib_a-exit.o)
                              c:/projects/rtos_projects/tools/gcc-arm-none-eabi-10.3-2021.10/bin/../lib/gcc/arm-none-eabi/10.3.1/../../../../arm-none-eabi/lib/thumb/v7e-m+dp/hard/crt0.o (exit)
c:/projects/rtos_projects/tools/gcc-arm-none-eabi-10.3-2021.10/bin/../lib/gcc/arm-none-eabi/10.3.1/../../../../arm-none-eabi/lib/thumb/v7e-m+dp/hard\libc_nano.a(lib_a-impure.o)
                              c:/projects/rtos_projects/tools/gcc-arm-none-eabi-10.3-2021.10/bin/../lib/gcc/arm-none-eabi/10.3.1/../../../../arm-none-eabi/lib/thumb/v7e-m+dp/hard\libc_nano.a(lib_a-exit.o) (_global_impure_ptr)
c:/projects/rtos_projects/tools/gcc-arm-none-eabi-10.3-2021.10/bin/../lib/gcc/arm-none-eabi/10.3.1/../../../../arm-none-eabi/lib/thumb/v7e-m+dp/hard\libc_nano.a(lib_a-init.o)
                              c:/projects/rtos_projects/tools/gcc-arm-none-eabi-10.3-2021.10/bin/../lib/gcc/arm-none-eabi/10.3.1/../../../../arm-none-eabi/lib/thumb/v7e-m+dp/hard/crt0.o (__libc_init_array)
c:/projects/rtos_projects/tools/gcc-arm-none-eabi-10.3-2021.10/bin/../lib/gcc/arm-none-eabi/10.3.1/../../../../arm-none-eabi/lib/thumb/v7e-m+dp/hard\libc_nano.a(lib_a-memcpy-stub.o)
                              build/queue.o (memcpy)
c:/projects/rtos_projects/tools/gcc-arm-none-eabi-10.3-2021.10/bin/../lib/gcc/arm-none-eabi/10.3.1/../../../../arm-none-eabi/lib/thumb/v7e-m+dp/hard\libc_nano.a(lib_a-memset.o)
                              c:/projects/rtos_projects/tools/gcc-arm-none-eabi-10.3-2021.10/bin/../lib/gcc/arm-none-eabi/10.3.1/../../../../arm-none-eabi/lib/thumb/v7e-m+dp/hard/crt0.o (memset)
c:/projects/rtos_projects/tools/gcc-arm-none-eabi-10.3-2021.10/bin/../lib/gcc/arm-none-eabi/10.3.1/../../../../arm-none-eabi/lib/thumb/v7e-m+dp/hard\libc_nano.a(lib_a-printf.o)
                              build/main.o (printf)
c:/projects/rtos_projects/tools/gcc-arm-none-eabi-10.3-2021.10/bin/../lib/gcc/arm-none-eabi/10.3.1/../../../../arm-none-eabi/lib/thumb/v7e-m+dp/hard\libc_nano.a(lib_a-puts.o)
                              build/main.o (puts)
c:/projects/rtos_projects/tools/gcc-arm-none-eabi-10.3-2021.10/bin/../lib/gcc/arm-none-eabi/10.3.1/../../../../arm-none-eabi/lib/thumb/v7e-m+dp/hard\libc_nano.a(lib_a-reent.o)
                              build/tasks.o (_reclaim_reent)
c:/projects/rtos_projects/tools/gcc-arm-none-eabi-10.3-2021.10/bin/../lib/gcc/arm-none-eabi/10.3.1/../../../../arm-none-eabi/lib/thumb/v7e-m+dp/hard\libc_nano.a(lib_a-wbuf.o)
                              c:/projects/rtos_projects/tools/gcc-arm-none-eabi-10.3-2021.10/bin/../lib/gcc/arm-none-eabi/10.3.1/../../../../arm-none-eabi/lib/thumb/v7e-m+dp/hard\libc_nano.a(lib_a-puts.o) (__swbuf_r)
c:/projects/rtos_projects/tools/gcc-arm-none-eabi-10.3-2021.10/bin/../lib/gcc/arm-none-eabi/10.3.1/../../../../arm-none-eabi/lib/thumb/v7e-m+dp/hard\libc_nano.a(lib_a-wsetup.o)
                              c:/projects/rtos_projects/tools/gcc-arm-none-eabi-10.3-2021.10/bin/../lib/gcc/arm-none-eabi/10.3.1/../../../../arm-none-eabi/lib/thumb/v7e-m+dp/hard\libc_nano.a(lib_a-puts.o) (__swsetup_r)
c:/projects/rtos_projects/tools/gcc-arm-none-eabi-10.3-2021.10/bin/../lib/gcc/arm-none-eabi/10.3.1/../../../../arm-none-eabi/lib/thumb/v7e-m+dp/hard\libc_nano.a(lib_a-fflush.o)
                              c:/projects/rtos_projects/tools/gcc-arm-none-eabi-10.3-2021.10/bin/../lib/gcc/arm-none-eabi/10.3.1/../../../../arm-none-eabi/lib/thumb/v7e-m+dp/hard\libc_nano.a(lib_a-wbuf.o) (_fflush_r)
c:/projects/rtos_projects/tools/gcc-arm-none-eabi-10.3-2021.10/bin/../lib/gcc/arm-none-eabi/10.3.1/../../../../arm-none-eabi/lib/thumb/v7e-m+dp/hard\libc_nano.a(lib_a-findfp.o)
                              c:/projects/rtos_projects/tools/gcc-arm-none-eabi-10.3-2021.10/bin/../lib/gcc/arm-none-eabi/10.3.1/../../../../arm-none-eabi/lib/thumb/v7e-m+dp/hard\libc_nano.a(lib_a-printf.o) (__sinit)
c:/projects/rtos_projects/tools/gcc-arm-none-eabi-10.3-2021.10/bin/../lib/gcc/arm-none-eabi/10.3.1/../../../../arm-none-eabi/lib/thumb/v7e-m+dp/hard\libc_nano.a(lib_a-fwalk.o)
                              c:/projects/rtos_projects/tools/gcc-arm-none-eabi-10.3-2021.10/bin/../lib/gcc/arm-none-eabi/10.3.1/../../../../arm-none-eabi/lib/thumb/v7e-m+dp/hard\libc_nano.a(lib_a-findfp.o) (_fwalk)
c:/projects/rtos_projects/tools/gcc-arm-none-eabi-10.3-2021.10/bin/../lib/gcc/arm-none-eabi/10.3.1/../../../../arm-none-eabi/lib/thumb/v7e-m+dp/hard\libc_nano.a(lib_a-lock.o)
[...]
Memory Configuration

Name             Origin             Length             Attributes
FLASH            0x08000000         0x00100000         xr
RAM              0x20000000         0x00020000         xrw
ITCMRAM          0x00000000         0x00010000         xrw
*default*        0x00000000         0xffffffff

Linker script and memory map

LOAD c:/projects/rtos_projects/tools/gcc-arm-none-eabi-10.3-2021.10/bin/../lib/gcc/arm-none-eabi/10.3.1/thumb/v7e-m+dp/hard/crti.o
LOAD c:/projects/rtos_projects/tools/gcc-arm-none-eabi-10.3-2021.10/bin/../lib/gcc/arm-none-eabi/10.3.1/thumb/v7e-m+dp/hard/crtbegin.o
LOAD c:/projects/rtos_projects/tools/gcc-arm-none-eabi-10.3-2021.10/bin/../lib/gcc/arm-none-eabi/10.3.1/../../../../arm-none-eabi/lib/thumb/v7e-m+dp/hard/crt0.o
LOAD build/main.o
LOAD build/freertos.o
LOAD build/stm32h7xx_it.o
LOAD build/stm32h7xx_hal_msp.o
LOAD build/stm32h7xx_hal_timebase_tim.o
LOAD build/stm32h7xx_hal_cortex.o
LOAD build/stm32h7xx_hal_rcc.o
LOAD build/stm32h7xx_hal_rcc_ex.o
LOAD build/stm32h7xx_hal_flash.o
LOAD build/stm32h7xx_hal_flash_ex.o
LOAD build/stm32h7xx_hal_gpio.o
LOAD build/stm32h7xx_hal_hsem.o
LOAD build/stm32h7xx_hal_dma.o
LOAD build/stm32h7xx_hal_dma_ex.o
LOAD build/stm32h7xx_hal_mdma.o
LOAD build/stm32h7xx_hal_pwr.o
LOAD build/stm32h7xx_hal_pwr_ex.o
LOAD build/stm32h7xx_hal.o
LOAD build/stm32h7xx_hal_i2c.o
LOAD build/stm32h7xx_hal_i2c_ex.o
LOAD build/stm32h7xx_hal_exti.o
LOAD build/stm32h7xx_hal_tim.o
LOAD build/stm32h7xx_hal_tim_ex.o
LOAD build/stm32h7xx_hal_uart.o
LOAD build/stm32h7xx_hal_uart_ex.o
LOAD build/system_stm32h7xx_dualcore_boot_cm4_cm7.o
LOAD build/croutine.o
LOAD build/event_groups.o
LOAD build/list.o
LOAD build/queue.o
LOAD build/stream_buffer.o
LOAD build/tasks.o
LOAD build/timers.o
LOAD build/cmsis_os.o
LOAD build/heap_4.o
LOAD build/port.o
LOAD build/sysmem.o
LOAD build/syscalls.o
LOAD build/startup_stm32h745xx_CM7.o
LOAD c:/projects/rtos_projects/tools/gcc-arm-none-eabi-10.3-2021.10/bin/../lib/gcc/arm-none-eabi/10.3.1/../../../../arm-none-eabi/lib/thumb/v7e-m+dp/hard\libc_nano.a
LOAD c:/projects/rtos_projects/tools/gcc-arm-none-eabi-10.3-2021.10/bin/../lib/gcc/arm-none-eabi/10.3.1/../../../../arm-none-eabi/lib/thumb/v7e-m+dp/hard\libm.a
LOAD c:/projects/rtos_projects/tools/gcc-arm-none-eabi-10.3-2021.10/bin/../lib/gcc/arm-none-eabi/10.3.1/../../../../arm-none-eabi/lib/thumb/v7e-m+dp/hard\libnosys.a
START GROUP
LOAD c:/projects/rtos_projects/tools/gcc-arm-none-eabi-10.3-2021.10/bin/../lib/gcc/arm-none-eabi/10.3.1/thumb/v7e-m+dp/hard\libgcc.a
LOAD c:/projects/rtos_projects/tools/gcc-arm-none-eabi-10.3-2021.10/bin/../lib/gcc/arm-none-eabi/10.3.1/../../../../arm-none-eabi/lib/thumb/v7e-m+dp/hard\libc_nano.a
END GROUP
START GROUP
LOAD c:/projects/rtos_projects/tools/gcc-arm-none-eabi-10.3-2021.10/bin/../lib/gcc/arm-none-eabi/10.3.1/thumb/v7e-m+dp/hard\libgcc.a
LOAD c:/projects/rtos_projects/tools/gcc-arm-none-eabi-10.3-2021.10/bin/../lib/gcc/arm-none-eabi/10.3.1/../../../../arm-none-eabi/lib/thumb/v7e-m+dp/hard\libc_nano.a
END GROUP
LOAD c:/projects/rtos_projects/tools/gcc-arm-none-eabi-10.3-2021.10/bin/../lib/gcc/arm-none-eabi/10.3.1/thumb/v7e-m+dp/hard/crtend.o
LOAD c:/projects/rtos_projects/tools/gcc-arm-none-eabi-10.3-2021.10/bin/../lib/gcc/arm-none-eabi/10.3.1/thumb/v7e-m+dp/hard/crtn.o
                0x20020000                _estack = 0x20020000
                0x00000200                _Min_Heap_Size = 0x200
                0x00000400                _Min_Stack_Size = 0x400

.isr_vector     0x08000000      0x298
                0x08000000                . = ALIGN (0x4)
 *(.isr_vector)
 .isr_vector    0x08000000      0x298 build/startup_stm32h745xx_CM7.o
                0x08000000                g_pfnVectors
                0x08000298                . = ALIGN (0x4)

.text           0x080002a0     0x58ac
                0x080002a0                . = ALIGN (0x4)
 *(.text)
 .text          0x080002a0       0x40 c:/projects/rtos_projects/tools/gcc-arm-none-eabi-10.3-2021.10/bin/../lib/gcc/arm-none-eabi/10.3.1/thumb/v7e-m+dp/hard/crtbegin.o
 .text          0x080002e0       0xa0 c:/projects/rtos_projects/tools/gcc-arm-none-eabi-10.3-2021.10/bin/../lib/gcc/arm-none-eabi/10.3.1/../../../../arm-none-eabi/lib/thumb/v7e-m+dp/hard\libc_nano.a(lib_a-memchr.o)
                0x080002e0                memchr
 .text          0x08000380       0x30 c:/projects/rtos_projects/tools/gcc-arm-none-eabi-10.3-2021.10/bin/../lib/gcc/arm-none-eabi/10.3.1/thumb/v7e-m+dp/hard\libgcc.a(_aeabi_uldivmod.o)
                0x08000380                __aeabi_uldivmod
 .text          0x080003b0      0x2d0 c:/projects/rtos_projects/tools/gcc-arm-none-eabi-10.3-2021.10/bin/../lib/gcc/arm-none-eabi/10.3.1/thumb/v7e-m+dp/hard\libgcc.a(_udivmoddi4.o)
                0x080003b0                __udivmoddi4
 .text          0x08000680        0x4 c:/projects/rtos_projects/tools/gcc-arm-none-eabi-10.3-2021.10/bin/../lib/gcc/arm-none-eabi/10.3.1/thumb/v7e-m+dp/hard\libgcc.a(_dvmd_tls.o)
                0x08000680                __aeabi_idiv0
                0x08000680                __aeabi_ldiv0
 *(.text*)
 .text.StartDefaultTask
                0x08000684        0x2 build/main.o
                0x08000684                StartDefaultTask
 *fill*         0x08000686        0x2 
 .text.StartTask2
                0x08000688       0x1c build/main.o
                0x08000688                StartTask2
 .text.MX_GPIO_Init
                0x080006a4       0xbc build/main.o
 .text.StartTask1
                0x08000760       0x30 build/main.o
                0x08000760                StartTask1
 .text._write   0x08000790       0x18 build/main.o
                0x08000790                _write
 .text.HAL_TIM_PeriodElapsedCallback
                0x080007a8       0x18 build/main.o
                0x080007a8                HAL_TIM_PeriodElapsedCallback
 .text.Error_Handler
                0x080007c0       0x20 build/main.o
                0x080007c0                Error_Handler
 .text.MX_USART3_UART_Init
                0x080007e0       0x60 build/main.o
 .text.SystemClock_Config
                0x08000840       0xc4 build/main.o
                0x08000840                SystemClock_Config
 .text.main     0x08000904       0xd0 build/main.o
                0x08000904                main
 .text.vApplicationGetIdleTaskMemory
                0x080009d4       0x18 build/freertos.o
                0x080009d4                vApplicationGetIdleTaskMemory
 .text.NMI_Handler
                0x080009ec        0x2 build/stm32h7xx_it.o
                0x080009ec                NMI_Handler
 .text.HardFault_Handler
                0x080009ee        0x2 build/stm32h7xx_it.o
                0x080009ee                HardFault_Handler
 .text.MemManage_Handler
                0x080009f0        0x2 build/stm32h7xx_it.o
                0x080009f0                MemManage_Handler
 .text.BusFault_Handler
                0x080009f2        0x2 build/stm32h7xx_it.o
                0x080009f2                BusFault_Handler
 .text.UsageFault_Handler
                0x080009f4        0x2 build/stm32h7xx_it.o
                0x080009f4                UsageFault_Handler
 .text.DebugMon_Handler
                0x080009f6        0x2 build/stm32h7xx_it.o
                0x080009f6                DebugMon_Handler
 .text.TIM6_DAC_IRQHandler
                0x080009f8       0x10 build/stm32h7xx_it.o
                0x080009f8                TIM6_DAC_IRQHandler
 .text.HAL_MspInit
                0x08000a08       0x34 build/stm32h7xx_hal_msp.o
                0x08000a08                HAL_MspInit
 .text.HAL_UART_MspInit
                0x08000a3c       0x98 build/stm32h7xx_hal_msp.o
                0x08000a3c                HAL_UART_MspInit
 .text.HAL_InitTick
                0x08000ad4       0x9c build/stm32h7xx_hal_timebase_tim.o
                0x08000ad4                HAL_InitTick
 .text.HAL_NVIC_SetPriorityGrouping
                0x08000b70       0x24 build/stm32h7xx_hal_cortex.o
                0x08000b70                HAL_NVIC_SetPriorityGrouping
 .text.HAL_NVIC_SetPriority
                0x08000b94       0x6c build/stm32h7xx_hal_cortex.o
                0x08000b94                HAL_NVIC_SetPriority
 .text.HAL_NVIC_EnableIRQ
                0x08000c00       0x1c build/stm32h7xx_hal_cortex.o
                0x08000c00                HAL_NVIC_EnableIRQ
 .text.HAL_RCC_OscConfig
                0x08000c1c      0x6b4 build/stm32h7xx_hal_rcc.o
                0x08000c1c                HAL_RCC_OscConfig
 .text.HAL_RCC_GetSysClockFreq
                0x080012d0      0x1f4 build/stm32h7xx_hal_rcc.o
                0x080012d0                HAL_RCC_GetSysClockFreq
 .text.HAL_RCC_ClockConfig
                0x080014c4      0x294 build/stm32h7xx_hal_rcc.o
                0x080014c4                HAL_RCC_ClockConfig
 .text.HAL_RCC_GetHCLKFreq
                0x08001758       0x44 build/stm32h7xx_hal_rcc.o
                0x08001758                HAL_RCC_GetHCLKFreq
 .text.HAL_RCC_GetPCLK1Freq
                0x0800179c       0x24 build/stm32h7xx_hal_rcc.o
                0x0800179c                HAL_RCC_GetPCLK1Freq
 .text.HAL_RCC_GetPCLK2Freq
                0x080017c0       0x24 build/stm32h7xx_hal_rcc.o
                0x080017c0                HAL_RCC_GetPCLK2Freq
 .text.HAL_RCC_GetClockConfig
                0x080017e4       0x54 build/stm32h7xx_hal_rcc.o
                0x080017e4                HAL_RCC_GetClockConfig
 .text.RCCEx_PLL2_Config
                0x08001838      0x10c build/stm32h7xx_hal_rcc_ex.o
 .text.RCCEx_PLL3_Config
                0x08001944      0x10c build/stm32h7xx_hal_rcc_ex.o
 .text.HAL_RCCEx_PeriphCLKConfig
                0x08001a50      0xa8c build/stm32h7xx_hal_rcc_ex.o
                0x08001a50                HAL_RCCEx_PeriphCLKConfig
 .text.HAL_RCCEx_GetD3PCLK1Freq
                0x080024dc       0x24 build/stm32h7xx_hal_rcc_ex.o
                0x080024dc                HAL_RCCEx_GetD3PCLK1Freq
 .text.HAL_RCCEx_GetPLL2ClockFreq
                0x08002500      0x1f8 build/stm32h7xx_hal_rcc_ex.o
                0x08002500                HAL_RCCEx_GetPLL2ClockFreq
 .text.HAL_RCCEx_GetPLL3ClockFreq
                0x080026f8      0x1f8 build/stm32h7xx_hal_rcc_ex.o
                0x080026f8                HAL_RCCEx_GetPLL3ClockFreq
 .text.HAL_GPIO_Init
                0x080028f0      0x220 build/stm32h7xx_hal_gpio.o
                0x080028f0                HAL_GPIO_Init
 .text.HAL_GPIO_WritePin
                0x08002b10        0xc build/stm32h7xx_hal_gpio.o
                0x08002b10                HAL_GPIO_WritePin
 .text.HAL_GPIO_TogglePin
                0x08002b1c       0x12 build/stm32h7xx_hal_gpio.o
                0x08002b1c                HAL_GPIO_TogglePin
 *fill*         0x08002b2e        0x2 
 .text.HAL_PWREx_ConfigSupply
                0x08002b30       0x94 build/stm32h7xx_hal_pwr_ex.o
                0x08002b30                HAL_PWREx_ConfigSupply
 .text.HAL_Init
                0x08002bc4       0x5c build/stm32h7xx_hal.o
                0x08002bc4                HAL_Init
 .text.HAL_IncTick
                0x08002c20       0x18 build/stm32h7xx_hal.o
                0x08002c20                HAL_IncTick
 .text.HAL_GetTick
                0x08002c38        0xc build/stm32h7xx_hal.o
                0x08002c38                HAL_GetTick
 .text.HAL_Delay
                0x08002c44       0x28 build/stm32h7xx_hal.o
                0x08002c44                HAL_Delay
 .text.HAL_GetREVID
                0x08002c6c        0xc build/stm32h7xx_hal.o
                0x08002c6c                HAL_GetREVID
 .text.HAL_TIM_Base_MspInit
                0x08002c78        0x2 build/stm32h7xx_hal_tim.o
                0x08002c78                HAL_TIM_Base_MspInit
 *fill*         0x08002c7a        0x2 
 .text.HAL_TIM_Base_Start_IT
                0x08002c7c       0x90 build/stm32h7xx_hal_tim.o
                0x08002c7c                HAL_TIM_Base_Start_IT
 .text.HAL_TIM_OC_DelayElapsedCallback
                0x08002d0c        0x2 build/stm32h7xx_hal_tim.o
                0x08002d0c                HAL_TIM_OC_DelayElapsedCallback
 .text.HAL_TIM_IC_CaptureCallback
                0x08002d0e        0x2 build/stm32h7xx_hal_tim.o
                0x08002d0e                HAL_TIM_IC_CaptureCallback
 .text.HAL_TIM_PWM_PulseFinishedCallback
                0x08002d10        0x2 build/stm32h7xx_hal_tim.o
                0x08002d10                HAL_TIM_PWM_PulseFinishedCallback
 .text.HAL_TIM_TriggerCallback
                0x08002d12        0x2 build/stm32h7xx_hal_tim.o
                0x08002d12                HAL_TIM_TriggerCallback
 .text.HAL_TIM_IRQHandler
                0x08002d14      0x17a build/stm32h7xx_hal_tim.o
                0x08002d14                HAL_TIM_IRQHandler
 *fill*         0x08002e8e        0x2 
 .text.TIM_Base_SetConfig
                0x08002e90      0x114 build/stm32h7xx_hal_tim.o
                0x08002e90                TIM_Base_SetConfig
 .text.HAL_TIM_Base_Init
                0x08002fa4       0x60 build/stm32h7xx_hal_tim.o
                0x08002fa4                HAL_TIM_Base_Init
 .text.HAL_TIMEx_CommutCallback
                0x08003004        0x2 build/stm32h7xx_hal_tim_ex.o
                0x08003004                HAL_TIMEx_CommutCallback
 .text.HAL_TIMEx_BreakCallback
                0x08003006        0x2 build/stm32h7xx_hal_tim_ex.o
                0x08003006                HAL_TIMEx_BreakCallback
 .text.HAL_TIMEx_Break2Callback
                0x08003008        0x2 build/stm32h7xx_hal_tim_ex.o
                0x08003008                HAL_TIMEx_Break2Callback
 *fill*         0x0800300a        0x2 
 .text.UART_EndRxTransfer
                0x0800300c       0x58 build/stm32h7xx_hal_uart.o
 .text.UART_SetConfig
                0x08003064      0x5f4 build/stm32h7xx_hal_uart.o
                0x08003064                UART_SetConfig
 .text.UART_AdvFeatureConfig
                0x08003658       0xca build/stm32h7xx_hal_uart.o
                0x08003658                UART_AdvFeatureConfig
 .text.UART_WaitOnFlagUntilTimeout
                0x08003722       0xaa build/stm32h7xx_hal_uart.o
                0x08003722                UART_WaitOnFlagUntilTimeout
 .text.HAL_UART_Transmit
                0x080037cc       0xd0 build/stm32h7xx_hal_uart.o
                0x080037cc                HAL_UART_Transmit
 .text.UART_CheckIdleState
                0x0800389c       0xca build/stm32h7xx_hal_uart.o
                0x0800389c                UART_CheckIdleState
 .text.HAL_UART_Init
                0x08003966       0x66 build/stm32h7xx_hal_uart.o
                0x08003966                HAL_UART_Init
 .text.UARTEx_SetNbDataToProcess
                0x080039cc       0x4c build/stm32h7xx_hal_uart_ex.o
 .text.HAL_UARTEx_DisableFifoMode
                0x08003a18       0x3e build/stm32h7xx_hal_uart_ex.o
                0x08003a18                HAL_UARTEx_DisableFifoMode
 .text.HAL_UARTEx_SetTxFifoThreshold
                0x08003a56       0x4a build/stm32h7xx_hal_uart_ex.o
                0x08003a56                HAL_UARTEx_SetTxFifoThreshold
 .text.HAL_UARTEx_SetRxFifoThreshold
                0x08003aa0       0x4a build/stm32h7xx_hal_uart_ex.o
                0x08003aa0                HAL_UARTEx_SetRxFifoThreshold
 *fill*         0x08003aea        0x2 
 .text.SystemInit
                0x08003aec       0xe4 build/system_stm32h7xx_dualcore_boot_cm4_cm7.o
                0x08003aec                SystemInit
 .text.vListInitialise
                0x08003bd0       0x16 build/list.o
                0x08003bd0                vListInitialise
 .text.vListInitialiseItem
                0x08003be6        0x6 build/list.o
                0x08003be6                vListInitialiseItem
 .text.vListInsertEnd
                0x08003bec       0x16 build/list.o
                0x08003bec                vListInsertEnd
 .text.uxListRemove
                0x08003c02       0x26 build/list.o
                0x08003c02                uxListRemove
 .text.prvResetNextTaskUnblockTime
                0x08003c28       0x2c build/tasks.o
 .text.prvInitialiseNewTask
                0x08003c54       0xfe build/tasks.o
 *fill*         0x08003d52        0x2 
 .text.prvInitialiseTaskLists
                0x08003d54       0x68 build/tasks.o
 .text.prvAddNewTaskToReadyList
                0x08003dbc       0xa8 build/tasks.o
 .text.prvDeleteTCB
                0x08003e64       0x40 build/tasks.o
 .text.prvCheckTasksWaitingTermination
                0x08003ea4       0x4c build/tasks.o
 .text.prvIdleTask
                0x08003ef0       0x28 build/tasks.o
 .text.xTaskCreateStatic
                0x08003f18       0x7a build/tasks.o
                0x08003f18                xTaskCreateStatic
 .text.xTaskCreate
                0x08003f92       0x6a build/tasks.o
                0x08003f92                xTaskCreate
 .text.vTaskStartScheduler
                0x08003ffc       0x84 build/tasks.o
                0x08003ffc                vTaskStartScheduler
 .text.vTaskSuspendAll
                0x08004080       0x10 build/tasks.o
                0x08004080                vTaskSuspendAll
 .text.xTaskIncrementTick
                0x08004090      0x118 build/tasks.o
                0x08004090                xTaskIncrementTick
 .text.xTaskResumeAll
                0x080041a8       0xf8 build/tasks.o
                0x080041a8                xTaskResumeAll
 .text.vTaskSwitchContext
                0x080042a0       0xa4 build/tasks.o
                0x080042a0                vTaskSwitchContext
 .text.makeFreeRtosPriority
                0x08004344        0xc build/cmsis_os.o
 .text.osKernelStart
                0x08004350        0xa build/cmsis_os.o
                0x08004350                osKernelStart
 .text.osThreadCreate
                0x0800435a       0x6a build/cmsis_os.o
                0x0800435a                osThreadCreate
 .text.prvHeapInit
                0x080043c4       0x64 build/heap_4.o
 .text.prvInsertBlockIntoFreeList
                0x08004428       0x64 build/heap_4.o
 .text.pvPortMalloc
                0x0800448c       0xfc build/heap_4.o
                0x0800448c                pvPortMalloc
 .text.vPortFree
                0x08004588       0x7c build/heap_4.o
                0x08004588                vPortFree
 .text.prvTaskExitError
                0x08004604       0x40 build/port.o
 .text.prvPortStartFirstTask
                0x08004644       0x28 build/port.o
 .text.vPortEnableVFP
                0x0800466c       0x14 build/port.o
 .text.pxPortInitialiseStack
                0x08004680       0x2c build/port.o
                0x08004680                pxPortInitialiseStack
 *fill*         0x080046ac        0x4 
 .text.SVC_Handler
                0x080046b0       0x24 build/port.o
                0x080046b0                SVC_Handler
 .text.vPortEnterCritical
                0x080046d4       0x44 build/port.o
                0x080046d4                vPortEnterCritical
 .text.vPortExitCritical
                0x08004718       0x2c build/port.o
                0x08004718                vPortExitCritical
 *fill*         0x08004744        0xc 
 .text.PendSV_Handler
                0x08004750       0x64 build/port.o
                0x08004750                PendSV_Handler
 .text.SysTick_Handler
                0x080047b4       0x2c build/port.o
                0x080047b4                SysTick_Handler
 .text.vPortSetupTimerInterrupt
                0x080047e0       0x28 build/port.o
                0x080047e0                vPortSetupTimerInterrupt
 .text.xPortStartScheduler
                0x08004808      0x118 build/port.o
                0x08004808                xPortStartScheduler
 .text._sbrk    0x08004920       0x48 build/sysmem.o
                0x08004920                _sbrk
 .text._read    0x08004968       0x20 build/syscalls.o
                0x08004968                _read
 .text._close   0x08004988        0x6 build/syscalls.o
                0x08004988                _close
 .text._fstat   0x0800498e        0xa build/syscalls.o
                0x0800498e                _fstat
 .text._isatty  0x08004998        0x4 build/syscalls.o
                0x08004998                _isatty
 .text._lseek   0x0800499c        0x4 build/syscalls.o
                0x0800499c                _lseek
 .text.Reset_Handler
                0x080049a0       0x50 build/startup_stm32h745xx_CM7.o
                0x080049a0                Reset_Handler
 .text.Default_Handler
                0x080049f0        0x2 build/startup_stm32h745xx_CM7.o
                0x080049f0                RTC_Alarm_IRQHandler
                0x080049f0                EXTI2_IRQHandler
                0x080049f0                TIM8_CC_IRQHandler
                0x080049f0                HRTIM1_Master_IRQHandler
                0x080049f0                UART8_IRQHandler
                0x080049f0                SPI4_IRQHandler
                0x080049f0                TIM1_CC_IRQHandler
                0x080049f0                BDMA_Channel6_IRQHandler
                0x080049f0                DMA2_Stream5_IRQHandler
                0x080049f0                HRTIM1_FLT_IRQHandler
                0x080049f0                JPEG_IRQHandler
                0x080049f0                DMA1_Stream5_IRQHandler
                0x080049f0                BDMA_Channel1_IRQHandler
                0x080049f0                HRTIM1_TIMD_IRQHandler
                0x080049f0                TAMP_STAMP_IRQHandler
                0x080049f0                EXTI3_IRQHandler
                0x080049f0                LPTIM4_IRQHandler
                0x080049f0                TIM8_TRG_COM_TIM14_IRQHandler
                0x080049f0                LPTIM2_IRQHandler
                0x080049f0                DFSDM1_FLT1_IRQHandler
                0x080049f0                DMAMUX2_OVR_IRQHandler
                0x080049f0                TIM8_UP_TIM13_IRQHandler
                0x080049f0                I2C3_ER_IRQHandler
                0x080049f0                DFSDM1_FLT2_IRQHandler
                0x080049f0                MDMA_IRQHandler
                0x080049f0                LPTIM3_IRQHandler
                0x080049f0                HSEM1_IRQHandler
                0x080049f0                EXTI0_IRQHandler
                0x080049f0                I2C2_EV_IRQHandler
                0x080049f0                DMA1_Stream2_IRQHandler
                0x080049f0                FPU_IRQHandler
                0x080049f0                OTG_HS_WKUP_IRQHandler
                0x080049f0                FDCAN1_IT1_IRQHandler
                0x080049f0                LTDC_ER_IRQHandler
                0x080049f0                DMA2_Stream2_IRQHandler
                0x080049f0                HRTIM1_TIME_IRQHandler
                0x080049f0                SPI1_IRQHandler
                0x080049f0                DCMI_IRQHandler
                0x080049f0                HRTIM1_TIMC_IRQHandler
                0x080049f0                DMA2_Stream3_IRQHandler
                0x080049f0                SAI2_IRQHandler
                0x080049f0                DFSDM1_FLT3_IRQHandler
                0x080049f0                USART6_IRQHandler
                0x080049f0                TIM17_IRQHandler
                0x080049f0                USART3_IRQHandler
                0x080049f0                BDMA_Channel7_IRQHandler
                0x080049f0                LPTIM5_IRQHandler
                0x080049f0                UART5_IRQHandler
                0x080049f0                ADC3_IRQHandler
                0x080049f0                DMA2_Stream0_IRQHandler
                0x080049f0                TIM4_IRQHandler
                0x080049f0                BDMA_Channel2_IRQHandler
                0x080049f0                QUADSPI_IRQHandler
                0x080049f0                I2C1_EV_IRQHandler
                0x080049f0                DMA1_Stream6_IRQHandler
                0x080049f0                DMAMUX1_OVR_IRQHandler
                0x080049f0                DMA1_Stream1_IRQHandler
                0x080049f0                TIM16_IRQHandler
                0x080049f0                UART4_IRQHandler
                0x080049f0                BDMA_Channel5_IRQHandler
                0x080049f0                TIM3_IRQHandler
                0x080049f0                RCC_IRQHandler
                0x080049f0                TIM8_BRK_TIM12_IRQHandler
                0x080049f0                TIM1_TRG_COM_IRQHandler
                0x080049f0                Default_Handler
                0x080049f0                ECC_IRQHandler
                0x080049f0                CEC_IRQHandler
                0x080049f0                EXTI15_10_IRQHandler
                0x080049f0                BDMA_Channel0_IRQHandler
                0x080049f0                ADC_IRQHandler
                0x080049f0                DMA1_Stream7_IRQHandler
                0x080049f0                HRTIM1_TIMA_IRQHandler
                0x080049f0                SPI5_IRQHandler
                0x080049f0                TIM7_IRQHandler
                0x080049f0                SDMMC1_IRQHandler
                0x080049f0                TIM5_IRQHandler
                0x080049f0                DMA2_Stream7_IRQHandler
                0x080049f0                TIM15_IRQHandler
                0x080049f0                PVD_AVD_IRQHandler
                0x080049f0                I2C3_EV_IRQHandler
                0x080049f0                EXTI9_5_IRQHandler
                0x080049f0                RTC_WKUP_IRQHandler
                0x080049f0                LTDC_IRQHandler
                0x080049f0                SAI3_IRQHandler
                0x080049f0                ETH_WKUP_IRQHandler
                0x080049f0                SPDIF_RX_IRQHandler
                0x080049f0                SPI2_IRQHandler
                0x080049f0                OTG_HS_EP1_IN_IRQHandler
                0x080049f0                DMA1_Stream0_IRQHandler
                0x080049f0                CRS_IRQHandler
                0x080049f0                CM7_SEV_IRQHandler
                0x080049f0                EXTI4_IRQHandler
                0x080049f0                RNG_IRQHandler
                0x080049f0                CM4_SEV_IRQHandler
                0x080049f0                HRTIM1_TIMB_IRQHandler
                0x080049f0                FDCAN2_IT1_IRQHandler
                0x080049f0                ETH_IRQHandler
                0x080049f0                TIM1_UP_IRQHandler
                0x080049f0                WWDG_RST_IRQHandler
                0x080049f0                BDMA_Channel4_IRQHandler
                0x080049f0                OTG_HS_EP1_OUT_IRQHandler
                0x080049f0                WWDG_IRQHandler
                0x080049f0                SPI6_IRQHandler
                0x080049f0                MDIOS_IRQHandler
                0x080049f0                I2C4_EV_IRQHandler
                0x080049f0                FDCAN2_IT0_IRQHandler
                0x080049f0                LPUART1_IRQHandler
                0x080049f0                FDCAN1_IT0_IRQHandler
                0x080049f0                TIM2_IRQHandler
                0x080049f0                OTG_FS_WKUP_IRQHandler
                0x080049f0                OTG_HS_IRQHandler
                0x080049f0                HSEM2_IRQHandler
                0x080049f0                DMA2D_IRQHandler
                0x080049f0                TIM1_BRK_IRQHandler
                0x080049f0                EXTI1_IRQHandler
                0x080049f0                SDMMC2_IRQHandler
                0x080049f0                OTG_FS_EP1_OUT_IRQHandler
                0x080049f0                BDMA_Channel3_IRQHandler
                0x080049f0                HOLD_CORE_IRQHandler
                0x080049f0                UART7_IRQHandler
                0x080049f0                MDIOS_WKUP_IRQHandler
                0x080049f0                USART2_IRQHandler
                0x080049f0                DFSDM1_FLT0_IRQHandler
                0x080049f0                SAI4_IRQHandler
                0x080049f0                I2C2_ER_IRQHandler
                0x080049f0                DMA2_Stream1_IRQHandler
                0x080049f0                FLASH_IRQHandler
                0x080049f0                DMA2_Stream4_IRQHandler
                0x080049f0                USART1_IRQHandler
                0x080049f0                OTG_FS_IRQHandler
                0x080049f0                SPI3_IRQHandler
                0x080049f0                WAKEUP_PIN_IRQHandler
                0x080049f0                DMA1_Stream4_IRQHandler
                0x080049f0                OTG_FS_EP1_IN_IRQHandler
                0x080049f0                I2C1_ER_IRQHandler
                0x080049f0                FMC_IRQHandler
                0x080049f0                FDCAN_CAL_IRQHandler
                0x080049f0                SWPMI1_IRQHandler
                0x080049f0                COMP1_IRQHandler
                0x080049f0                LPTIM1_IRQHandler
                0x080049f0                I2C4_ER_IRQHandler
                0x080049f0                DMA2_Stream6_IRQHandler
                0x080049f0                SAI1_IRQHandler
                0x080049f0                DMA1_Stream3_IRQHandler
 *fill*         0x080049f2        0x2 
 .text.__errno  0x080049f4        0xc c:/projects/rtos_projects/tools/gcc-arm-none-eabi-10.3-2021.10/bin/../lib/gcc/arm-none-eabi/10.3.1/../../../../arm-none-eabi/lib/thumb/v7e-m+dp/hard\libc_nano.a(lib_a-errno.o)
                0x080049f4                __errno
 .text.__libc_init_array
                0x08004a00       0x48 c:/projects/rtos_projects/tools/gcc-arm-none-eabi-10.3-2021.10/bin/../lib/gcc/arm-none-eabi/10.3.1/../../../../arm-none-eabi/lib/thumb/v7e-m+dp/hard\libc_nano.a(lib_a-init.o)
                0x08004a00                __libc_init_array
 .text.memset   0x08004a48       0x10 c:/projects/rtos_projects/tools/gcc-arm-none-eabi-10.3-2021.10/bin/../lib/gcc/arm-none-eabi/10.3.1/../../../../arm-none-eabi/lib/thumb/v7e-m+dp/hard\libc_nano.a(lib_a-memset.o)
                0x08004a48                memset
 .text.printf   0x08004a58       0x30 c:/projects/rtos_projects/tools/gcc-arm-none-eabi-10.3-2021.10/bin/../lib/gcc/arm-none-eabi/10.3.1/../../../../arm-none-eabi/lib/thumb/v7e-m+dp/hard\libc_nano.a(lib_a-printf.o)
                0x08004a58                iprintf
                0x08004a58                printf
 .text._puts_r  0x08004a88       0xdc c:/projects/rtos_projects/tools/gcc-arm-none-eabi-10.3-2021.10/bin/../lib/gcc/arm-none-eabi/10.3.1/../../../../arm-none-eabi/lib/thumb/v7e-m+dp/hard\libc_nano.a(lib_a-puts.o)
                0x08004a88                _puts_r
 .text.puts     0x08004b64       0x10 c:/projects/rtos_projects/tools/gcc-arm-none-eabi-10.3-2021.10/bin/../lib/gcc/arm-none-eabi/10.3.1/../../../../arm-none-eabi/lib/thumb/v7e-m+dp/hard\libc_nano.a(lib_a-puts.o)
                0x08004b64                puts
 .text.cleanup_glue
                0x08004b74       0x1a c:/projects/rtos_projects/tools/gcc-arm-none-eabi-10.3-2021.10/bin/../lib/gcc/arm-none-eabi/10.3.1/../../../../arm-none-eabi/lib/thumb/v7e-m+dp/hard\libc_nano.a(lib_a-reent.o)
                0x08004b74                cleanup_glue
 *fill*         0x08004b8e        0x2 
 .text._reclaim_reent
                0x08004b90       0xb8 c:/projects/rtos_projects/tools/gcc-arm-none-eabi-10.3-2021.10/bin/../lib/gcc/arm-none-eabi/10.3.1/../../../../arm-none-eabi/lib/thumb/v7e-m+dp/hard\libc_nano.a(lib_a-reent.o)
                0x08004b90                _reclaim_reent
 .text.__swbuf_r
                0x08004c48       0xa4 c:/projects/rtos_projects/tools/gcc-arm-none-eabi-10.3-2021.10/bin/../lib/gcc/arm-none-eabi/10.3.1/../../../../arm-none-eabi/lib/thumb/v7e-m+dp/hard\libc_nano.a(lib_a-wbuf.o)
                0x08004c48                __swbuf_r
 .text.__swsetup_r
                0x08004cec       0xdc c:/projects/rtos_projects/tools/gcc-arm-none-eabi-10.3-2021.10/bin/../lib/gcc/arm-none-eabi/10.3.1/../../../../arm-none-eabi/lib/thumb/v7e-m+dp/hard\libc_nano.a(lib_a-wsetup.o)
                0x08004cec                __swsetup_r
 .text.__sflush_r
                0x08004dc8      0x10c c:/projects/rtos_projects/tools/gcc-arm-none-eabi-10.3-2021.10/bin/../lib/gcc/arm-none-eabi/10.3.1/../../../../arm-none-eabi/lib/thumb/v7e-m+dp/hard\libc_nano.a(lib_a-fflush.o)
                0x08004dc8                __sflush_r
 .text._fflush_r
                0x08004ed4       0x78 c:/projects/rtos_projects/tools/gcc-arm-none-eabi-10.3-2021.10/bin/../lib/gcc/arm-none-eabi/10.3.1/../../../../arm-none-eabi/lib/thumb/v7e-m+dp/hard\libc_nano.a(lib_a-fflush.o)
                0x08004ed4                _fflush_r
 .text.std      0x08004f4c       0x48 c:/projects/rtos_projects/tools/gcc-arm-none-eabi-10.3-2021.10/bin/../lib/gcc/arm-none-eabi/10.3.1/../../../../arm-none-eabi/lib/thumb/v7e-m+dp/hard\libc_nano.a(lib_a-findfp.o)
 .text._cleanup_r
                0x08004f94        0xc c:/projects/rtos_projects/tools/gcc-arm-none-eabi-10.3-2021.10/bin/../lib/gcc/arm-none-eabi/10.3.1/../../../../arm-none-eabi/lib/thumb/v7e-m+dp/hard\libc_nano.a(lib_a-findfp.o)
                0x08004f94                _cleanup_r
 .text.__sfmoreglue
                0x08004fa0       0x2c c:/projects/rtos_projects/tools/gcc-arm-none-eabi-10.3-2021.10/bin/../lib/gcc/arm-none-eabi/10.3.1/../../../../arm-none-eabi/lib/thumb/v7e-m+dp/hard\libc_nano.a(lib_a-findfp.o)
                0x08004fa0                __sfmoreglue
 .text.__sfp_lock_acquire
                0x08004fcc        0xc c:/projects/rtos_projects/tools/gcc-arm-none-eabi-10.3-2021.10/bin/../lib/gcc/arm-none-eabi/10.3.1/../../../../arm-none-eabi/lib/thumb/v7e-m+dp/hard\libc_nano.a(lib_a-findfp.o)
                0x08004fcc                __sfp_lock_acquire
 .text.__sfp_lock_release
                0x08004fd8        0xc c:/projects/rtos_projects/tools/gcc-arm-none-eabi-10.3-2021.10/bin/../lib/gcc/arm-none-eabi/10.3.1/../../../../arm-none-eabi/lib/thumb/v7e-m+dp/hard\libc_nano.a(lib_a-findfp.o)
                0x08004fd8                __sfp_lock_release
 .text.__sinit_lock_acquire
                0x08004fe4        0xc c:/projects/rtos_projects/tools/gcc-arm-none-eabi-10.3-2021.10/bin/../lib/gcc/arm-none-eabi/10.3.1/../../../../arm-none-eabi/lib/thumb/v7e-m+dp/hard\libc_nano.a(lib_a-findfp.o)
                0x08004fe4                __sinit_lock_acquire
 .text.__sinit_lock_release
                0x08004ff0        0xc c:/projects/rtos_projects/tools/gcc-arm-none-eabi-10.3-2021.10/bin/../lib/gcc/arm-none-eabi/10.3.1/../../../../arm-none-eabi/lib/thumb/v7e-m+dp/hard\libc_nano.a(lib_a-findfp.o)
                0x08004ff0                __sinit_lock_release
 .text.__sinit  0x08004ffc       0x70 c:/projects/rtos_projects/tools/gcc-arm-none-eabi-10.3-2021.10/bin/../lib/gcc/arm-none-eabi/10.3.1/../../../../arm-none-eabi/lib/thumb/v7e-m+dp/hard\libc_nano.a(lib_a-findfp.o)
                0x08004ffc                __sinit
 .text.__sfp    0x0800506c       0x8c c:/projects/rtos_projects/tools/gcc-arm-none-eabi-10.3-2021.10/bin/../lib/gcc/arm-none-eabi/10.3.1/../../../../arm-none-eabi/lib/thumb/v7e-m+dp/hard\libc_nano.a(lib_a-findfp.o)
                0x0800506c                __sfp
 .text._fwalk_reent
                0x080050f8       0x3e c:/projects/rtos_projects/tools/gcc-arm-none-eabi-10.3-2021.10/bin/../lib/gcc/arm-none-eabi/10.3.1/../../../../arm-none-eabi/lib/thumb/v7e-m+dp/hard\libc_nano.a(lib_a-fwalk.o)
                0x080050f8                _fwalk_reent
 .text.__retarget_lock_init_recursive
                0x08005136        0x2 c:/projects/rtos_projects/tools/gcc-arm-none-eabi-10.3-2021.10/bin/../lib/gcc/arm-none-eabi/10.3.1/../../../../arm-none-eabi/lib/thumb/v7e-m+dp/hard\libc_nano.a(lib_a-lock.o)
                0x08005136                __retarget_lock_init_recursive
 .text.__retarget_lock_acquire_recursive
                0x08005138        0x2 c:/projects/rtos_projects/tools/gcc-arm-none-eabi-10.3-2021.10/bin/../lib/gcc/arm-none-eabi/10.3.1/../../../../arm-none-eabi/lib/thumb/v7e-m+dp/hard\libc_nano.a(lib_a-lock.o)
                0x08005138                __retarget_lock_acquire_recursive
 .text.__retarget_lock_release_recursive
                0x0800513a        0x2 c:/projects/rtos_projects/tools/gcc-arm-none-eabi-10.3-2021.10/bin/../lib/gcc/arm-none-eabi/10.3.1/../../../../arm-none-eabi/lib/thumb/v7e-m+dp/hard\libc_nano.a(lib_a-lock.o)
                0x0800513a                __retarget_lock_release_recursive
 .text.__swhatbuf_r
                0x0800513c       0x4a c:/projects/rtos_projects/tools/gcc-arm-none-eabi-10.3-2021.10/bin/../lib/gcc/arm-none-eabi/10.3.1/../../../../arm-none-eabi/lib/thumb/v7e-m+dp/hard\libc_nano.a(lib_a-makebuf.o)
                0x0800513c                __swhatbuf_r
 *fill*         0x08005186        0x2 
 .text.__smakebuf_r
                0x08005188       0x80 c:/projects/rtos_projects/tools/gcc-arm-none-eabi-10.3-2021.10/bin/../lib/gcc/arm-none-eabi/10.3.1/../../../../arm-none-eabi/lib/thumb/v7e-m+dp/hard\libc_nano.a(lib_a-makebuf.o)
                0x08005188                __smakebuf_r
 .text._free_r  0x08005208       0x98 c:/projects/rtos_projects/tools/gcc-arm-none-eabi-10.3-2021.10/bin/../lib/gcc/arm-none-eabi/10.3.1/../../../../arm-none-eabi/lib/thumb/v7e-m+dp/hard\libc_nano.a(lib_a-nano-freer.o)
                0x08005208                _free_r
 .text.sbrk_aligned
                0x080052a0       0x40 c:/projects/rtos_projects/tools/gcc-arm-none-eabi-10.3-2021.10/bin/../lib/gcc/arm-none-eabi/10.3.1/../../../../arm-none-eabi/lib/thumb/v7e-m+dp/hard\libc_nano.a(lib_a-nano-mallocr.o)
 .text._malloc_r
                0x080052e0       0xe8 c:/projects/rtos_projects/tools/gcc-arm-none-eabi-10.3-2021.10/bin/../lib/gcc/arm-none-eabi/10.3.1/../../../../arm-none-eabi/lib/thumb/v7e-m+dp/hard\libc_nano.a(lib_a-nano-mallocr.o)
                0x080052e0                _malloc_r
 .text.__sfputc_r
                0x080053c8       0x2e c:/projects/rtos_projects/tools/gcc-arm-none-eabi-10.3-2021.10/bin/../lib/gcc/arm-none-eabi/10.3.1/../../../../arm-none-eabi/lib/thumb/v7e-m+dp/hard\libc_nano.a(lib_a-nano-vfprintf.o)
 .text.__sfputs_r
                0x080053f6       0x24 c:/projects/rtos_projects/tools/gcc-arm-none-eabi-10.3-2021.10/bin/../lib/gcc/arm-none-eabi/10.3.1/../../../../arm-none-eabi/lib/thumb/v7e-m+dp/hard\libc_nano.a(lib_a-nano-vfprintf.o)
                0x080053f6                __sfputs_r
 *fill*         0x0800541a        0x2 
 .text._vfprintf_r
                0x0800541c      0x260 c:/projects/rtos_projects/tools/gcc-arm-none-eabi-10.3-2021.10/bin/../lib/gcc/arm-none-eabi/10.3.1/../../../../arm-none-eabi/lib/thumb/v7e-m+dp/hard\libc_nano.a(lib_a-nano-vfprintf.o)
                0x0800541c                _vfprintf_r
                0x0800541c                _vfiprintf_r
 .text._printf_common
                0x0800567c       0xda c:/projects/rtos_projects/tools/gcc-arm-none-eabi-10.3-2021.10/bin/../lib/gcc/arm-none-eabi/10.3.1/../../../../arm-none-eabi/lib/thumb/v7e-m+dp/hard\libc_nano.a(lib_a-nano-vfprintf_i.o)
                0x0800567c                _printf_common
 *fill*         0x08005756        0x2 
 .text._printf_i
                0x08005758      0x24c c:/projects/rtos_projects/tools/gcc-arm-none-eabi-10.3-2021.10/bin/../lib/gcc/arm-none-eabi/10.3.1/../../../../arm-none-eabi/lib/thumb/v7e-m+dp/hard\libc_nano.a(lib_a-nano-vfprintf_i.o)
                0x08005758                _printf_i
 .text._sbrk_r  0x080059a4       0x20 c:/projects/rtos_projects/tools/gcc-arm-none-eabi-10.3-2021.10/bin/../lib/gcc/arm-none-eabi/10.3.1/../../../../arm-none-eabi/lib/thumb/v7e-m+dp/hard\libc_nano.a(lib_a-sbrkr.o)
                0x080059a4                _sbrk_r
 .text.__sread  0x080059c4       0x22 c:/projects/rtos_projects/tools/gcc-arm-none-eabi-10.3-2021.10/bin/../lib/gcc/arm-none-eabi/10.3.1/../../../../arm-none-eabi/lib/thumb/v7e-m+dp/hard\libc_nano.a(lib_a-stdio.o)
                0x080059c4                __sread
 .text.__swrite
                0x080059e6       0x38 c:/projects/rtos_projects/tools/gcc-arm-none-eabi-10.3-2021.10/bin/../lib/gcc/arm-none-eabi/10.3.1/../../../../arm-none-eabi/lib/thumb/v7e-m+dp/hard\libc_nano.a(lib_a-stdio.o)
                0x080059e6                __swrite
 .text.__sseek  0x08005a1e       0x24 c:/projects/rtos_projects/tools/gcc-arm-none-eabi-10.3-2021.10/bin/../lib/gcc/arm-none-eabi/10.3.1/../../../../arm-none-eabi/lib/thumb/v7e-m+dp/hard\libc_nano.a(lib_a-stdio.o)
                0x08005a1e                __sseek
 .text.__sclose
                0x08005a42        0x8 c:/projects/rtos_projects/tools/gcc-arm-none-eabi-10.3-2021.10/bin/../lib/gcc/arm-none-eabi/10.3.1/../../../../arm-none-eabi/lib/thumb/v7e-m+dp/hard\libc_nano.a(lib_a-stdio.o)
                0x08005a42                __sclose
 *fill*         0x08005a4a        0x2 
 .text._write_r
                0x08005a4c       0x24 c:/projects/rtos_projects/tools/gcc-arm-none-eabi-10.3-2021.10/bin/../lib/gcc/arm-none-eabi/10.3.1/../../../../arm-none-eabi/lib/thumb/v7e-m+dp/hard\libc_nano.a(lib_a-writer.o)
                0x08005a4c                _write_r
 .text._close_r
                0x08005a70       0x20 c:/projects/rtos_projects/tools/gcc-arm-none-eabi-10.3-2021.10/bin/../lib/gcc/arm-none-eabi/10.3.1/../../../../arm-none-eabi/lib/thumb/v7e-m+dp/hard\libc_nano.a(lib_a-closer.o)
                0x08005a70                _close_r
 .text._fstat_r
                0x08005a90       0x24 c:/projects/rtos_projects/tools/gcc-arm-none-eabi-10.3-2021.10/bin/../lib/gcc/arm-none-eabi/10.3.1/../../../../arm-none-eabi/lib/thumb/v7e-m+dp/hard\libc_nano.a(lib_a-fstatr.o)
                0x08005a90                _fstat_r
 .text._isatty_r
                0x08005ab4       0x20 c:/projects/rtos_projects/tools/gcc-arm-none-eabi-10.3-2021.10/bin/../lib/gcc/arm-none-eabi/10.3.1/../../../../arm-none-eabi/lib/thumb/v7e-m+dp/hard\libc_nano.a(lib_a-isattyr.o)
                0x08005ab4                _isatty_r
 .text._lseek_r
                0x08005ad4       0x24 c:/projects/rtos_projects/tools/gcc-arm-none-eabi-10.3-2021.10/bin/../lib/gcc/arm-none-eabi/10.3.1/../../../../arm-none-eabi/lib/thumb/v7e-m+dp/hard\libc_nano.a(lib_a-lseekr.o)
                0x08005ad4                _lseek_r
 .text.__malloc_lock
                0x08005af8        0xc c:/projects/rtos_projects/tools/gcc-arm-none-eabi-10.3-2021.10/bin/../lib/gcc/arm-none-eabi/10.3.1/../../../../arm-none-eabi/lib/thumb/v7e-m+dp/hard\libc_nano.a(lib_a-mlock.o)
                0x08005af8                __malloc_lock
 .text.__malloc_unlock
                0x08005b04        0xc c:/projects/rtos_projects/tools/gcc-arm-none-eabi-10.3-2021.10/bin/../lib/gcc/arm-none-eabi/10.3.1/../../../../arm-none-eabi/lib/thumb/v7e-m+dp/hard\libc_nano.a(lib_a-mlock.o)
                0x08005b04                __malloc_unlock
 .text._read_r  0x08005b10       0x24 c:/projects/rtos_projects/tools/gcc-arm-none-eabi-10.3-2021.10/bin/../lib/gcc/arm-none-eabi/10.3.1/../../../../arm-none-eabi/lib/thumb/v7e-m+dp/hard\libc_nano.a(lib_a-readr.o)
                0x08005b10                _read_r
 *(.glue_7)
 .glue_7        0x08005b34        0x0 linker stubs
 *(.glue_7t)
 .glue_7t       0x08005b34        0x0 linker stubs
 *(.eh_frame)
 .eh_frame      0x08005b34        0x0 c:/projects/rtos_projects/tools/gcc-arm-none-eabi-10.3-2021.10/bin/../lib/gcc/arm-none-eabi/10.3.1/thumb/v7e-m+dp/hard/crtbegin.o
 *(.init)
 .init          0x08005b34        0x4 c:/projects/rtos_projects/tools/gcc-arm-none-eabi-10.3-2021.10/bin/../lib/gcc/arm-none-eabi/10.3.1/thumb/v7e-m+dp/hard/crti.o
                0x08005b34                _init
 .init          0x08005b38        0x8 c:/projects/rtos_projects/tools/gcc-arm-none-eabi-10.3-2021.10/bin/../lib/gcc/arm-none-eabi/10.3.1/thumb/v7e-m+dp/hard/crtn.o
 *(.fini)
 .fini          0x08005b40        0x4 c:/projects/rtos_projects/tools/gcc-arm-none-eabi-10.3-2021.10/bin/../lib/gcc/arm-none-eabi/10.3.1/thumb/v7e-m+dp/hard/crti.o
                0x08005b40                _fini
 .fini          0x08005b44        0x8 c:/projects/rtos_projects/tools/gcc-arm-none-eabi-10.3-2021.10/bin/../lib/gcc/arm-none-eabi/10.3.1/thumb/v7e-m+dp/hard/crtn.o
                0x08005b4c                . = ALIGN (0x4)
                0x08005b4c                _etext = .

.vfp11_veneer   0x08005b4c        0x0
 .vfp11_veneer  0x08005b4c        0x0 linker stubs

.v4_bx          0x08005b4c        0x0
 .v4_bx         0x08005b4c        0x0 linker stubs

.iplt           0x08005b4c        0x0
 .iplt          0x08005b4c        0x0 c:/projects/rtos_projects/tools/gcc-arm-none-eabi-10.3-2021.10/bin/../lib/gcc/arm-none-eabi/10.3.1/thumb/v7e-m+dp/hard/crtbegin.o

.rodata         0x08005b4c      0x18c
                0x08005b4c                . = ALIGN (0x4)
 *(.rodata)
 .rodata        0x08005b4c       0x54 build/main.o
 *(.rodata*)
 .rodata.str1.4
                0x08005ba0       0x1a build/main.o
 *fill*         0x08005bba        0x2 
 .rodata.StartTask2.str1.4
                0x08005bbc        0x9 build/main.o
 *fill*         0x08005bc5        0x3 
 .rodata.StartTask1.str1.4
                0x08005bc8        0x9 build/main.o
 *fill*         0x08005bd1        0x3 
 .rodata.main.str1.4
                0x08005bd4       0x2c build/main.o
 .rodata.UARTPrescTable
                0x08005c00       0x18 build/stm32h7xx_hal_uart.o
                0x08005c00                UARTPrescTable
 .rodata.denominator.0
                0x08005c18        0x8 build/stm32h7xx_hal_uart_ex.o
 .rodata.numerator.1
                0x08005c20        0x8 build/stm32h7xx_hal_uart_ex.o
 .rodata.D1CorePrescTable
                0x08005c28       0x10 build/system_stm32h7xx_dualcore_boot_cm4_cm7.o
                0x08005c28                D1CorePrescTable
 .rodata.vTaskStartScheduler.str1.4
                0x08005c38        0x5 build/tasks.o
 *fill*         0x08005c3d        0x3 
 .rodata._global_impure_ptr
                0x08005c40        0x4 c:/projects/rtos_projects/tools/gcc-arm-none-eabi-10.3-2021.10/bin/../lib/gcc/arm-none-eabi/10.3.1/../../../../arm-none-eabi/lib/thumb/v7e-m+dp/hard\libc_nano.a(lib_a-impure.o)
                0x08005c40                _global_impure_ptr
 .rodata.__sf_fake_stderr
                0x08005c44       0x20 c:/projects/rtos_projects/tools/gcc-arm-none-eabi-10.3-2021.10/bin/../lib/gcc/arm-none-eabi/10.3.1/../../../../arm-none-eabi/lib/thumb/v7e-m+dp/hard\libc_nano.a(lib_a-findfp.o)
                0x08005c44                __sf_fake_stderr
 .rodata.__sf_fake_stdin
                0x08005c64       0x20 c:/projects/rtos_projects/tools/gcc-arm-none-eabi-10.3-2021.10/bin/../lib/gcc/arm-none-eabi/10.3.1/../../../../arm-none-eabi/lib/thumb/v7e-m+dp/hard\libc_nano.a(lib_a-findfp.o)
                0x08005c64                __sf_fake_stdin
 .rodata.__sf_fake_stdout
                0x08005c84       0x20 c:/projects/rtos_projects/tools/gcc-arm-none-eabi-10.3-2021.10/bin/../lib/gcc/arm-none-eabi/10.3.1/../../../../arm-none-eabi/lib/thumb/v7e-m+dp/hard\libc_nano.a(lib_a-findfp.o)
                0x08005c84                __sf_fake_stdout
 .rodata._vfprintf_r.str1.1
                0x08005ca4       0x11 c:/projects/rtos_projects/tools/gcc-arm-none-eabi-10.3-2021.10/bin/../lib/gcc/arm-none-eabi/10.3.1/../../../../arm-none-eabi/lib/thumb/v7e-m+dp/hard\libc_nano.a(lib_a-nano-vfprintf.o)
 .rodata._printf_i.str1.1
                0x08005cb5       0x22 c:/projects/rtos_projects/tools/gcc-arm-none-eabi-10.3-2021.10/bin/../lib/gcc/arm-none-eabi/10.3.1/../../../../arm-none-eabi/lib/thumb/v7e-m+dp/hard\libc_nano.a(lib_a-nano-vfprintf_i.o)
                0x08005cd8                . = ALIGN (0x4)
 *fill*         0x08005cd7        0x1 

.ARM.extab
 *(.ARM.extab* .gnu.linkonce.armextab.*)

.ARM            0x08005cd8        0x8
                0x08005cd8                __exidx_start = .
 *(.ARM.exidx*)
 .ARM.exidx     0x08005cd8        0x8 c:/projects/rtos_projects/tools/gcc-arm-none-eabi-10.3-2021.10/bin/../lib/gcc/arm-none-eabi/10.3.1/thumb/v7e-m+dp/hard\libgcc.a(_udivmoddi4.o)
                0x08005ce0                __exidx_end = .

.rel.dyn        0x08005ce0        0x0
 .rel.iplt      0x08005ce0        0x0 c:/projects/rtos_projects/tools/gcc-arm-none-eabi-10.3-2021.10/bin/../lib/gcc/arm-none-eabi/10.3.1/thumb/v7e-m+dp/hard/crtbegin.o

.preinit_array  0x08005ce0        0x0
                0x08005ce0                PROVIDE (__preinit_array_start = .)
 *(.preinit_array*)
                0x08005ce0                PROVIDE (__preinit_array_end = .)

.init_array     0x08005ce0        0x4
                0x08005ce0                PROVIDE (__init_array_start = .)
 *(SORT_BY_NAME(.init_array.*))
 *(.init_array*)
 .init_array    0x08005ce0        0x4 c:/projects/rtos_projects/tools/gcc-arm-none-eabi-10.3-2021.10/bin/../lib/gcc/arm-none-eabi/10.3.1/thumb/v7e-m+dp/hard/crtbegin.o
                0x08005ce4                PROVIDE (__init_array_end = .)

.fini_array     0x08005ce4        0x4
                [!provide]                PROVIDE (__fini_array_start = .)
 *(SORT_BY_NAME(.fini_array.*))
 *(.fini_array*)
 .fini_array    0x08005ce4        0x4 c:/projects/rtos_projects/tools/gcc-arm-none-eabi-10.3-2021.10/bin/../lib/gcc/arm-none-eabi/10.3.1/thumb/v7e-m+dp/hard/crtbegin.o
                [!provide]                PROVIDE (__fini_array_end = .)
                0x08005ce8                _sidata = LOADADDR (.data)

.data           0x20000000       0x78 load address 0x08005ce8
                0x20000000                . = ALIGN (0x4)
                0x20000000                _sdata = .
 *(.data)
 *(.data*)
 .data.uwTickFreq
                0x20000000        0x1 build/stm32h7xx_hal.o
                0x20000000                uwTickFreq
 *fill*         0x20000001        0x3 
 .data.uwTickPrio
                0x20000004        0x4 build/stm32h7xx_hal.o
                0x20000004                uwTickPrio
 .data.SystemCoreClock
                0x20000008        0x4 build/system_stm32h7xx_dualcore_boot_cm4_cm7.o
                0x20000008                SystemCoreClock
 .data.SystemD2Clock
                0x2000000c        0x4 build/system_stm32h7xx_dualcore_boot_cm4_cm7.o
                0x2000000c                SystemD2Clock
 .data.uxCriticalNesting
                0x20000010        0x4 build/port.o
 .data._impure_ptr
                0x20000014        0x4 c:/projects/rtos_projects/tools/gcc-arm-none-eabi-10.3-2021.10/bin/../lib/gcc/arm-none-eabi/10.3.1/../../../../arm-none-eabi/lib/thumb/v7e-m+dp/hard\libc_nano.a(lib_a-impure.o)
                0x20000014                _impure_ptr
 .data.impure_data
                0x20000018       0x60 c:/projects/rtos_projects/tools/gcc-arm-none-eabi-10.3-2021.10/bin/../lib/gcc/arm-none-eabi/10.3.1/../../../../arm-none-eabi/lib/thumb/v7e-m+dp/hard\libc_nano.a(lib_a-impure.o)
                0x20000078                . = ALIGN (0x4)
                0x20000078                _edata = .

.igot.plt       0x20000078        0x0 load address 0x08005d60
 .igot.plt      0x20000078        0x0 c:/projects/rtos_projects/tools/gcc-arm-none-eabi-10.3-2021.10/bin/../lib/gcc/arm-none-eabi/10.3.1/thumb/v7e-m+dp/hard/crtbegin.o
                0x20000078                . = ALIGN (0x4)

.bss            0x20000078     0x44f8 load address 0x08005d60
                0x20000078                _sbss = .
                0x20000078                __bss_start__ = _sbss
 *(.bss)
 .bss           0x20000078       0x1c c:/projects/rtos_projects/tools/gcc-arm-none-eabi-10.3-2021.10/bin/../lib/gcc/arm-none-eabi/10.3.1/thumb/v7e-m+dp/hard/crtbegin.o
 *(.bss*)
 .bss.Data      0x20000094        0x2 build/main.o
                0x20000094                Data
 .bss.Loop      0x20000096        0x2 build/main.o
                0x20000096                Loop
 .bss.defaultTaskHandle
                0x20000098        0x4 build/main.o
                0x20000098                defaultTaskHandle
 .bss.huart3    0x2000009c       0x94 build/main.o
                0x2000009c                huart3
 .bss.task1Handle
                0x20000130        0x4 build/main.o
                0x20000130                task1Handle
 .bss.task2Handle
                0x20000134        0x4 build/main.o
                0x20000134                task2Handle
 .bss.xIdleStack
                0x20000138      0x200 build/freertos.o
 .bss.xIdleTaskTCBBuffer
                0x20000338      0x480 build/freertos.o
 .bss.htim6     0x200007b8       0x4c build/stm32h7xx_hal_timebase_tim.o
                0x200007b8                htim6
 .bss.uwTick    0x20000804        0x4 build/stm32h7xx_hal.o
                0x20000804                uwTick
 .bss.pxCurrentTCB
                0x20000808        0x4 build/tasks.o
                0x20000808                pxCurrentTCB
 .bss.pxDelayedTaskList
                0x2000080c        0x4 build/tasks.o
 .bss.pxOverflowDelayedTaskList
                0x20000810        0x4 build/tasks.o
 .bss.pxReadyTasksLists
                0x20000814       0x8c build/tasks.o
 .bss.uxCurrentNumberOfTasks
                0x200008a0        0x4 build/tasks.o
 .bss.uxDeletedTasksWaitingCleanUp
                0x200008a4        0x4 build/tasks.o
 .bss.uxSchedulerSuspended
                0x200008a8        0x4 build/tasks.o
 .bss.uxTaskNumber
                0x200008ac        0x4 build/tasks.o
 .bss.uxTopReadyPriority
                0x200008b0        0x4 build/tasks.o
 .bss.xDelayedTaskList1
                0x200008b4       0x14 build/tasks.o
 .bss.xDelayedTaskList2
                0x200008c8       0x14 build/tasks.o
 .bss.xIdleTaskHandle
                0x200008dc        0x4 build/tasks.o
 .bss.xNextTaskUnblockTime
                0x200008e0        0x4 build/tasks.o
 .bss.xNumOfOverflows
                0x200008e4        0x4 build/tasks.o
 .bss.xPendedTicks
                0x200008e8        0x4 build/tasks.o
 .bss.xPendingReadyList
                0x200008ec       0x14 build/tasks.o
 .bss.xSchedulerRunning
                0x20000900        0x4 build/tasks.o
 .bss.xSuspendedTaskList
                0x20000904       0x14 build/tasks.o
 .bss.xTasksWaitingTermination
                0x20000918       0x14 build/tasks.o
 .bss.xTickCount
                0x2000092c        0x4 build/tasks.o
 .bss.xYieldPending
                0x20000930        0x4 build/tasks.o
 .bss.pxEnd     0x20000934        0x4 build/heap_4.o
 .bss.ucHeap    0x20000938     0x3c00 build/heap_4.o
 .bss.xBlockAllocatedBit
                0x20004538        0x4 build/heap_4.o
 .bss.xFreeBytesRemaining
                0x2000453c        0x4 build/heap_4.o
 .bss.xMinimumEverFreeBytesRemaining
                0x20004540        0x4 build/heap_4.o
 .bss.xNumberOfSuccessfulAllocations
                0x20004544        0x4 build/heap_4.o
 .bss.xNumberOfSuccessfulFrees
                0x20004548        0x4 build/heap_4.o
 .bss.xStart    0x2000454c        0x8 build/heap_4.o
 .bss.ucMaxSysCallPriority
                0x20004554        0x1 build/port.o
 *fill*         0x20004555        0x3 
 .bss.ulMaxPRIGROUPValue
                0x20004558        0x4 build/port.o
 .bss.__sbrk_heap_end
                0x2000455c        0x4 build/sysmem.o
 .bss.errno     0x20004560        0x4 c:/projects/rtos_projects/tools/gcc-arm-none-eabi-10.3-2021.10/bin/../lib/gcc/arm-none-eabi/10.3.1/../../../../arm-none-eabi/lib/thumb/v7e-m+dp/hard\libc_nano.a(lib_a-reent.o)
                0x20004560                errno
 .bss.__lock___malloc_recursive_mutex
                0x20004564        0x1 c:/projects/rtos_projects/tools/gcc-arm-none-eabi-10.3-2021.10/bin/../lib/gcc/arm-none-eabi/10.3.1/../../../../arm-none-eabi/lib/thumb/v7e-m+dp/hard\libc_nano.a(lib_a-lock.o)
                0x20004564                __lock___malloc_recursive_mutex
 .bss.__lock___sfp_recursive_mutex
                0x20004565        0x1 c:/projects/rtos_projects/tools/gcc-arm-none-eabi-10.3-2021.10/bin/../lib/gcc/arm-none-eabi/10.3.1/../../../../arm-none-eabi/lib/thumb/v7e-m+dp/hard\libc_nano.a(lib_a-lock.o)
                0x20004565                __lock___sfp_recursive_mutex
 .bss.__lock___sinit_recursive_mutex
                0x20004566        0x1 c:/projects/rtos_projects/tools/gcc-arm-none-eabi-10.3-2021.10/bin/../lib/gcc/arm-none-eabi/10.3.1/../../../../arm-none-eabi/lib/thumb/v7e-m+dp/hard\libc_nano.a(lib_a-lock.o)
                0x20004566                __lock___sinit_recursive_mutex
 *fill*         0x20004567        0x1 
 .bss.__malloc_free_list
                0x20004568        0x4 c:/projects/rtos_projects/tools/gcc-arm-none-eabi-10.3-2021.10/bin/../lib/gcc/arm-none-eabi/10.3.1/../../../../arm-none-eabi/lib/thumb/v7e-m+dp/hard\libc_nano.a(lib_a-nano-mallocr.o)
                0x20004568                __malloc_free_list
 .bss.__malloc_sbrk_start
                0x2000456c        0x4 c:/projects/rtos_projects/tools/gcc-arm-none-eabi-10.3-2021.10/bin/../lib/gcc/arm-none-eabi/10.3.1/../../../../arm-none-eabi/lib/thumb/v7e-m+dp/hard\libc_nano.a(lib_a-nano-mallocr.o)
                0x2000456c                __malloc_sbrk_start
 *(COMMON)
                0x20004570                . = ALIGN (0x4)
                0x20004570                _ebss = .
                0x20004570                __bss_end__ = _ebss

._user_heap_stack
                0x20004570      0x600 load address 0x08005d60
                0x20004570                . = ALIGN (0x8)
                [!provide]                PROVIDE (end = .)
                0x20004570                PROVIDE (_end = .)
                0x20004770                . = (. + _Min_Heap_Size)
 *fill*         0x20004570      0x200 
                0x20004b70                . = (. + _Min_Stack_Size)
 *fill*         0x20004770      0x400 
                0x20004b70                . = ALIGN (0x8)

/DISCARD/
 libc.a(*)
 libm.a(*)
 libgcc.a(*)

.ARM.attributes
                0x00000000       0x2e
 *(.ARM.attributes)
 .ARM.attributes
                0x00000000       0x1e c:/projects/rtos_projects/tools/gcc-arm-none-eabi-10.3-2021.10/bin/../lib/gcc/arm-none-eabi/10.3.1/thumb/v7e-m+dp/hard/crti.o
 .ARM.attributes
                0x0000001e       0x32 c:/projects/rtos_projects/tools/gcc-arm-none-eabi-10.3-2021.10/bin/../lib/gcc/arm-none-eabi/10.3.1/thumb/v7e-m+dp/hard/crtbegin.o
 .ARM.attributes
                0x00000050       0x32 build/main.o
 .ARM.attributes
                0x00000082       0x32 build/freertos.o
 .ARM.attributes
                0x000000b4       0x32 build/stm32h7xx_it.o
 .ARM.attributes
                0x000000e6       0x32 build/stm32h7xx_hal_msp.o
 .ARM.attributes
                0x00000118       0x32 build/stm32h7xx_hal_timebase_tim.o
 .ARM.attributes
                0x0000014a       0x32 build/stm32h7xx_hal_cortex.o
 .ARM.attributes
                0x0000017c       0x32 build/stm32h7xx_hal_rcc.o
 .ARM.attributes
                0x000001ae       0x32 build/stm32h7xx_hal_rcc_ex.o
 .ARM.attributes
                0x000001e0       0x32 build/stm32h7xx_hal_gpio.o
 .ARM.attributes
                0x00000212       0x32 build/stm32h7xx_hal_pwr_ex.o
 .ARM.attributes
                0x00000244       0x32 build/stm32h7xx_hal.o
 .ARM.attributes
                0x00000276       0x32 build/stm32h7xx_hal_tim.o
 .ARM.attributes
                0x000002a8       0x32 build/stm32h7xx_hal_tim_ex.o
 .ARM.attributes
                0x000002da       0x32 build/stm32h7xx_hal_uart.o
 .ARM.attributes
                0x0000030c       0x32 build/stm32h7xx_hal_uart_ex.o
 .ARM.attributes
                0x0000033e       0x32 build/system_stm32h7xx_dualcore_boot_cm4_cm7.o
 .ARM.attributes
                0x00000370       0x32 build/list.o
 .ARM.attributes
                0x000003a2       0x32 build/tasks.o
 .ARM.attributes
                0x000003d4       0x32 build/cmsis_os.o
 .ARM.attributes
                0x00000406       0x32 build/heap_4.o
 .ARM.attributes
                0x00000438       0x32 build/port.o
 .ARM.attributes
                0x0000046a       0x32 build/sysmem.o
 .ARM.attributes
                0x0000049c       0x32 build/syscalls.o
 .ARM.attributes
                0x000004ce       0x21 build/startup_stm32h745xx_CM7.o
 .ARM.attributes
                0x000004ef       0x32 c:/projects/rtos_projects/tools/gcc-arm-none-eabi-10.3-2021.10/bin/../lib/gcc/arm-none-eabi/10.3.1/../../../../arm-none-eabi/lib/thumb/v7e-m+dp/hard\libc_nano.a(lib_a-errno.o)
 .ARM.attributes
                0x00000521       0x32 c:/projects/rtos_projects/tools/gcc-arm-none-eabi-10.3-2021.10/bin/../lib/gcc/arm-none-eabi/10.3.1/../../../../arm-none-eabi/lib/thumb/v7e-m+dp/hard\libc_nano.a(lib_a-impure.o)
 .ARM.attributes
                0x00000553       0x32 c:/projects/rtos_projects/tools/gcc-arm-none-eabi-10.3-2021.10/bin/../lib/gcc/arm-none-eabi/10.3.1/../../../../arm-none-eabi/lib/thumb/v7e-m+dp/hard\libc_nano.a(lib_a-init.o)
 .ARM.attributes
                0x00000585       0x32 c:/projects/rtos_projects/tools/gcc-arm-none-eabi-10.3-2021.10/bin/../lib/gcc/arm-none-eabi/10.3.1/../../../../arm-none-eabi/lib/thumb/v7e-m+dp/hard\libc_nano.a(lib_a-memset.o)
 .ARM.attributes
                0x000005b7       0x32 c:/projects/rtos_projects/tools/gcc-arm-none-eabi-10.3-2021.10/bin/../lib/gcc/arm-none-eabi/10.3.1/../../../../arm-none-eabi/lib/thumb/v7e-m+dp/hard\libc_nano.a(lib_a-printf.o)
 .ARM.attributes
                0x000005e9       0x32 c:/projects/rtos_projects/tools/gcc-arm-none-eabi-10.3-2021.10/bin/../lib/gcc/arm-none-eabi/10.3.1/../../../../arm-none-eabi/lib/thumb/v7e-m+dp/hard\libc_nano.a(lib_a-puts.o)
 .ARM.attributes
                0x0000061b       0x32 c:/projects/rtos_projects/tools/gcc-arm-none-eabi-10.3-2021.10/bin/../lib/gcc/arm-none-eabi/10.3.1/../../../../arm-none-eabi/lib/thumb/v7e-m+dp/hard\libc_nano.a(lib_a-reent.o)
 .ARM.attributes
                0x0000064d       0x32 c:/projects/rtos_projects/tools/gcc-arm-none-eabi-10.3-2021.10/bin/../lib/gcc/arm-none-eabi/10.3.1/../../../../arm-none-eabi/lib/thumb/v7e-m+dp/hard\libc_nano.a(lib_a-wbuf.o)
 .ARM.attributes
                0x0000067f       0x32 c:/projects/rtos_projects/tools/gcc-arm-none-eabi-10.3-2021.10/bin/../lib/gcc/arm-none-eabi/10.3.1/../../../../arm-none-eabi/lib/thumb/v7e-m+dp/hard\libc_nano.a(lib_a-wsetup.o)
 .ARM.attributes
                0x000006b1       0x32 c:/projects/rtos_projects/tools/gcc-arm-none-eabi-10.3-2021.10/bin/../lib/gcc/arm-none-eabi/10.3.1/../../../../arm-none-eabi/lib/thumb/v7e-m+dp/hard\libc_nano.a(lib_a-fflush.o)
 .ARM.attributes
                0x000006e3       0x32 c:/projects/rtos_projects/tools/gcc-arm-none-eabi-10.3-2021.10/bin/../lib/gcc/arm-none-eabi/10.3.1/../../../../arm-none-eabi/lib/thumb/v7e-m+dp/hard\libc_nano.a(lib_a-findfp.o)
 .ARM.attributes
                0x00000715       0x32 c:/projects/rtos_projects/tools/gcc-arm-none-eabi-10.3-2021.10/bin/../lib/gcc/arm-none-eabi/10.3.1/../../../../arm-none-eabi/lib/thumb/v7e-m+dp/hard\libc_nano.a(lib_a-fwalk.o)
 .ARM.attributes
                0x00000747       0x32 c:/projects/rtos_projects/tools/gcc-arm-none-eabi-10.3-2021.10/bin/../lib/gcc/arm-none-eabi/10.3.1/../../../../arm-none-eabi/lib/thumb/v7e-m+dp/hard\libc_nano.a(lib_a-lock.o)
 .ARM.attributes
                0x00000779       0x32 c:/projects/rtos_projects/tools/gcc-arm-none-eabi-10.3-2021.10/bin/../lib/gcc/arm-none-eabi/10.3.1/../../../../arm-none-eabi/lib/thumb/v7e-m+dp/hard\libc_nano.a(lib_a-makebuf.o)
 .ARM.attributes
                0x000007ab       0x32 c:/projects/rtos_projects/tools/gcc-arm-none-eabi-10.3-2021.10/bin/../lib/gcc/arm-none-eabi/10.3.1/../../../../arm-none-eabi/lib/thumb/v7e-m+dp/hard\libc_nano.a(lib_a-nano-freer.o)
 .ARM.attributes
                0x000007dd       0x32 c:/projects/rtos_projects/tools/gcc-arm-none-eabi-10.3-2021.10/bin/../lib/gcc/arm-none-eabi/10.3.1/../../../../arm-none-eabi/lib/thumb/v7e-m+dp/hard\libc_nano.a(lib_a-nano-mallocr.o)
 .ARM.attributes
                0x0000080f       0x32 c:/projects/rtos_projects/tools/gcc-arm-none-eabi-10.3-2021.10/bin/../lib/gcc/arm-none-eabi/10.3.1/../../../../arm-none-eabi/lib/thumb/v7e-m+dp/hard\libc_nano.a(lib_a-nano-vfprintf.o)
 .ARM.attributes
                0x00000841       0x32 c:/projects/rtos_projects/tools/gcc-arm-none-eabi-10.3-2021.10/bin/../lib/gcc/arm-none-eabi/10.3.1/../../../../arm-none-eabi/lib/thumb/v7e-m+dp/hard\libc_nano.a(lib_a-nano-vfprintf_i.o)
 .ARM.attributes
                0x00000873       0x32 c:/projects/rtos_projects/tools/gcc-arm-none-eabi-10.3-2021.10/bin/../lib/gcc/arm-none-eabi/10.3.1/../../../../arm-none-eabi/lib/thumb/v7e-m+dp/hard\libc_nano.a(lib_a-sbrkr.o)
 .ARM.attributes
                0x000008a5       0x32 c:/projects/rtos_projects/tools/gcc-arm-none-eabi-10.3-2021.10/bin/../lib/gcc/arm-none-eabi/10.3.1/../../../../arm-none-eabi/lib/thumb/v7e-m+dp/hard\libc_nano.a(lib_a-stdio.o)
 .ARM.attributes
                0x000008d7       0x32 c:/projects/rtos_projects/tools/gcc-arm-none-eabi-10.3-2021.10/bin/../lib/gcc/arm-none-eabi/10.3.1/../../../../arm-none-eabi/lib/thumb/v7e-m+dp/hard\libc_nano.a(lib_a-writer.o)
 .ARM.attributes
                0x00000909       0x32 c:/projects/rtos_projects/tools/gcc-arm-none-eabi-10.3-2021.10/bin/../lib/gcc/arm-none-eabi/10.3.1/../../../../arm-none-eabi/lib/thumb/v7e-m+dp/hard\libc_nano.a(lib_a-closer.o)
 .ARM.attributes
                0x0000093b       0x32 c:/projects/rtos_projects/tools/gcc-arm-none-eabi-10.3-2021.10/bin/../lib/gcc/arm-none-eabi/10.3.1/../../../../arm-none-eabi/lib/thumb/v7e-m+dp/hard\libc_nano.a(lib_a-fstatr.o)
 .ARM.attributes
                0x0000096d       0x32 c:/projects/rtos_projects/tools/gcc-arm-none-eabi-10.3-2021.10/bin/../lib/gcc/arm-none-eabi/10.3.1/../../../../arm-none-eabi/lib/thumb/v7e-m+dp/hard\libc_nano.a(lib_a-isattyr.o)
 .ARM.attributes
                0x0000099f       0x32 c:/projects/rtos_projects/tools/gcc-arm-none-eabi-10.3-2021.10/bin/../lib/gcc/arm-none-eabi/10.3.1/../../../../arm-none-eabi/lib/thumb/v7e-m+dp/hard\libc_nano.a(lib_a-lseekr.o)
 .ARM.attributes
                0x000009d1       0x1c c:/projects/rtos_projects/tools/gcc-arm-none-eabi-10.3-2021.10/bin/../lib/gcc/arm-none-eabi/10.3.1/../../../../arm-none-eabi/lib/thumb/v7e-m+dp/hard\libc_nano.a(lib_a-memchr.o)
 .ARM.attributes
                0x000009ed       0x32 c:/projects/rtos_projects/tools/gcc-arm-none-eabi-10.3-2021.10/bin/../lib/gcc/arm-none-eabi/10.3.1/../../../../arm-none-eabi/lib/thumb/v7e-m+dp/hard\libc_nano.a(lib_a-mlock.o)
 .ARM.attributes
                0x00000a1f       0x32 c:/projects/rtos_projects/tools/gcc-arm-none-eabi-10.3-2021.10/bin/../lib/gcc/arm-none-eabi/10.3.1/../../../../arm-none-eabi/lib/thumb/v7e-m+dp/hard\libc_nano.a(lib_a-readr.o)
 .ARM.attributes
                0x00000a51       0x1e c:/projects/rtos_projects/tools/gcc-arm-none-eabi-10.3-2021.10/bin/../lib/gcc/arm-none-eabi/10.3.1/thumb/v7e-m+dp/hard\libgcc.a(_aeabi_uldivmod.o)
 .ARM.attributes
                0x00000a6f       0x32 c:/projects/rtos_projects/tools/gcc-arm-none-eabi-10.3-2021.10/bin/../lib/gcc/arm-none-eabi/10.3.1/thumb/v7e-m+dp/hard\libgcc.a(_udivmoddi4.o)
 .ARM.attributes
                0x00000aa1       0x1e c:/projects/rtos_projects/tools/gcc-arm-none-eabi-10.3-2021.10/bin/../lib/gcc/arm-none-eabi/10.3.1/thumb/v7e-m+dp/hard\libgcc.a(_dvmd_tls.o)
 .ARM.attributes
                0x00000abf       0x1e c:/projects/rtos_projects/tools/gcc-arm-none-eabi-10.3-2021.10/bin/../lib/gcc/arm-none-eabi/10.3.1/thumb/v7e-m+dp/hard/crtn.o
OUTPUT(build/Visage_CM7.elf elf32-littlearm)
LOAD linker stubs
LOAD c:/projects/rtos_projects/tools/gcc-arm-none-eabi-10.3-2021.10/bin/../lib/gcc/arm-none-eabi/10.3.1/../../../../arm-none-eabi/lib/thumb/v7e-m+dp/hard\libc.a
LOAD c:/projects/rtos_projects/tools/gcc-arm-none-eabi-10.3-2021.10/bin/../lib/gcc/arm-none-eabi/10.3.1/../../../../arm-none-eabi/lib/thumb/v7e-m+dp/hard\libm.a
LOAD c:/projects/rtos_projects/tools/gcc-arm-none-eabi-10.3-2021.10/bin/../lib/gcc/arm-none-eabi/10.3.1/thumb/v7e-m+dp/hard\libgcc.a

.debug_info     0x00000000    0x25e52
 .debug_info    0x00000000     0x2a41 build/main.o
 .debug_info    0x00002a41      0xc23 build/freertos.o
 .debug_info    0x00003664      0x8ea build/stm32h7xx_it.o
 .debug_info    0x00003f4e     0x16d1 build/stm32h7xx_hal_msp.o
 .debug_info    0x0000561f     0x12cf build/stm32h7xx_hal_timebase_tim.o
 .debug_info    0x000068ee     0x157b build/stm32h7xx_hal_cortex.o
 .debug_info    0x00007e69     0x13e0 build/stm32h7xx_hal_rcc.o
 .debug_info    0x00009249     0x1dfc build/stm32h7xx_hal_rcc_ex.o
 .debug_info    0x0000b045      0xfbd build/stm32h7xx_hal_gpio.o
 .debug_info    0x0000c002     0x16fc build/stm32h7xx_hal_pwr_ex.o
 .debug_info    0x0000d6fe     0x1ba6 build/stm32h7xx_hal.o
 .debug_info    0x0000f2a4     0x435b build/stm32h7xx_hal_tim.o
 .debug_info    0x000135ff     0x2042 build/stm32h7xx_hal_tim_ex.o
 .debug_info    0x00015641     0x6a19 build/stm32h7xx_hal_uart.o
 .debug_info    0x0001c05a     0x1382 build/stm32h7xx_hal_uart_ex.o
 .debug_info    0x0001d3dc      0xf92 build/system_stm32h7xx_dualcore_boot_cm4_cm7.o
 .debug_info    0x0001e36e      0x30f build/list.o
 .debug_info    0x0001e67d     0x34a8 build/tasks.o
 .debug_info    0x00021b25     0x2d6f build/cmsis_os.o
 .debug_info    0x00024894      0x61a build/heap_4.o
 .debug_info    0x00024eae      0x5c8 build/port.o
 .debug_info    0x00025476      0x185 build/sysmem.o
 .debug_info    0x000255fb      0x835 build/syscalls.o
 .debug_info    0x00025e30       0x22 build/startup_stm32h745xx_CM7.o

.debug_abbrev   0x00000000     0x38d9
 .debug_abbrev  0x00000000      0x388 build/main.o
 .debug_abbrev  0x00000388      0x1ad build/freertos.o
 .debug_abbrev  0x00000535      0x17c build/stm32h7xx_it.o
 .debug_abbrev  0x000006b1      0x1e6 build/stm32h7xx_hal_msp.o
 .debug_abbrev  0x00000897      0x211 build/stm32h7xx_hal_timebase_tim.o
 .debug_abbrev  0x00000aa8      0x395 build/stm32h7xx_hal_cortex.o
 .debug_abbrev  0x00000e3d      0x27d build/stm32h7xx_hal_rcc.o
 .debug_abbrev  0x000010ba      0x286 build/stm32h7xx_hal_rcc_ex.o
 .debug_abbrev  0x00001340      0x253 build/stm32h7xx_hal_gpio.o
 .debug_abbrev  0x00001593      0x2db build/stm32h7xx_hal_pwr_ex.o
 .debug_abbrev  0x0000186e      0x261 build/stm32h7xx_hal.o
 .debug_abbrev  0x00001acf      0x289 build/stm32h7xx_hal_tim.o
 .debug_abbrev  0x00001d58      0x29f build/stm32h7xx_hal_tim_ex.o
 .debug_abbrev  0x00001ff7      0x363 build/stm32h7xx_hal_uart.o
 .debug_abbrev  0x0000235a      0x311 build/stm32h7xx_hal_uart_ex.o
 .debug_abbrev  0x0000266b      0x12a build/system_stm32h7xx_dualcore_boot_cm4_cm7.o
 .debug_abbrev  0x00002795      0x124 build/list.o
 .debug_abbrev  0x000028b9      0x438 build/tasks.o
 .debug_abbrev  0x00002cf1      0x435 build/cmsis_os.o
 .debug_abbrev  0x00003126      0x269 build/heap_4.o
 .debug_abbrev  0x0000338f      0x28a build/port.o
 .debug_abbrev  0x00003619       0xea build/sysmem.o
 .debug_abbrev  0x00003703      0x1c4 build/syscalls.o
 .debug_abbrev  0x000038c7       0x12 build/startup_stm32h745xx_CM7.o

.debug_loc      0x00000000    0x19563
 .debug_loc     0x00000000      0x2be build/main.o
 .debug_loc     0x000002be       0x20 build/stm32h7xx_it.o
 .debug_loc     0x000002de      0x102 build/stm32h7xx_hal_msp.o
 .debug_loc     0x000003e0       0xfa build/stm32h7xx_hal_timebase_tim.o
 .debug_loc     0x000004da      0x786 build/stm32h7xx_hal_cortex.o
 .debug_loc     0x00000c60      0xac2 build/stm32h7xx_hal_rcc.o
 .debug_loc     0x00001722     0x1f9b build/stm32h7xx_hal_rcc_ex.o
 .debug_loc     0x000036bd      0x482 build/stm32h7xx_hal_gpio.o
 .debug_loc     0x00003b3f      0x862 build/stm32h7xx_hal_pwr_ex.o
 .debug_loc     0x000043a1      0x698 build/stm32h7xx_hal.o
 .debug_loc     0x00004a39     0x62a2 build/stm32h7xx_hal_tim.o
 .debug_loc     0x0000acdb     0x2a63 build/stm32h7xx_hal_tim_ex.o
 .debug_loc     0x0000d73e     0x6376 build/stm32h7xx_hal_uart.o
 .debug_loc     0x00013ab4      0xd9d build/stm32h7xx_hal_uart_ex.o
 .debug_loc     0x00014851      0x1d8 build/system_stm32h7xx_dualcore_boot_cm4_cm7.o
 .debug_loc     0x00014a29       0xe5 build/list.o
 .debug_loc     0x00014b0e     0x23fa build/tasks.o
 .debug_loc     0x00016f08     0x1a22 build/cmsis_os.o
 .debug_loc     0x0001892a      0x4e4 build/heap_4.o
 .debug_loc     0x00018e0e      0x1c0 build/port.o
 .debug_loc     0x00018fce       0x84 build/sysmem.o
 .debug_loc     0x00019052      0x511 build/syscalls.o

.debug_aranges  0x00000000     0x1560
 .debug_aranges
                0x00000000       0x68 build/main.o
 .debug_aranges
                0x00000068       0x20 build/freertos.o
 .debug_aranges
                0x00000088       0x50 build/stm32h7xx_it.o
 .debug_aranges
                0x000000d8       0x30 build/stm32h7xx_hal_msp.o
 .debug_aranges
                0x00000108       0x30 build/stm32h7xx_hal_timebase_tim.o
 .debug_aranges
                0x00000138       0xc0 build/stm32h7xx_hal_cortex.o
 .debug_aranges
                0x000001f8       0x88 build/stm32h7xx_hal_rcc.o
 .debug_aranges
                0x00000280      0x100 build/stm32h7xx_hal_rcc_ex.o
 .debug_aranges
                0x00000380       0x58 build/stm32h7xx_hal_gpio.o
 .debug_aranges
                0x000003d8      0x170 build/stm32h7xx_hal_pwr_ex.o
 .debug_aranges
                0x00000548      0x200 build/stm32h7xx_hal.o
 .debug_aranges
                0x00000748      0x3e0 build/stm32h7xx_hal_tim.o
 .debug_aranges
                0x00000b28      0x188 build/stm32h7xx_hal_tim_ex.o
 .debug_aranges
                0x00000cb0      0x248 build/stm32h7xx_hal_uart.o
 .debug_aranges
                0x00000ef8       0xa8 build/stm32h7xx_hal_uart_ex.o
 .debug_aranges
                0x00000fa0       0x28 build/system_stm32h7xx_dualcore_boot_cm4_cm7.o
 .debug_aranges
                0x00000fc8       0x40 build/list.o
 .debug_aranges
                0x00001008      0x1b8 build/tasks.o
 .debug_aranges
                0x000011c0      0x1d8 build/cmsis_os.o
 .debug_aranges
                0x00001398       0x58 build/heap_4.o
 .debug_aranges
                0x000013f0       0x80 build/port.o
 .debug_aranges
                0x00001470       0x20 build/sysmem.o
 .debug_aranges
                0x00001490       0xa8 build/syscalls.o
 .debug_aranges
                0x00001538       0x28 build/startup_stm32h745xx_CM7.o

.debug_ranges   0x00000000     0x1620
 .debug_ranges  0x00000000       0x58 build/main.o
 .debug_ranges  0x00000058       0x10 build/freertos.o
 .debug_ranges  0x00000068       0x40 build/stm32h7xx_it.o
 .debug_ranges  0x000000a8       0x20 build/stm32h7xx_hal_msp.o
 .debug_ranges  0x000000c8       0x20 build/stm32h7xx_hal_timebase_tim.o
 .debug_ranges  0x000000e8      0x110 build/stm32h7xx_hal_cortex.o
 .debug_ranges  0x000001f8       0xe8 build/stm32h7xx_hal_rcc.o
 .debug_ranges  0x000002e0       0xf0 build/stm32h7xx_hal_rcc_ex.o
 .debug_ranges  0x000003d0       0x48 build/stm32h7xx_hal_gpio.o
 .debug_ranges  0x00000418      0x1c0 build/stm32h7xx_hal_pwr_ex.o
 .debug_ranges  0x000005d8      0x1f0 build/stm32h7xx_hal.o
 .debug_ranges  0x000007c8      0x3d0 build/stm32h7xx_hal_tim.o
 .debug_ranges  0x00000b98      0x178 build/stm32h7xx_hal_tim_ex.o
 .debug_ranges  0x00000d10      0x238 build/stm32h7xx_hal_uart.o
 .debug_ranges  0x00000f48       0xb0 build/stm32h7xx_hal_uart_ex.o
 .debug_ranges  0x00000ff8       0x18 build/system_stm32h7xx_dualcore_boot_cm4_cm7.o
 .debug_ranges  0x00001010       0x30 build/list.o
 .debug_ranges  0x00001040      0x280 build/tasks.o
 .debug_ranges  0x000012c0      0x1c8 build/cmsis_os.o
 .debug_ranges  0x00001488       0x48 build/heap_4.o
 .debug_ranges  0x000014d0       0x88 build/port.o
 .debug_ranges  0x00001558       0x10 build/sysmem.o
 .debug_ranges  0x00001568       0x98 build/syscalls.o
 .debug_ranges  0x00001600       0x20 build/startup_stm32h745xx_CM7.o

.debug_line     0x00000000    0x1a462
 .debug_line    0x00000000      0x86d build/main.o
 .debug_line    0x0000086d      0x268 build/freertos.o
 .debug_line    0x00000ad5      0x2ad build/stm32h7xx_it.o
 .debug_line    0x00000d82      0x31f build/stm32h7xx_hal_msp.o
 .debug_line    0x000010a1      0x302 build/stm32h7xx_hal_timebase_tim.o
 .debug_line    0x000013a3      0x7f2 build/stm32h7xx_hal_cortex.o
 .debug_line    0x00001b95     0x12e5 build/stm32h7xx_hal_rcc.o
 .debug_line    0x00002e7a     0x1ff1 build/stm32h7xx_hal_rcc_ex.o
 .debug_line    0x00004e6b      0x6dd build/stm32h7xx_hal_gpio.o
 .debug_line    0x00005548      0xc73 build/stm32h7xx_hal_pwr_ex.o
 .debug_line    0x000061bb      0xa7a build/stm32h7xx_hal.o
 .debug_line    0x00006c35     0x507c build/stm32h7xx_hal_tim.o
 .debug_line    0x0000bcb1     0x1f28 build/stm32h7xx_hal_tim_ex.o
 .debug_line    0x0000dbd9     0x66f1 build/stm32h7xx_hal_uart.o
 .debug_line    0x000142ca      0xc98 build/stm32h7xx_hal_uart_ex.o
 .debug_line    0x00014f62      0x494 build/system_stm32h7xx_dualcore_boot_cm4_cm7.o
 .debug_line    0x000153f6      0x383 build/list.o
 .debug_line    0x00015779     0x2570 build/tasks.o
 .debug_line    0x00017ce9     0x124b build/cmsis_os.o
 .debug_line    0x00018f34      0x768 build/heap_4.o
 .debug_line    0x0001969c      0x738 build/port.o
 .debug_line    0x00019dd4      0x1f0 build/sysmem.o
 .debug_line    0x00019fc4      0x424 build/syscalls.o
 .debug_line    0x0001a3e8       0x7a build/startup_stm32h745xx_CM7.o

.debug_str      0x00000000     0x81c9
 .debug_str     0x00000000     0x162a build/main.o
                               0x17af (size before relaxing)
 .debug_str     0x0000162a       0x94 build/freertos.o
                                0x6d4 (size before relaxing)
 .debug_str     0x000016be       0xb4 build/stm32h7xx_it.o
                                0x87b (size before relaxing)
 .debug_str     0x00001772      0xc19 build/stm32h7xx_hal_msp.o
                               0x1669 (size before relaxing)
 .debug_str     0x0000238b      0x12d build/stm32h7xx_hal_timebase_tim.o
                               0x1436 (size before relaxing)
 .debug_str     0x000024b8      0x5d6 build/stm32h7xx_hal_cortex.o
                               0x10b2 (size before relaxing)
 .debug_str     0x00002a8e      0x350 build/stm32h7xx_hal_rcc.o
                                0xa1d (size before relaxing)
 .debug_str     0x00002dde      0x6b3 build/stm32h7xx_hal_rcc_ex.o
                                0xf7c (size before relaxing)
 .debug_str     0x00003491       0xea build/stm32h7xx_hal_gpio.o
                                0x70a (size before relaxing)
 .debug_str     0x0000357b      0x594 build/stm32h7xx_hal_pwr_ex.o
                                0xaf9 (size before relaxing)
 .debug_str     0x00003b0f      0x788 build/stm32h7xx_hal.o
                               0x16b6 (size before relaxing)
 .debug_str     0x00004297      0xf1c build/stm32h7xx_hal_tim.o
                               0x1823 (size before relaxing)
 .debug_str     0x000051b3      0x6a9 build/stm32h7xx_hal_tim_ex.o
                               0x1130 (size before relaxing)
 .debug_str     0x0000585c      0x905 build/stm32h7xx_hal_uart.o
                               0x14a3 (size before relaxing)
 .debug_str     0x00006161      0x245 build/stm32h7xx_hal_uart_ex.o
                                0xb8c (size before relaxing)
 .debug_str     0x000063a6       0x5b build/system_stm32h7xx_dualcore_boot_cm4_cm7.o
                                0x7a7 (size before relaxing)
 .debug_str     0x00006401      0x13c build/list.o
                                0x2f0 (size before relaxing)
 .debug_str     0x0000653d      0xc33 build/tasks.o
                               0x1410 (size before relaxing)
 .debug_str     0x00007170      0x963 build/cmsis_os.o
                               0x13fd (size before relaxing)
 .debug_str     0x00007ad3      0x2ce build/heap_4.o
                                0x4fe (size before relaxing)
 .debug_str     0x00007da1      0x183 build/port.o
                                0x46c (size before relaxing)
 .debug_str     0x00007f24       0x84 build/sysmem.o
                                0x217 (size before relaxing)
 .debug_str     0x00007fa8      0x1f9 build/syscalls.o
                                0x3eb (size before relaxing)
 .debug_str     0x000081a1       0x28 build/startup_stm32h745xx_CM7.o
                                 0x56 (size before relaxing)

.comment        0x00000000       0x49
 .comment       0x00000000       0x49 build/main.o
                                 0x4a (size before relaxing)
 .comment       0x00000049       0x4a build/freertos.o
 .comment       0x00000049       0x4a build/stm32h7xx_it.o
 .comment       0x00000049       0x4a build/stm32h7xx_hal_msp.o
 .comment       0x00000049       0x4a build/stm32h7xx_hal_timebase_tim.o
 .comment       0x00000049       0x4a build/stm32h7xx_hal_cortex.o
 .comment       0x00000049       0x4a build/stm32h7xx_hal_rcc.o
 .comment       0x00000049       0x4a build/stm32h7xx_hal_rcc_ex.o
 .comment       0x00000049       0x4a build/stm32h7xx_hal_gpio.o
 .comment       0x00000049       0x4a build/stm32h7xx_hal_pwr_ex.o
 .comment       0x00000049       0x4a build/stm32h7xx_hal.o
 .comment       0x00000049       0x4a build/stm32h7xx_hal_tim.o
 .comment       0x00000049       0x4a build/stm32h7xx_hal_tim_ex.o
 .comment       0x00000049       0x4a build/stm32h7xx_hal_uart.o
 .comment       0x00000049       0x4a build/stm32h7xx_hal_uart_ex.o
 .comment       0x00000049       0x4a build/system_stm32h7xx_dualcore_boot_cm4_cm7.o
 .comment       0x00000049       0x4a build/list.o
 .comment       0x00000049       0x4a build/tasks.o
 .comment       0x00000049       0x4a build/cmsis_os.o
 .comment       0x00000049       0x4a build/heap_4.o
 .comment       0x00000049       0x4a build/port.o
 .comment       0x00000049       0x4a build/sysmem.o
 .comment       0x00000049       0x4a build/syscalls.o

.debug_frame    0x00000000     0x406c
 .debug_frame   0x00000000      0x104 build/main.o
 .debug_frame   0x00000104       0x20 build/freertos.o
 .debug_frame   0x00000124       0x88 build/stm32h7xx_it.o
 .debug_frame   0x000001ac       0x68 build/stm32h7xx_hal_msp.o
 .debug_frame   0x00000214       0x50 build/stm32h7xx_hal_timebase_tim.o
 .debug_frame   0x00000264      0x178 build/stm32h7xx_hal_cortex.o
 .debug_frame   0x000003dc      0x18c build/stm32h7xx_hal_rcc.o
 .debug_frame   0x00000568      0x27c build/stm32h7xx_hal_rcc_ex.o
 .debug_frame   0x000007e4       0xd4 build/stm32h7xx_hal_gpio.o
 .debug_frame   0x000008b8      0x324 build/stm32h7xx_hal_pwr_ex.o
 .debug_frame   0x00000bdc      0x438 build/stm32h7xx_hal.o
 .debug_frame   0x00001014      0xb70 build/stm32h7xx_hal_tim.o
 .debug_frame   0x00001b84      0x480 build/stm32h7xx_hal_tim_ex.o
 .debug_frame   0x00002004      0x680 build/stm32h7xx_hal_uart.o
 .debug_frame   0x00002684      0x1c8 build/stm32h7xx_hal_uart_ex.o
 .debug_frame   0x0000284c       0x3c build/system_stm32h7xx_dualcore_boot_cm4_cm7.o
 .debug_frame   0x00002888       0x70 build/list.o
 .debug_frame   0x000028f8      0x58c build/tasks.o
 .debug_frame   0x00002e84      0x58c build/cmsis_os.o
 .debug_frame   0x00003410       0xd0 build/heap_4.o
 .debug_frame   0x000034e0      0x110 build/port.o
 .debug_frame   0x000035f0       0x28 build/sysmem.o
 .debug_frame   0x00003618      0x190 build/syscalls.o
 .debug_frame   0x000037a8       0x20 c:/projects/rtos_projects/tools/gcc-arm-none-eabi-10.3-2021.10/bin/../lib/gcc/arm-none-eabi/10.3.1/../../../../arm-none-eabi/lib/thumb/v7e-m+dp/hard\libc_nano.a(lib_a-errno.o)
 .debug_frame   0x000037c8       0x2c c:/projects/rtos_projects/tools/gcc-arm-none-eabi-10.3-2021.10/bin/../lib/gcc/arm-none-eabi/10.3.1/../../../../arm-none-eabi/lib/thumb/v7e-m+dp/hard\libc_nano.a(lib_a-init.o)
 .debug_frame   0x000037f4       0x20 c:/projects/rtos_projects/tools/gcc-arm-none-eabi-10.3-2021.10/bin/../lib/gcc/arm-none-eabi/10.3.1/../../../../arm-none-eabi/lib/thumb/v7e-m+dp/hard\libc_nano.a(lib_a-memset.o)
 .debug_frame   0x00003814       0x74 c:/projects/rtos_projects/tools/gcc-arm-none-eabi-10.3-2021.10/bin/../lib/gcc/arm-none-eabi/10.3.1/../../../../arm-none-eabi/lib/thumb/v7e-m+dp/hard\libc_nano.a(lib_a-printf.o)
 .debug_frame   0x00003888       0x3c c:/projects/rtos_projects/tools/gcc-arm-none-eabi-10.3-2021.10/bin/../lib/gcc/arm-none-eabi/10.3.1/../../../../arm-none-eabi/lib/thumb/v7e-m+dp/hard\libc_nano.a(lib_a-puts.o)
 .debug_frame   0x000038c4       0x5c c:/projects/rtos_projects/tools/gcc-arm-none-eabi-10.3-2021.10/bin/../lib/gcc/arm-none-eabi/10.3.1/../../../../arm-none-eabi/lib/thumb/v7e-m+dp/hard\libc_nano.a(lib_a-reent.o)
 .debug_frame   0x00003920       0x40 c:/projects/rtos_projects/tools/gcc-arm-none-eabi-10.3-2021.10/bin/../lib/gcc/arm-none-eabi/10.3.1/../../../../arm-none-eabi/lib/thumb/v7e-m+dp/hard\libc_nano.a(lib_a-wbuf.o)
 .debug_frame   0x00003960       0x2c c:/projects/rtos_projects/tools/gcc-arm-none-eabi-10.3-2021.10/bin/../lib/gcc/arm-none-eabi/10.3.1/../../../../arm-none-eabi/lib/thumb/v7e-m+dp/hard\libc_nano.a(lib_a-wsetup.o)
 .debug_frame   0x0000398c       0x5c c:/projects/rtos_projects/tools/gcc-arm-none-eabi-10.3-2021.10/bin/../lib/gcc/arm-none-eabi/10.3.1/../../../../arm-none-eabi/lib/thumb/v7e-m+dp/hard\libc_nano.a(lib_a-fflush.o)
 .debug_frame   0x000039e8      0x14c c:/projects/rtos_projects/tools/gcc-arm-none-eabi-10.3-2021.10/bin/../lib/gcc/arm-none-eabi/10.3.1/../../../../arm-none-eabi/lib/thumb/v7e-m+dp/hard\libc_nano.a(lib_a-findfp.o)
 .debug_frame   0x00003b34       0x54 c:/projects/rtos_projects/tools/gcc-arm-none-eabi-10.3-2021.10/bin/../lib/gcc/arm-none-eabi/10.3.1/../../../../arm-none-eabi/lib/thumb/v7e-m+dp/hard\libc_nano.a(lib_a-fwalk.o)
 .debug_frame   0x00003b88       0xb0 c:/projects/rtos_projects/tools/gcc-arm-none-eabi-10.3-2021.10/bin/../lib/gcc/arm-none-eabi/10.3.1/../../../../arm-none-eabi/lib/thumb/v7e-m+dp/hard\libc_nano.a(lib_a-lock.o)
 .debug_frame   0x00003c38       0x58 c:/projects/rtos_projects/tools/gcc-arm-none-eabi-10.3-2021.10/bin/../lib/gcc/arm-none-eabi/10.3.1/../../../../arm-none-eabi/lib/thumb/v7e-m+dp/hard\libc_nano.a(lib_a-makebuf.o)
 .debug_frame   0x00003c90       0x38 c:/projects/rtos_projects/tools/gcc-arm-none-eabi-10.3-2021.10/bin/../lib/gcc/arm-none-eabi/10.3.1/../../../../arm-none-eabi/lib/thumb/v7e-m+dp/hard\libc_nano.a(lib_a-nano-freer.o)
 .debug_frame   0x00003cc8       0x4c c:/projects/rtos_projects/tools/gcc-arm-none-eabi-10.3-2021.10/bin/../lib/gcc/arm-none-eabi/10.3.1/../../../../arm-none-eabi/lib/thumb/v7e-m+dp/hard\libc_nano.a(lib_a-nano-mallocr.o)
 .debug_frame   0x00003d14       0xac c:/projects/rtos_projects/tools/gcc-arm-none-eabi-10.3-2021.10/bin/../lib/gcc/arm-none-eabi/10.3.1/../../../../arm-none-eabi/lib/thumb/v7e-m+dp/hard\libc_nano.a(lib_a-nano-vfprintf.o)
 .debug_frame   0x00003dc0       0x60 c:/projects/rtos_projects/tools/gcc-arm-none-eabi-10.3-2021.10/bin/../lib/gcc/arm-none-eabi/10.3.1/../../../../arm-none-eabi/lib/thumb/v7e-m+dp/hard\libc_nano.a(lib_a-nano-vfprintf_i.o)
 .debug_frame   0x00003e20       0x2c c:/projects/rtos_projects/tools/gcc-arm-none-eabi-10.3-2021.10/bin/../lib/gcc/arm-none-eabi/10.3.1/../../../../arm-none-eabi/lib/thumb/v7e-m+dp/hard\libc_nano.a(lib_a-sbrkr.o)
 .debug_frame   0x00003e4c       0x88 c:/projects/rtos_projects/tools/gcc-arm-none-eabi-10.3-2021.10/bin/../lib/gcc/arm-none-eabi/10.3.1/../../../../arm-none-eabi/lib/thumb/v7e-m+dp/hard\libc_nano.a(lib_a-stdio.o)
 .debug_frame   0x00003ed4       0x2c c:/projects/rtos_projects/tools/gcc-arm-none-eabi-10.3-2021.10/bin/../lib/gcc/arm-none-eabi/10.3.1/../../../../arm-none-eabi/lib/thumb/v7e-m+dp/hard\libc_nano.a(lib_a-writer.o)
 .debug_frame   0x00003f00       0x2c c:/projects/rtos_projects/tools/gcc-arm-none-eabi-10.3-2021.10/bin/../lib/gcc/arm-none-eabi/10.3.1/../../../../arm-none-eabi/lib/thumb/v7e-m+dp/hard\libc_nano.a(lib_a-closer.o)
 .debug_frame   0x00003f2c       0x2c c:/projects/rtos_projects/tools/gcc-arm-none-eabi-10.3-2021.10/bin/../lib/gcc/arm-none-eabi/10.3.1/../../../../arm-none-eabi/lib/thumb/v7e-m+dp/hard\libc_nano.a(lib_a-fstatr.o)
 .debug_frame   0x00003f58       0x2c c:/projects/rtos_projects/tools/gcc-arm-none-eabi-10.3-2021.10/bin/../lib/gcc/arm-none-eabi/10.3.1/../../../../arm-none-eabi/lib/thumb/v7e-m+dp/hard\libc_nano.a(lib_a-isattyr.o)
 .debug_frame   0x00003f84       0x2c c:/projects/rtos_projects/tools/gcc-arm-none-eabi-10.3-2021.10/bin/../lib/gcc/arm-none-eabi/10.3.1/../../../../arm-none-eabi/lib/thumb/v7e-m+dp/hard\libc_nano.a(lib_a-lseekr.o)
 .debug_frame   0x00003fb0       0x30 c:/projects/rtos_projects/tools/gcc-arm-none-eabi-10.3-2021.10/bin/../lib/gcc/arm-none-eabi/10.3.1/../../../../arm-none-eabi/lib/thumb/v7e-m+dp/hard\libc_nano.a(lib_a-mlock.o)
 .debug_frame   0x00003fe0       0x2c c:/projects/rtos_projects/tools/gcc-arm-none-eabi-10.3-2021.10/bin/../lib/gcc/arm-none-eabi/10.3.1/../../../../arm-none-eabi/lib/thumb/v7e-m+dp/hard\libc_nano.a(lib_a-readr.o)
 .debug_frame   0x0000400c       0x2c c:/projects/rtos_projects/tools/gcc-arm-none-eabi-10.3-2021.10/bin/../lib/gcc/arm-none-eabi/10.3.1/thumb/v7e-m+dp/hard\libgcc.a(_aeabi_uldivmod.o)
 .debug_frame   0x00004038       0x34 c:/projects/rtos_projects/tools/gcc-arm-none-eabi-10.3-2021.10/bin/../lib/gcc/arm-none-eabi/10.3.1/thumb/v7e-m+dp/hard\libgcc.a(_udivmoddi4.o)

Cross Reference Table

Symbol                                            File
ADC3_IRQHandler                                   build/startup_stm32h745xx_CM7.o
ADC_IRQHandler                                    build/startup_stm32h745xx_CM7.o
BDMA_Channel0_IRQHandler                          build/startup_stm32h745xx_CM7.o
BDMA_Channel1_IRQHandler                          build/startup_stm32h745xx_CM7.o
BDMA_Channel2_IRQHandler                          build/startup_stm32h745xx_CM7.o
BDMA_Channel3_IRQHandler                          build/startup_stm32h745xx_CM7.o
BDMA_Channel4_IRQHandler                          build/startup_stm32h745xx_CM7.o
BDMA_Channel5_IRQHandler                          build/startup_stm32h745xx_CM7.o
BDMA_Channel6_IRQHandler                          build/startup_stm32h745xx_CM7.o
BDMA_Channel7_IRQHandler                          build/startup_stm32h745xx_CM7.o
BusFault_Handler                                  build/stm32h7xx_it.o
CEC_IRQHandler                                    build/startup_stm32h745xx_CM7.o
CM4_SEV_IRQHandler                                build/startup_stm32h745xx_CM7.o
CM7_SEV_IRQHandler                                build/startup_stm32h745xx_CM7.o
COMP1_IRQHandler                                  build/startup_stm32h745xx_CM7.o
CRS_IRQHandler                                    build/startup_stm32h745xx_CM7.o
D1CorePrescTable                                  build/system_stm32h7xx_dualcore_boot_cm4_cm7.o
                                                  build/stm32h7xx_hal.o
                                                  build/stm32h7xx_hal_rcc_ex.o
                                                  build/stm32h7xx_hal_rcc.o
DCMI_IRQHandler                                   build/startup_stm32h745xx_CM7.o
DFSDM1_FLT0_IRQHandler                            build/startup_stm32h745xx_CM7.o
DFSDM1_FLT1_IRQHandler                            build/startup_stm32h745xx_CM7.o
DFSDM1_FLT2_IRQHandler                            build/startup_stm32h745xx_CM7.o
DFSDM1_FLT3_IRQHandler                            build/startup_stm32h745xx_CM7.o
DMA1_Stream0_IRQHandler                           build/startup_stm32h745xx_CM7.o
DMA1_Stream1_IRQHandler                           build/startup_stm32h745xx_CM7.o
DMA1_Stream2_IRQHandler                           build/startup_stm32h745xx_CM7.o
DMA1_Stream3_IRQHandler                           build/startup_stm32h745xx_CM7.o
DMA1_Stream4_IRQHandler                           build/startup_stm32h745xx_CM7.o
DMA1_Stream5_IRQHandler                           build/startup_stm32h745xx_CM7.o
DMA1_Stream6_IRQHandler                           build/startup_stm32h745xx_CM7.o
DMA1_Stream7_IRQHandler                           build/startup_stm32h745xx_CM7.o
DMA2D_IRQHandler                                  build/startup_stm32h745xx_CM7.o
DMA2_Stream0_IRQHandler                           build/startup_stm32h745xx_CM7.o
DMA2_Stream1_IRQHandler                           build/startup_stm32h745xx_CM7.o
DMA2_Stream2_IRQHandler                           build/startup_stm32h745xx_CM7.o
DMA2_Stream3_IRQHandler                           build/startup_stm32h745xx_CM7.o
DMA2_Stream4_IRQHandler                           build/startup_stm32h745xx_CM7.o
DMA2_Stream5_IRQHandler                           build/startup_stm32h745xx_CM7.o
DMA2_Stream6_IRQHandler                           build/startup_stm32h745xx_CM7.o
DMA2_Stream7_IRQHandler                           build/startup_stm32h745xx_CM7.o
DMAMUX1_OVR_IRQHandler                            build/startup_stm32h745xx_CM7.o
DMAMUX2_OVR_IRQHandler                            build/startup_stm32h745xx_CM7.o
Data                                              build/main.o
DebugMon_Handler                                  build/stm32h7xx_it.o
Default_Handler                                   build/startup_stm32h745xx_CM7.o
ECC_IRQHandler                                    build/startup_stm32h745xx_CM7.o
ETH_IRQHandler                                    build/startup_stm32h745xx_CM7.o
ETH_WKUP_IRQHandler                               build/startup_stm32h745xx_CM7.o
EXTI0_IRQHandler                                  build/startup_stm32h745xx_CM7.o
EXTI15_10_IRQHandler                              build/startup_stm32h745xx_CM7.o
EXTI1_IRQHandler                                  build/startup_stm32h745xx_CM7.o
EXTI2_IRQHandler                                  build/startup_stm32h745xx_CM7.o
EXTI3_IRQHandler                                  build/startup_stm32h745xx_CM7.o
EXTI4_IRQHandler                                  build/startup_stm32h745xx_CM7.o
EXTI9_5_IRQHandler                                build/startup_stm32h745xx_CM7.o
Error_Handler                                     build/main.o
                                                  build/stm32h7xx_hal_msp.o
FDCAN1_IT0_IRQHandler                             build/startup_stm32h745xx_CM7.o
FDCAN1_IT1_IRQHandler                             build/startup_stm32h745xx_CM7.o
FDCAN2_IT0_IRQHandler                             build/startup_stm32h745xx_CM7.o
FDCAN2_IT1_IRQHandler                             build/startup_stm32h745xx_CM7.o
FDCAN_CAL_IRQHandler                              build/startup_stm32h745xx_CM7.o
FLASH_CRC_WaitForLastOperation                    build/stm32h7xx_hal_flash.o
                                                  build/stm32h7xx_hal_flash_ex.o