Archive member included to satisfy reference by file (symbol)

c:/projects/rtos_projects/tools/gcc-arm-none-eabi-10.3-2021.10/bin/../lib/gcc/arm-none-eabi/10.3.1/../../../../arm-none-eabi/lib/thumb/v7e-m+fp/hard\libc_nano.a(lib_a-errno.o)
                              build/sysmem.o (__errno)
c:/projects/rtos_projects/tools/gcc-arm-none-eabi-10.3-2021.10/bin/../lib/gcc/arm-none-eabi/10.3.1/../../../../arm-none-eabi/lib/thumb/v7e-m+fp/hard\libc_nano.a(lib_a-exit.o)
                              c:/projects/rtos_projects/tools/gcc-arm-none-eabi-10.3-2021.10/bin/../lib/gcc/arm-none-eabi/10.3.1/../../../../arm-none-eabi/lib/thumb/v7e-m+fp/hard/crt0.o (exit)
c:/projects/rtos_projects/tools/gcc-arm-none-eabi-10.3-2021.10/bin/../lib/gcc/arm-none-eabi/10.3.1/../../../../arm-none-eabi/lib/thumb/v7e-m+fp/hard\libc_nano.a(lib_a-impure.o)
                              c:/projects/rtos_projects/tools/gcc-arm-none-eabi-10.3-2021.10/bin/../lib/gcc/arm-none-eabi/10.3.1/../../../../arm-none-eabi/lib/thumb/v7e-m+fp/hard\libc_nano.a(lib_a-exit.o) (_global_impure_ptr)
c:/projects/rtos_projects/tools/gcc-arm-none-eabi-10.3-2021.10/bin/../lib/gcc/arm-none-eabi/10.3.1/../../../../arm-none-eabi/lib/thumb/v7e-m+fp/hard\libc_nano.a(lib_a-init.o)
                              c:/projects/rtos_projects/tools/gcc-arm-none-eabi-10.3-2021.10/bin/../lib/gcc/arm-none-eabi/10.3.1/../../../../arm-none-eabi/lib/thumb/v7e-m+fp/hard/crt0.o (__libc_init_array)
c:/projects/rtos_projects/tools/gcc-arm-none-eabi-10.3-2021.10/bin/../lib/gcc/arm-none-eabi/10.3.1/../../../../arm-none-eabi/lib/thumb/v7e-m+fp/hard\libc_nano.a(lib_a-memset.o)
                              c:/projects/rtos_projects/tools/gcc-arm-none-eabi-10.3-2021.10/bin/../lib/gcc/arm-none-eabi/10.3.1/../../../../arm-none-eabi/lib/thumb/v7e-m+fp/hard/crt0.o (memset)

Discarded input sections

 .text          0x00000000        0x0 c:/projects/rtos_projects/tools/gcc-arm-none-eabi-10.3-2021.10/bin/../lib/gcc/arm-none-eabi/10.3.1/thumb/v7e-m+fp/hard/crti.o
 .data          0x00000000        0x0 c:/projects/rtos_projects/tools/gcc-arm-none-eabi-10.3-2021.10/bin/../lib/gcc/arm-none-eabi/10.3.1/thumb/v7e-m+fp/hard/crti.o
 .bss           0x00000000        0x0 c:/projects/rtos_projects/tools/gcc-arm-none-eabi-10.3-2021.10/bin/../lib/gcc/arm-none-eabi/10.3.1/thumb/v7e-m+fp/hard/crti.o
 .data          0x00000000        0x4 c:/projects/rtos_projects/tools/gcc-arm-none-eabi-10.3-2021.10/bin/../lib/gcc/arm-none-eabi/10.3.1/thumb/v7e-m+fp/hard/crtbegin.o
 .rodata        0x00000000       0x24 c:/projects/rtos_projects/tools/gcc-arm-none-eabi-10.3-2021.10/bin/../lib/gcc/arm-none-eabi/10.3.1/thumb/v7e-m+fp/hard/crtbegin.o
 .text          0x00000000       0x7c c:/projects/rtos_projects/tools/gcc-arm-none-eabi-10.3-2021.10/bin/../lib/gcc/arm-none-eabi/10.3.1/../../../../arm-none-eabi/lib/thumb/v7e-m+fp/hard/crt0.o
 .data          0x00000000        0x0 c:/projects/rtos_projects/tools/gcc-arm-none-eabi-10.3-2021.10/bin/../lib/gcc/arm-none-eabi/10.3.1/../../../../arm-none-eabi/lib/thumb/v7e-m+fp/hard/crt0.o
 .bss           0x00000000        0x0 c:/projects/rtos_projects/tools/gcc-arm-none-eabi-10.3-2021.10/bin/../lib/gcc/arm-none-eabi/10.3.1/../../../../arm-none-eabi/lib/thumb/v7e-m+fp/hard/crt0.o
 .ARM.extab     0x00000000        0x0 c:/projects/rtos_projects/tools/gcc-arm-none-eabi-10.3-2021.10/bin/../lib/gcc/arm-none-eabi/10.3.1/../../../../arm-none-eabi/lib/thumb/v7e-m+fp/hard/crt0.o
 .ARM.exidx     0x00000000       0x10 c:/projects/rtos_projects/tools/gcc-arm-none-eabi-10.3-2021.10/bin/../lib/gcc/arm-none-eabi/10.3.1/../../../../arm-none-eabi/lib/thumb/v7e-m+fp/hard/crt0.o
 .ARM.attributes
                0x00000000       0x1c c:/projects/rtos_projects/tools/gcc-arm-none-eabi-10.3-2021.10/bin/../lib/gcc/arm-none-eabi/10.3.1/../../../../arm-none-eabi/lib/thumb/v7e-m+fp/hard/crt0.o
 .text          0x00000000        0x0 build/main.o
 .data          0x00000000        0x0 build/main.o
 .bss           0x00000000        0x0 build/main.o
 .text          0x00000000        0x0 build/stm32h7xx_it.o
 .data          0x00000000        0x0 build/stm32h7xx_it.o
 .bss           0x00000000        0x0 build/stm32h7xx_it.o
 .text          0x00000000        0x0 build/stm32h7xx_hal_msp.o
 .data          0x00000000        0x0 build/stm32h7xx_hal_msp.o
 .bss           0x00000000        0x0 build/stm32h7xx_hal_msp.o
 .text.HAL_ETH_MspDeInit
                0x00000000       0x94 build/stm32h7xx_hal_msp.o
 .text.HAL_LTDC_MspDeInit
                0x00000000       0x5c build/stm32h7xx_hal_msp.o
 .text.HAL_MMC_MspDeInit
                0x00000000       0x4c build/stm32h7xx_hal_msp.o
 .text.HAL_PCD_MspDeInit
                0x00000000       0x34 build/stm32h7xx_hal_msp.o
 .text.HAL_SAI_MspDeInit
                0x00000000       0x74 build/stm32h7xx_hal_msp.o
 .text          0x00000000        0x0 build/stm32h7xx_hal_cortex.o
 .data          0x00000000        0x0 build/stm32h7xx_hal_cortex.o
[...]
Memory Configuration

Name             Origin             Length             Attributes
FLASH            0x08100000         0x00100000         xr
RAM              0x10000000         0x00048000         xrw
*default*        0x00000000         0xffffffff

Linker script and memory map

LOAD c:/projects/rtos_projects/tools/gcc-arm-none-eabi-10.3-2021.10/bin/../lib/gcc/arm-none-eabi/10.3.1/thumb/v7e-m+fp/hard/crti.o
LOAD c:/projects/rtos_projects/tools/gcc-arm-none-eabi-10.3-2021.10/bin/../lib/gcc/arm-none-eabi/10.3.1/thumb/v7e-m+fp/hard/crtbegin.o
LOAD c:/projects/rtos_projects/tools/gcc-arm-none-eabi-10.3-2021.10/bin/../lib/gcc/arm-none-eabi/10.3.1/../../../../arm-none-eabi/lib/thumb/v7e-m+fp/hard/crt0.o
LOAD build/main.o
LOAD build/stm32h7xx_it.o
LOAD build/stm32h7xx_hal_msp.o
LOAD build/stm32h7xx_hal_cortex.o
LOAD build/stm32h7xx_hal_rcc.o
LOAD build/stm32h7xx_hal_rcc_ex.o
LOAD build/stm32h7xx_hal_flash.o
LOAD build/stm32h7xx_hal_flash_ex.o
LOAD build/stm32h7xx_hal_gpio.o
LOAD build/stm32h7xx_hal_hsem.o
LOAD build/stm32h7xx_hal_dma.o
LOAD build/stm32h7xx_hal_dma_ex.o
LOAD build/stm32h7xx_hal_mdma.o
LOAD build/stm32h7xx_hal_pwr.o
LOAD build/stm32h7xx_hal_pwr_ex.o
LOAD build/stm32h7xx_hal.o
LOAD build/stm32h7xx_hal_i2c.o
LOAD build/stm32h7xx_hal_i2c_ex.o
LOAD build/stm32h7xx_hal_exti.o
LOAD build/stm32h7xx_hal_tim.o
LOAD build/stm32h7xx_hal_tim_ex.o
LOAD build/stm32h7xx_hal_eth.o
LOAD build/stm32h7xx_hal_eth_ex.o
LOAD build/stm32h7xx_hal_ltdc.o
LOAD build/stm32h7xx_hal_ltdc_ex.o
LOAD build/stm32h7xx_hal_dsi.o
LOAD build/stm32h7xx_hal_sai.o
LOAD build/stm32h7xx_hal_sai_ex.o
LOAD build/stm32h7xx_ll_sdmmc.o
LOAD build/stm32h7xx_hal_mmc.o
LOAD build/stm32h7xx_hal_mmc_ex.o
LOAD build/stm32h7xx_hal_pcd.o
LOAD build/stm32h7xx_hal_pcd_ex.o
LOAD build/stm32h7xx_ll_usb.o
LOAD build/system_stm32h7xx_dualcore_boot_cm4_cm7.o
LOAD build/sysmem.o
LOAD build/syscalls.o
LOAD build/startup_stm32h745xx_CM4.o
LOAD c:/projects/rtos_projects/tools/gcc-arm-none-eabi-10.3-2021.10/bin/../lib/gcc/arm-none-eabi/10.3.1/../../../../arm-none-eabi/lib/thumb/v7e-m+fp/hard\libc_nano.a
LOAD c:/projects/rtos_projects/tools/gcc-arm-none-eabi-10.3-2021.10/bin/../lib/gcc/arm-none-eabi/10.3.1/../../../../arm-none-eabi/lib/thumb/v7e-m+fp/hard\libm.a
LOAD c:/projects/rtos_projects/tools/gcc-arm-none-eabi-10.3-2021.10/bin/../lib/gcc/arm-none-eabi/10.3.1/../../../../arm-none-eabi/lib/thumb/v7e-m+fp/hard\libnosys.a
START GROUP
LOAD c:/projects/rtos_projects/tools/gcc-arm-none-eabi-10.3-2021.10/bin/../lib/gcc/arm-none-eabi/10.3.1/thumb/v7e-m+fp/hard\libgcc.a
LOAD c:/projects/rtos_projects/tools/gcc-arm-none-eabi-10.3-2021.10/bin/../lib/gcc/arm-none-eabi/10.3.1/../../../../arm-none-eabi/lib/thumb/v7e-m+fp/hard\libc_nano.a
END GROUP
START GROUP
LOAD c:/projects/rtos_projects/tools/gcc-arm-none-eabi-10.3-2021.10/bin/../lib/gcc/arm-none-eabi/10.3.1/thumb/v7e-m+fp/hard\libgcc.a
LOAD c:/projects/rtos_projects/tools/gcc-arm-none-eabi-10.3-2021.10/bin/../lib/gcc/arm-none-eabi/10.3.1/../../../../arm-none-eabi/lib/thumb/v7e-m+fp/hard\libc_nano.a
END GROUP
LOAD c:/projects/rtos_projects/tools/gcc-arm-none-eabi-10.3-2021.10/bin/../lib/gcc/arm-none-eabi/10.3.1/thumb/v7e-m+fp/hard/crtend.o
LOAD c:/projects/rtos_projects/tools/gcc-arm-none-eabi-10.3-2021.10/bin/../lib/gcc/arm-none-eabi/10.3.1/thumb/v7e-m+fp/hard/crtn.o
                0x10048000                _estack = 0x10048000
                0x00000200                _Min_Heap_Size = 0x200
                0x00000400                _Min_Stack_Size = 0x400

.isr_vector     0x08100000      0x298
                0x08100000                . = ALIGN (0x4)
 *(.isr_vector)
 .isr_vector    0x08100000      0x298 build/startup_stm32h745xx_CM4.o
                0x08100000                g_pfnVectors
                0x08100298                . = ALIGN (0x4)

.text           0x08100298     0x4d3c
                0x08100298                . = ALIGN (0x4)
 *(.text)
 .text          0x08100298       0x40 c:/projects/rtos_projects/tools/gcc-arm-none-eabi-10.3-2021.10/bin/../lib/gcc/arm-none-eabi/10.3.1/thumb/v7e-m+fp/hard/crtbegin.o
 *(.text*)
 .text.MX_GPIO_Init
                0x081002d8      0x260 build/main.o
 .text.Error_Handler
                0x08100538        0x4 build/main.o
                0x08100538                Error_Handler
 .text.MX_ETH_Init
                0x0810053c       0x68 build/main.o
 .text.MX_LTDC_Init
                0x081005a4       0xf0 build/main.o
 .text.MX_SAI2_Init
                0x08100694       0xc0 build/main.o
 .text.MX_SDMMC1_MMC_Init
                0x08100754       0x2c build/main.o
 .text.MX_USB_OTG_FS_PCD_Init
                0x08100780       0x38 build/main.o
 .text.main     0x081007b8       0x88 build/main.o
                0x081007b8                main
 .text.NMI_Handler
                0x08100840        0x2 build/stm32h7xx_it.o
                0x08100840                NMI_Handler
 .text.HardFault_Handler
                0x08100842        0x2 build/stm32h7xx_it.o
                0x08100842                HardFault_Handler
 .text.MemManage_Handler
                0x08100844        0x2 build/stm32h7xx_it.o
                0x08100844                MemManage_Handler
 .text.BusFault_Handler
                0x08100846        0x2 build/stm32h7xx_it.o
                0x08100846                BusFault_Handler
 .text.UsageFault_Handler
                0x08100848        0x2 build/stm32h7xx_it.o
                0x08100848                UsageFault_Handler
 .text.SVC_Handler
                0x0810084a        0x2 build/stm32h7xx_it.o
                0x0810084a                SVC_Handler
 .text.DebugMon_Handler
                0x0810084c        0x2 build/stm32h7xx_it.o
                0x0810084c                DebugMon_Handler
 .text.PendSV_Handler
                0x0810084e        0x2 build/stm32h7xx_it.o
                0x0810084e                PendSV_Handler
 .text.SysTick_Handler
                0x08100850        0x8 build/stm32h7xx_it.o
                0x08100850                SysTick_Handler
 .text.HAL_MspInit
                0x08100858       0x24 build/stm32h7xx_hal_msp.o
                0x08100858                HAL_MspInit
 .text.HAL_ETH_MspInit
                0x0810087c      0x1c8 build/stm32h7xx_hal_msp.o
                0x0810087c                HAL_ETH_MspInit
 .text.HAL_LTDC_MspInit
                0x08100a44      0x14c build/stm32h7xx_hal_msp.o
                0x08100a44                HAL_LTDC_MspInit
 .text.HAL_MMC_MspInit
                0x08100b90      0x100 build/stm32h7xx_hal_msp.o
                0x08100b90                HAL_MMC_MspInit
 .text.HAL_PCD_MspInit
                0x08100c90       0xbc build/stm32h7xx_hal_msp.o
                0x08100c90                HAL_PCD_MspInit
 .text.HAL_SAI_MspInit
                0x08100d4c       0xf8 build/stm32h7xx_hal_msp.o
                0x08100d4c                HAL_SAI_MspInit
 .text.HAL_NVIC_SetPriorityGrouping
                0x08100e44       0x24 build/stm32h7xx_hal_cortex.o
                0x08100e44                HAL_NVIC_SetPriorityGrouping
 .text.HAL_NVIC_SetPriority
                0x08100e68       0x6c build/stm32h7xx_hal_cortex.o
                0x08100e68                HAL_NVIC_SetPriority
 .text.HAL_SYSTICK_Config
                0x08100ed4       0x28 build/stm32h7xx_hal_cortex.o
                0x08100ed4                HAL_SYSTICK_Config
 .text.HAL_GetCurrentCPUID
                0x08100efc       0x18 build/stm32h7xx_hal_cortex.o
                0x08100efc                HAL_GetCurrentCPUID
 .text.HAL_RCC_GetSysClockFreq
                0x08100f14      0x1f4 build/stm32h7xx_hal_rcc.o
                0x08100f14                HAL_RCC_GetSysClockFreq
 .text.HAL_RCC_GetHCLKFreq
                0x08101108       0x40 build/stm32h7xx_hal_rcc.o
                0x08101108                HAL_RCC_GetHCLKFreq
 .text.HAL_RCC_GetPCLK1Freq
                0x08101148       0x24 build/stm32h7xx_hal_rcc.o
                0x08101148                HAL_RCC_GetPCLK1Freq
 .text.RCCEx_PLL2_Config
                0x0810116c      0x10c build/stm32h7xx_hal_rcc_ex.o
 .text.RCCEx_PLL3_Config
                0x08101278      0x10c build/stm32h7xx_hal_rcc_ex.o
 .text.HAL_RCCEx_PeriphCLKConfig
                0x08101384      0xa8c build/stm32h7xx_hal_rcc_ex.o
                0x08101384                HAL_RCCEx_PeriphCLKConfig
 .text.HAL_RCCEx_GetD3PCLK1Freq
                0x08101e10       0x24 build/stm32h7xx_hal_rcc_ex.o
                0x08101e10                HAL_RCCEx_GetD3PCLK1Freq
 .text.HAL_RCCEx_GetPLL2ClockFreq
                0x08101e34      0x1f8 build/stm32h7xx_hal_rcc_ex.o
                0x08101e34                HAL_RCCEx_GetPLL2ClockFreq
 .text.HAL_RCCEx_GetPLL3ClockFreq
                0x0810202c      0x1f8 build/stm32h7xx_hal_rcc_ex.o
                0x0810202c                HAL_RCCEx_GetPLL3ClockFreq
 .text.HAL_RCCEx_GetPLL1ClockFreq
                0x08102224      0x1f8 build/stm32h7xx_hal_rcc_ex.o
                0x08102224                HAL_RCCEx_GetPLL1ClockFreq
 .text.HAL_RCCEx_GetPeriphCLKFreq
                0x0810241c      0x6d0 build/stm32h7xx_hal_rcc_ex.o
                0x0810241c                HAL_RCCEx_GetPeriphCLKFreq
 .text.HAL_GPIO_Init
                0x08102aec      0x220 build/stm32h7xx_hal_gpio.o
                0x08102aec                HAL_GPIO_Init
 .text.HAL_HSEM_ActivateNotification
                0x08102d0c       0x10 build/stm32h7xx_hal_hsem.o
                0x08102d0c                HAL_HSEM_ActivateNotification
 .text.HAL_PWREx_EnterSTOPMode
                0x08102d1c       0xb0 build/stm32h7xx_hal_pwr_ex.o
                0x08102d1c                HAL_PWREx_EnterSTOPMode
 .text.HAL_PWREx_ClearPendingEvent
                0x08102dcc       0x14 build/stm32h7xx_hal_pwr_ex.o
                0x08102dcc                HAL_PWREx_ClearPendingEvent
 .text.HAL_PWREx_EnableUSBVoltageDetector
                0x08102de0       0x10 build/stm32h7xx_hal_pwr_ex.o
                0x08102de0                HAL_PWREx_EnableUSBVoltageDetector
 .text.HAL_InitTick
                0x08102df0       0x50 build/stm32h7xx_hal.o
                0x08102df0                HAL_InitTick
 .text.HAL_Init
                0x08102e40       0x9c build/stm32h7xx_hal.o
                0x08102e40                HAL_Init
 .text.HAL_IncTick
                0x08102edc       0x18 build/stm32h7xx_hal.o
                0x08102edc                HAL_IncTick
 .text.HAL_GetTick
                0x08102ef4        0xc build/stm32h7xx_hal.o
                0x08102ef4                HAL_GetTick
 .text.HAL_Delay
                0x08102f00       0x28 build/stm32h7xx_hal.o
                0x08102f00                HAL_Delay
 .text.HAL_GetREVID
                0x08102f28        0xc build/stm32h7xx_hal.o
                0x08102f28                HAL_GetREVID
 .text.HAL_SYSCFG_ETHInterfaceSelect
                0x08102f34       0x14 build/stm32h7xx_hal.o
                0x08102f34                HAL_SYSCFG_ETHInterfaceSelect
 .text.ETH_SetMACConfig
                0x08102f48      0x1b0 build/stm32h7xx_hal_eth.o
 .text.ETH_SetDMAConfig
                0x081030f8       0xb0 build/stm32h7xx_hal_eth.o
 .text.ETH_MACDMAConfig
                0x081031a8       0xdc build/stm32h7xx_hal_eth.o
 .text.ETH_DMATxDescListInit
                0x08103284       0x5a build/stm32h7xx_hal_eth.o
 .text.ETH_DMARxDescListInit
                0x081032de       0x6c build/stm32h7xx_hal_eth.o
 *fill*         0x0810334a        0x2 
 .text.HAL_ETH_SetMDIOClockRange
                0x0810334c       0x68 build/stm32h7xx_hal_eth.o
                0x0810334c                HAL_ETH_SetMDIOClockRange
 .text.HAL_ETH_Init
                0x081033b4      0x170 build/stm32h7xx_hal_eth.o
                0x081033b4                HAL_ETH_Init
 .text.LTDC_SetConfig
                0x08103524      0x1b8 build/stm32h7xx_hal_ltdc.o
 .text.HAL_LTDC_Init
                0x081036dc       0xf4 build/stm32h7xx_hal_ltdc.o
                0x081036dc                HAL_LTDC_Init
 .text.HAL_LTDC_ConfigLayer
                0x081037d0       0x68 build/stm32h7xx_hal_ltdc.o
                0x081037d0                HAL_LTDC_ConfigLayer
 .text.SAI_Disable
                0x08103838       0x44 build/stm32h7xx_hal_sai.o
 .text.HAL_SAI_Init
                0x0810387c      0x3d8 build/stm32h7xx_hal_sai.o
                0x0810387c                HAL_SAI_Init
 .text.SDMMC_GetCmdError
                0x08103c54       0x3c build/stm32h7xx_ll_sdmmc.o
 .text.SDMMC_Init
                0x08103c90       0x30 build/stm32h7xx_ll_sdmmc.o
                0x08103c90                SDMMC_Init
 .text.SDMMC_ReadFIFO
                0x08103cc0        0x6 build/stm32h7xx_ll_sdmmc.o
                0x08103cc0                SDMMC_ReadFIFO
 .text.SDMMC_PowerState_ON
                0x08103cc6        0xc build/stm32h7xx_ll_sdmmc.o
                0x08103cc6                SDMMC_PowerState_ON
 .text.SDMMC_GetPowerState
                0x08103cd2        0x8 build/stm32h7xx_ll_sdmmc.o
                0x08103cd2                SDMMC_GetPowerState
 *fill*         0x08103cda        0x2 
 .text.SDMMC_SendCommand
                0x08103cdc       0x24 build/stm32h7xx_ll_sdmmc.o
                0x08103cdc                SDMMC_SendCommand
 .text.SDMMC_GetCommandResponse
                0x08103d00        0x6 build/stm32h7xx_ll_sdmmc.o
                0x08103d00                SDMMC_GetCommandResponse
 .text.SDMMC_GetResponse
                0x08103d06        0x6 build/stm32h7xx_ll_sdmmc.o
                0x08103d06                SDMMC_GetResponse
 .text.SDMMC_ConfigData
                0x08103d0c       0x24 build/stm32h7xx_ll_sdmmc.o
                0x08103d0c                SDMMC_ConfigData
 .text.SDMMC_CmdGoIdleState
                0x08103d30       0x26 build/stm32h7xx_ll_sdmmc.o
                0x08103d30                SDMMC_CmdGoIdleState
 *fill*         0x08103d56        0x2 
 .text.SDMMC_GetCmdResp1
                0x08103d58      0x160 build/stm32h7xx_ll_sdmmc.o
                0x08103d58                SDMMC_GetCmdResp1
 .text.SDMMC_CmdBlockLength
                0x08103eb8       0x32 build/stm32h7xx_ll_sdmmc.o
                0x08103eb8                SDMMC_CmdBlockLength
 .text.SDMMC_CmdSelDesel
                0x08103eea       0x32 build/stm32h7xx_ll_sdmmc.o
                0x08103eea                SDMMC_CmdSelDesel
 .text.SDMMC_CmdSetRelAddMmc
                0x08103f1c       0x34 build/stm32h7xx_ll_sdmmc.o
                0x08103f1c                SDMMC_CmdSetRelAddMmc
 .text.SDMMC_CmdSendStatus
                0x08103f50       0x32 build/stm32h7xx_ll_sdmmc.o
                0x08103f50                SDMMC_CmdSendStatus
 .text.SDMMC_CmdSwitch
                0x08103f82       0x32 build/stm32h7xx_ll_sdmmc.o
                0x08103f82                SDMMC_CmdSwitch
 .text.SDMMC_CmdSendEXTCSD
                0x08103fb4       0x32 build/stm32h7xx_ll_sdmmc.o
                0x08103fb4                SDMMC_CmdSendEXTCSD
 *fill*         0x08103fe6        0x2 
 .text.SDMMC_GetCmdResp2
                0x08103fe8       0x60 build/stm32h7xx_ll_sdmmc.o
                0x08103fe8                SDMMC_GetCmdResp2
 .text.SDMMC_CmdSendCID
                0x08104048       0x2c build/stm32h7xx_ll_sdmmc.o
                0x08104048                SDMMC_CmdSendCID
 .text.SDMMC_CmdSendCSD
                0x08104074       0x2c build/stm32h7xx_ll_sdmmc.o
                0x08104074                SDMMC_CmdSendCSD
 .text.SDMMC_GetCmdResp3
                0x081040a0       0x50 build/stm32h7xx_ll_sdmmc.o
                0x081040a0                SDMMC_GetCmdResp3
 .text.SDMMC_CmdOpCondition
                0x081040f0       0x2c build/stm32h7xx_ll_sdmmc.o
                0x081040f0                SDMMC_CmdOpCondition
 .text.MMC_PowerON
                0x0810411c       0x68 build/stm32h7xx_hal_mmc.o
 .text.MMC_ReadExtCSD
                0x08104184      0x138 build/stm32h7xx_hal_mmc.o
 .text.MMC_PwrClassUpdate
                0x081042bc       0xdc build/stm32h7xx_hal_mmc.o
 .text.HAL_MMC_GetCardCSD
                0x08104398      0x1c4 build/stm32h7xx_hal_mmc.o
                0x08104398                HAL_MMC_GetCardCSD
 .text.HAL_MMC_GetCardExtCSD
                0x0810455c      0x14c build/stm32h7xx_hal_mmc.o
                0x0810455c                HAL_MMC_GetCardExtCSD
 .text.MMC_InitCard
                0x081046a8      0x130 build/stm32h7xx_hal_mmc.o
 .text.HAL_MMC_InitCard
                0x081047d8       0xcc build/stm32h7xx_hal_mmc.o
                0x081047d8                HAL_MMC_InitCard
 .text.HAL_MMC_ConfigWideBusOperation
                0x081048a4      0x12c build/stm32h7xx_hal_mmc.o
                0x081048a4                HAL_MMC_ConfigWideBusOperation
 .text.HAL_MMC_Init
                0x081049d0       0x4a build/stm32h7xx_hal_mmc.o
                0x081049d0                HAL_MMC_Init
 .text.HAL_PCD_Init
                0x08104a1a      0x102 build/stm32h7xx_hal_pcd.o
                0x08104a1a                HAL_PCD_Init
 .text.HAL_PCDEx_ActivateLPM
                0x08104b1c       0x28 build/stm32h7xx_hal_pcd_ex.o
                0x08104b1c                HAL_PCDEx_ActivateLPM
 .text.USB_CoreReset
                0x08104b44       0x4a build/stm32h7xx_ll_usb.o
 *fill*         0x08104b8e        0x2 
 .text.USB_CoreInit
                0x08104b90       0xa4 build/stm32h7xx_ll_usb.o
                0x08104b90                USB_CoreInit
 .text.USB_DisableGlobalInt
                0x08104c34        0xc build/stm32h7xx_ll_usb.o
                0x08104c34                USB_DisableGlobalInt
 .text.USB_FlushTxFifo
                0x08104c40       0x4a build/stm32h7xx_ll_usb.o
                0x08104c40                USB_FlushTxFifo
 .text.USB_FlushRxFifo
                0x08104c8a       0x46 build/stm32h7xx_ll_usb.o
                0x08104c8a                USB_FlushRxFifo
 .text.USB_SetDevSpeed
                0x08104cd0        0xe build/stm32h7xx_ll_usb.o
                0x08104cd0                USB_SetDevSpeed
 *fill*         0x08104cde        0x2 
 .text.USB_DevInit
                0x08104ce0      0x18c build/stm32h7xx_ll_usb.o
                0x08104ce0                USB_DevInit
 .text.USB_DevDisconnect
                0x08104e6c       0x1c build/stm32h7xx_ll_usb.o
                0x08104e6c                USB_DevDisconnect
 .text.USB_GetMode
                0x08104e88        0x8 build/stm32h7xx_ll_usb.o
                0x08104e88                USB_GetMode
 .text.USB_SetCurrentMode
                0x08104e90       0x62 build/stm32h7xx_ll_usb.o
                0x08104e90                USB_SetCurrentMode
 *fill*         0x08104ef2        0x2 
 .text.SystemInit
                0x08104ef4       0x1c build/system_stm32h7xx_dualcore_boot_cm4_cm7.o
                0x08104ef4                SystemInit
 .text.Reset_Handler
                0x08104f10       0x50 build/startup_stm32h745xx_CM4.o
                0x08104f10                Reset_Handler
 .text.Default_Handler
                0x08104f60        0x2 build/startup_stm32h745xx_CM4.o
                0x08104f60                RTC_Alarm_IRQHandler
                0x08104f60                EXTI2_IRQHandler
                0x08104f60                TIM8_CC_IRQHandler
                0x08104f60                HRTIM1_Master_IRQHandler
                0x08104f60                UART8_IRQHandler
                0x08104f60                SPI4_IRQHandler
                0x08104f60                TIM1_CC_IRQHandler
                0x08104f60                BDMA_Channel6_IRQHandler
                0x08104f60                DMA2_Stream5_IRQHandler
                0x08104f60                HRTIM1_FLT_IRQHandler
                0x08104f60                JPEG_IRQHandler
                0x08104f60                DMA1_Stream5_IRQHandler
                0x08104f60                BDMA_Channel1_IRQHandler
                0x08104f60                HRTIM1_TIMD_IRQHandler
                0x08104f60                TAMP_STAMP_IRQHandler
                0x08104f60                EXTI3_IRQHandler
                0x08104f60                LPTIM4_IRQHandler
                0x08104f60                TIM8_TRG_COM_TIM14_IRQHandler
                0x08104f60                LPTIM2_IRQHandler
                0x08104f60                DFSDM1_FLT1_IRQHandler
                0x08104f60                DMAMUX2_OVR_IRQHandler
                0x08104f60                TIM8_UP_TIM13_IRQHandler
                0x08104f60                I2C3_ER_IRQHandler
                0x08104f60                DFSDM1_FLT2_IRQHandler
                0x08104f60                MDMA_IRQHandler
                0x08104f60                LPTIM3_IRQHandler
                0x08104f60                HSEM1_IRQHandler
                0x08104f60                EXTI0_IRQHandler
                0x08104f60                I2C2_EV_IRQHandler
                0x08104f60                DMA1_Stream2_IRQHandler
                0x08104f60                FPU_IRQHandler
                0x08104f60                OTG_HS_WKUP_IRQHandler
                0x08104f60                FDCAN1_IT1_IRQHandler
                0x08104f60                LTDC_ER_IRQHandler
                0x08104f60                DMA2_Stream2_IRQHandler
                0x08104f60                HRTIM1_TIME_IRQHandler
                0x08104f60                SPI1_IRQHandler
                0x08104f60                TIM6_DAC_IRQHandler
                0x08104f60                DCMI_IRQHandler
                0x08104f60                HRTIM1_TIMC_IRQHandler
                0x08104f60                DMA2_Stream3_IRQHandler
                0x08104f60                SAI2_IRQHandler
                0x08104f60                DFSDM1_FLT3_IRQHandler
                0x08104f60                USART6_IRQHandler
                0x08104f60                TIM17_IRQHandler
                0x08104f60                USART3_IRQHandler
                0x08104f60                BDMA_Channel7_IRQHandler
                0x08104f60                LPTIM5_IRQHandler
                0x08104f60                UART5_IRQHandler
                0x08104f60                ADC3_IRQHandler
                0x08104f60                DMA2_Stream0_IRQHandler
                0x08104f60                TIM4_IRQHandler
                0x08104f60                BDMA_Channel2_IRQHandler
                0x08104f60                QUADSPI_IRQHandler
                0x08104f60                I2C1_EV_IRQHandler
                0x08104f60                DMA1_Stream6_IRQHandler
                0x08104f60                DMAMUX1_OVR_IRQHandler
                0x08104f60                DMA1_Stream1_IRQHandler
                0x08104f60                TIM16_IRQHandler
                0x08104f60                UART4_IRQHandler
                0x08104f60                BDMA_Channel5_IRQHandler
                0x08104f60                TIM3_IRQHandler
                0x08104f60                RCC_IRQHandler
                0x08104f60                TIM8_BRK_TIM12_IRQHandler
                0x08104f60                TIM1_TRG_COM_IRQHandler
                0x08104f60                Default_Handler
                0x08104f60                ECC_IRQHandler
                0x08104f60                CEC_IRQHandler
                0x08104f60                EXTI15_10_IRQHandler
                0x08104f60                BDMA_Channel0_IRQHandler
                0x08104f60                ADC_IRQHandler
                0x08104f60                DMA1_Stream7_IRQHandler
                0x08104f60                HRTIM1_TIMA_IRQHandler
                0x08104f60                SPI5_IRQHandler
                0x08104f60                TIM7_IRQHandler
                0x08104f60                SDMMC1_IRQHandler
                0x08104f60                TIM5_IRQHandler
                0x08104f60                DMA2_Stream7_IRQHandler
                0x08104f60                TIM15_IRQHandler
                0x08104f60                PVD_AVD_IRQHandler
                0x08104f60                I2C3_EV_IRQHandler
                0x08104f60                EXTI9_5_IRQHandler
                0x08104f60                RTC_WKUP_IRQHandler
                0x08104f60                LTDC_IRQHandler
                0x08104f60                SAI3_IRQHandler
                0x08104f60                ETH_WKUP_IRQHandler
                0x08104f60                SPDIF_RX_IRQHandler
                0x08104f60                SPI2_IRQHandler
                0x08104f60                OTG_HS_EP1_IN_IRQHandler
                0x08104f60                DMA1_Stream0_IRQHandler
                0x08104f60                CRS_IRQHandler
                0x08104f60                CM7_SEV_IRQHandler
                0x08104f60                EXTI4_IRQHandler
                0x08104f60                RNG_IRQHandler
                0x08104f60                CM4_SEV_IRQHandler
                0x08104f60                HRTIM1_TIMB_IRQHandler
                0x08104f60                FDCAN2_IT1_IRQHandler
                0x08104f60                ETH_IRQHandler
                0x08104f60                TIM1_UP_IRQHandler
                0x08104f60                WWDG_RST_IRQHandler
                0x08104f60                BDMA_Channel4_IRQHandler
                0x08104f60                OTG_HS_EP1_OUT_IRQHandler
                0x08104f60                WWDG_IRQHandler
                0x08104f60                SPI6_IRQHandler
                0x08104f60                MDIOS_IRQHandler
                0x08104f60                I2C4_EV_IRQHandler
                0x08104f60                FDCAN2_IT0_IRQHandler
                0x08104f60                LPUART1_IRQHandler
                0x08104f60                FDCAN1_IT0_IRQHandler
                0x08104f60                TIM2_IRQHandler
                0x08104f60                OTG_FS_WKUP_IRQHandler
                0x08104f60                OTG_HS_IRQHandler
                0x08104f60                HSEM2_IRQHandler
                0x08104f60                DMA2D_IRQHandler
                0x08104f60                TIM1_BRK_IRQHandler
                0x08104f60                EXTI1_IRQHandler
                0x08104f60                SDMMC2_IRQHandler
                0x08104f60                OTG_FS_EP1_OUT_IRQHandler
                0x08104f60                BDMA_Channel3_IRQHandler
                0x08104f60                HOLD_CORE_IRQHandler
                0x08104f60                UART7_IRQHandler
                0x08104f60                MDIOS_WKUP_IRQHandler
                0x08104f60                USART2_IRQHandler
                0x08104f60                DFSDM1_FLT0_IRQHandler
                0x08104f60                SAI4_IRQHandler
                0x08104f60                I2C2_ER_IRQHandler
                0x08104f60                DMA2_Stream1_IRQHandler
                0x08104f60                FLASH_IRQHandler
                0x08104f60                DMA2_Stream4_IRQHandler
                0x08104f60                USART1_IRQHandler
                0x08104f60                OTG_FS_IRQHandler
                0x08104f60                SPI3_IRQHandler
                0x08104f60                WAKEUP_PIN_IRQHandler
                0x08104f60                DMA1_Stream4_IRQHandler
                0x08104f60                OTG_FS_EP1_IN_IRQHandler
                0x08104f60                I2C1_ER_IRQHandler
                0x08104f60                FMC_IRQHandler
                0x08104f60                FDCAN_CAL_IRQHandler
                0x08104f60                SWPMI1_IRQHandler
                0x08104f60                COMP1_IRQHandler
                0x08104f60                LPTIM1_IRQHandler
                0x08104f60                I2C4_ER_IRQHandler
                0x08104f60                DMA2_Stream6_IRQHandler
                0x08104f60                SAI1_IRQHandler
                0x08104f60                DMA1_Stream3_IRQHandler
 *fill*         0x08104f62        0x2 
 .text.__libc_init_array
                0x08104f64       0x48 c:/projects/rtos_projects/tools/gcc-arm-none-eabi-10.3-2021.10/bin/../lib/gcc/arm-none-eabi/10.3.1/../../../../arm-none-eabi/lib/thumb/v7e-m+fp/hard\libc_nano.a(lib_a-init.o)
                0x08104f64                __libc_init_array
 .text.memset   0x08104fac       0x10 c:/projects/rtos_projects/tools/gcc-arm-none-eabi-10.3-2021.10/bin/../lib/gcc/arm-none-eabi/10.3.1/../../../../arm-none-eabi/lib/thumb/v7e-m+fp/hard\libc_nano.a(lib_a-memset.o)
                0x08104fac                memset
 *(.glue_7)
 .glue_7        0x08104fbc        0x0 linker stubs
 *(.glue_7t)
 .glue_7t       0x08104fbc        0x0 linker stubs
 *(.eh_frame)
 .eh_frame      0x08104fbc        0x0 c:/projects/rtos_projects/tools/gcc-arm-none-eabi-10.3-2021.10/bin/../lib/gcc/arm-none-eabi/10.3.1/thumb/v7e-m+fp/hard/crtbegin.o
 *(.init)
 .init          0x08104fbc        0x4 c:/projects/rtos_projects/tools/gcc-arm-none-eabi-10.3-2021.10/bin/../lib/gcc/arm-none-eabi/10.3.1/thumb/v7e-m+fp/hard/crti.o
                0x08104fbc                _init
 .init          0x08104fc0        0x8 c:/projects/rtos_projects/tools/gcc-arm-none-eabi-10.3-2021.10/bin/../lib/gcc/arm-none-eabi/10.3.1/thumb/v7e-m+fp/hard/crtn.o
 *(.fini)
 .fini          0x08104fc8        0x4 c:/projects/rtos_projects/tools/gcc-arm-none-eabi-10.3-2021.10/bin/../lib/gcc/arm-none-eabi/10.3.1/thumb/v7e-m+fp/hard/crti.o
                0x08104fc8                _fini
 .fini          0x08104fcc        0x8 c:/projects/rtos_projects/tools/gcc-arm-none-eabi-10.3-2021.10/bin/../lib/gcc/arm-none-eabi/10.3.1/thumb/v7e-m+fp/hard/crtn.o
                0x08104fd4                . = ALIGN (0x4)
                0x08104fd4                _etext = .

.vfp11_veneer   0x08104fd4        0x0
 .vfp11_veneer  0x08104fd4        0x0 linker stubs

.v4_bx          0x08104fd4        0x0
 .v4_bx         0x08104fd4        0x0 linker stubs

.iplt           0x08104fd4        0x0
 .iplt          0x08104fd4        0x0 c:/projects/rtos_projects/tools/gcc-arm-none-eabi-10.3-2021.10/bin/../lib/gcc/arm-none-eabi/10.3.1/thumb/v7e-m+fp/hard/crtbegin.o

.rodata         0x08104fd4       0x10
                0x08104fd4                . = ALIGN (0x4)
 *(.rodata)
 *(.rodata*)
 .rodata.D1CorePrescTable
                0x08104fd4       0x10 build/system_stm32h7xx_dualcore_boot_cm4_cm7.o
                0x08104fd4                D1CorePrescTable
                0x08104fe4                . = ALIGN (0x4)

.rel.dyn        0x08104fe4        0x0
 .rel.iplt      0x08104fe4        0x0 c:/projects/rtos_projects/tools/gcc-arm-none-eabi-10.3-2021.10/bin/../lib/gcc/arm-none-eabi/10.3.1/thumb/v7e-m+fp/hard/crtbegin.o

.ARM.extab
 *(.ARM.extab* .gnu.linkonce.armextab.*)

.ARM            0x08104fe4        0x0
                0x08104fe4                __exidx_start = .
 *(.ARM.exidx*)
                0x08104fe4                __exidx_end = .

.preinit_array  0x08104fe4        0x0
                0x08104fe4                PROVIDE (__preinit_array_start = .)
 *(.preinit_array*)
                0x08104fe4                PROVIDE (__preinit_array_end = .)

.init_array     0x08104fe4        0x4
                0x08104fe4                PROVIDE (__init_array_start = .)
 *(SORT_BY_NAME(.init_array.*))
 *(.init_array*)
 .init_array    0x08104fe4        0x4 c:/projects/rtos_projects/tools/gcc-arm-none-eabi-10.3-2021.10/bin/../lib/gcc/arm-none-eabi/10.3.1/thumb/v7e-m+fp/hard/crtbegin.o
                0x08104fe8                PROVIDE (__init_array_end = .)

.fini_array     0x08104fe8        0x4
                [!provide]                PROVIDE (__fini_array_start = .)
 *(SORT_BY_NAME(.fini_array.*))
 *(.fini_array*)
 .fini_array    0x08104fe8        0x4 c:/projects/rtos_projects/tools/gcc-arm-none-eabi-10.3-2021.10/bin/../lib/gcc/arm-none-eabi/10.3.1/thumb/v7e-m+fp/hard/crtbegin.o
                [!provide]                PROVIDE (__fini_array_end = .)
                0x08104fec                _sidata = LOADADDR (.data)

.data           0x10000000       0x10 load address 0x08104fec
                0x10000000                . = ALIGN (0x4)
                0x10000000                _sdata = .
 *(.data)
 *(.data*)
 .data.uwTickFreq
                0x10000000        0x1 build/stm32h7xx_hal.o
                0x10000000                uwTickFreq
 *fill*         0x10000001        0x3 
 .data.uwTickPrio
                0x10000004        0x4 build/stm32h7xx_hal.o
                0x10000004                uwTickPrio
 .data.SystemCoreClock
                0x10000008        0x4 build/system_stm32h7xx_dualcore_boot_cm4_cm7.o
                0x10000008                SystemCoreClock
 .data.SystemD2Clock
                0x1000000c        0x4 build/system_stm32h7xx_dualcore_boot_cm4_cm7.o
                0x1000000c                SystemD2Clock
                0x10000010                . = ALIGN (0x4)
                0x10000010                _edata = .

.igot.plt       0x10000010        0x0 load address 0x08104ffc
 .igot.plt      0x10000010        0x0 c:/projects/rtos_projects/tools/gcc-arm-none-eabi-10.3-2021.10/bin/../lib/gcc/arm-none-eabi/10.3.1/thumb/v7e-m+fp/hard/crtbegin.o

.RxDecripSection
                0x10000010       0x60 load address 0x08104ffc
 .RxDecripSection
                0x10000010       0x60 build/main.o
                0x10000010                DMARxDscrTab

.TxDecripSection
                0x10000070       0x60 load address 0x0810505c
 .TxDecripSection
                0x10000070       0x60 build/main.o
                0x10000070                DMATxDscrTab
                0x100000d0                . = ALIGN (0x4)

.bss            0x100000d0      0xa44 load address 0x081050bc
                0x100000d0                _sbss = .
                0x100000d0                __bss_start__ = _sbss
 *(.bss)
 .bss           0x100000d0       0x1c c:/projects/rtos_projects/tools/gcc-arm-none-eabi-10.3-2021.10/bin/../lib/gcc/arm-none-eabi/10.3.1/thumb/v7e-m+fp/hard/crtbegin.o
 *(.bss*)
 .bss.MACAddr.0
                0x100000ec        0x6 build/main.o
 *fill*         0x100000f2        0x2 
 .bss.TxConfig  0x100000f4       0x38 build/main.o
                0x100000f4                TxConfig
 .bss.heth      0x1000012c       0xb0 build/main.o
                0x1000012c                heth
 .bss.hltdc     0x100001dc       0xa8 build/main.o
                0x100001dc                hltdc
 .bss.hmmc1     0x10000284      0x274 build/main.o
                0x10000284                hmmc1
 .bss.hpcd_USB_OTG_FS
                0x100004f8      0x4e4 build/main.o
                0x100004f8                hpcd_USB_OTG_FS
 .bss.hsai_BlockA2
                0x100009dc       0x98 build/main.o
                0x100009dc                hsai_BlockA2
 .bss.hsai_BlockB2
                0x10000a74       0x98 build/main.o
                0x10000a74                hsai_BlockB2
 .bss.SAI2_client
                0x10000b0c        0x4 build/stm32h7xx_hal_msp.o
 .bss.uwTick    0x10000b10        0x4 build/stm32h7xx_hal.o
                0x10000b10                uwTick
 *(COMMON)
                0x10000b14                . = ALIGN (0x4)
                0x10000b14                _ebss = .
                0x10000b14                __bss_end__ = _ebss

._user_heap_stack
                0x10000b14      0x604 load address 0x081050bc
                0x10000b18                . = ALIGN (0x8)
 *fill*         0x10000b14        0x4 
                [!provide]                PROVIDE (end = .)
                0x10000b18                PROVIDE (_end = .)
                0x10000d18                . = (. + _Min_Heap_Size)
 *fill*         0x10000b18      0x200 
                0x10001118                . = (. + _Min_Stack_Size)
 *fill*         0x10000d18      0x400 
                0x10001118                . = ALIGN (0x8)

/DISCARD/
 libc.a(*)
 libm.a(*)
 libgcc.a(*)

.ARM.attributes
                0x00000000       0x30
 *(.ARM.attributes)
 .ARM.attributes
                0x00000000       0x1e c:/projects/rtos_projects/tools/gcc-arm-none-eabi-10.3-2021.10/bin/../lib/gcc/arm-none-eabi/10.3.1/thumb/v7e-m+fp/hard/crti.o
 .ARM.attributes
                0x0000001e       0x34 c:/projects/rtos_projects/tools/gcc-arm-none-eabi-10.3-2021.10/bin/../lib/gcc/arm-none-eabi/10.3.1/thumb/v7e-m+fp/hard/crtbegin.o
 .ARM.attributes
                0x00000052       0x34 build/main.o
 .ARM.attributes
                0x00000086       0x34 build/stm32h7xx_it.o
 .ARM.attributes
                0x000000ba       0x34 build/stm32h7xx_hal_msp.o
 .ARM.attributes
                0x000000ee       0x34 build/stm32h7xx_hal_cortex.o
 .ARM.attributes
                0x00000122       0x34 build/stm32h7xx_hal_rcc.o
 .ARM.attributes
                0x00000156       0x34 build/stm32h7xx_hal_rcc_ex.o
 .ARM.attributes
                0x0000018a       0x34 build/stm32h7xx_hal_gpio.o
 .ARM.attributes
                0x000001be       0x34 build/stm32h7xx_hal_hsem.o
 .ARM.attributes
                0x000001f2       0x34 build/stm32h7xx_hal_pwr_ex.o
 .ARM.attributes
                0x00000226       0x34 build/stm32h7xx_hal.o
 .ARM.attributes
                0x0000025a       0x34 build/stm32h7xx_hal_eth.o
 .ARM.attributes
                0x0000028e       0x34 build/stm32h7xx_hal_ltdc.o
 .ARM.attributes
                0x000002c2       0x34 build/stm32h7xx_hal_sai.o
 .ARM.attributes
                0x000002f6       0x34 build/stm32h7xx_ll_sdmmc.o
 .ARM.attributes
                0x0000032a       0x34 build/stm32h7xx_hal_mmc.o
 .ARM.attributes
                0x0000035e       0x34 build/stm32h7xx_hal_pcd.o
 .ARM.attributes
                0x00000392       0x34 build/stm32h7xx_hal_pcd_ex.o
 .ARM.attributes
                0x000003c6       0x34 build/stm32h7xx_ll_usb.o
 .ARM.attributes
                0x000003fa       0x34 build/system_stm32h7xx_dualcore_boot_cm4_cm7.o
 .ARM.attributes
                0x0000042e       0x21 build/startup_stm32h745xx_CM4.o
 .ARM.attributes
                0x0000044f       0x34 c:/projects/rtos_projects/tools/gcc-arm-none-eabi-10.3-2021.10/bin/../lib/gcc/arm-none-eabi/10.3.1/../../../../arm-none-eabi/lib/thumb/v7e-m+fp/hard\libc_nano.a(lib_a-init.o)
 .ARM.attributes
                0x00000483       0x34 c:/projects/rtos_projects/tools/gcc-arm-none-eabi-10.3-2021.10/bin/../lib/gcc/arm-none-eabi/10.3.1/../../../../arm-none-eabi/lib/thumb/v7e-m+fp/hard\libc_nano.a(lib_a-memset.o)
 .ARM.attributes
                0x000004b7       0x1e c:/projects/rtos_projects/tools/gcc-arm-none-eabi-10.3-2021.10/bin/../lib/gcc/arm-none-eabi/10.3.1/thumb/v7e-m+fp/hard/crtn.o
OUTPUT(build/Visage_CM4.elf elf32-littlearm)
LOAD linker stubs
LOAD c:/projects/rtos_projects/tools/gcc-arm-none-eabi-10.3-2021.10/bin/../lib/gcc/arm-none-eabi/10.3.1/../../../../arm-none-eabi/lib/thumb/v7e-m+fp/hard\libc.a
LOAD c:/projects/rtos_projects/tools/gcc-arm-none-eabi-10.3-2021.10/bin/../lib/gcc/arm-none-eabi/10.3.1/../../../../arm-none-eabi/lib/thumb/v7e-m+fp/hard\libm.a
LOAD c:/projects/rtos_projects/tools/gcc-arm-none-eabi-10.3-2021.10/bin/../lib/gcc/arm-none-eabi/10.3.1/thumb/v7e-m+fp/hard\libgcc.a

.debug_info     0x00000000    0x20577
 .debug_info    0x00000000     0x37a1 build/main.o
 .debug_info    0x000037a1      0x170 build/stm32h7xx_it.o
 .debug_info    0x00003911     0x3a78 build/stm32h7xx_hal_msp.o
 .debug_info    0x00007389     0x135f build/stm32h7xx_hal_cortex.o
 .debug_info    0x000086e8     0x13e0 build/stm32h7xx_hal_rcc.o
 .debug_info    0x00009ac8     0x1dfc build/stm32h7xx_hal_rcc_ex.o
 .debug_info    0x0000b8c4      0xfbd build/stm32h7xx_hal_gpio.o
 .debug_info    0x0000c881      0x46d build/stm32h7xx_hal_hsem.o
 .debug_info    0x0000ccee     0x14d0 build/stm32h7xx_hal_pwr_ex.o
 .debug_info    0x0000e1be     0x1beb build/stm32h7xx_hal.o
 .debug_info    0x0000fda9     0x358e build/stm32h7xx_hal_eth.o
 .debug_info    0x00013337     0x16da build/stm32h7xx_hal_ltdc.o
 .debug_info    0x00014a11     0x1ce5 build/stm32h7xx_hal_sai.o
 .debug_info    0x000166f6     0x1cee build/stm32h7xx_ll_sdmmc.o
 .debug_info    0x000183e4     0x2dc8 build/stm32h7xx_hal_mmc.o
 .debug_info    0x0001b1ac     0x1d43 build/stm32h7xx_hal_pcd.o
 .debug_info    0x0001ceef      0xb31 build/stm32h7xx_hal_pcd_ex.o
 .debug_info    0x0001da20     0x22bb build/stm32h7xx_ll_usb.o
 .debug_info    0x0001fcdb      0x87a build/system_stm32h7xx_dualcore_boot_cm4_cm7.o
 .debug_info    0x00020555       0x22 build/startup_stm32h745xx_CM4.o

.debug_abbrev   0x00000000     0x2e96
 .debug_abbrev  0x00000000      0x28f build/main.o
 .debug_abbrev  0x0000028f       0x81 build/stm32h7xx_it.o
 .debug_abbrev  0x00000310      0x250 build/stm32h7xx_hal_msp.o
 .debug_abbrev  0x00000560      0x395 build/stm32h7xx_hal_cortex.o
 .debug_abbrev  0x000008f5      0x27d build/stm32h7xx_hal_rcc.o
 .debug_abbrev  0x00000b72      0x286 build/stm32h7xx_hal_rcc_ex.o
 .debug_abbrev  0x00000df8      0x253 build/stm32h7xx_hal_gpio.o
 .debug_abbrev  0x0000104b      0x1e3 build/stm32h7xx_hal_hsem.o
 .debug_abbrev  0x0000122e      0x2db build/stm32h7xx_hal_pwr_ex.o
 .debug_abbrev  0x00001509      0x27d build/stm32h7xx_hal.o
 .debug_abbrev  0x00001786      0x34d build/stm32h7xx_hal_eth.o
 .debug_abbrev  0x00001ad3      0x276 build/stm32h7xx_hal_ltdc.o
 .debug_abbrev  0x00001d49      0x29e build/stm32h7xx_hal_sai.o
 .debug_abbrev  0x00001fe7      0x254 build/stm32h7xx_ll_sdmmc.o
 .debug_abbrev  0x0000223b      0x2ef build/stm32h7xx_hal_mmc.o
 .debug_abbrev  0x0000252a      0x2c4 build/stm32h7xx_hal_pcd.o
 .debug_abbrev  0x000027ee      0x26c build/stm32h7xx_hal_pcd_ex.o
 .debug_abbrev  0x00002a5a      0x300 build/stm32h7xx_ll_usb.o
 .debug_abbrev  0x00002d5a      0x12a build/system_stm32h7xx_dualcore_boot_cm4_cm7.o
 .debug_abbrev  0x00002e84       0x12 build/startup_stm32h745xx_CM4.o

.debug_loc      0x00000000    0x136c9
 .debug_loc     0x00000000      0x12b build/main.o
 .debug_loc     0x0000012b       0x20 build/stm32h7xx_it.o
 .debug_loc     0x0000014b      0x4e6 build/stm32h7xx_hal_msp.o
 .debug_loc     0x00000631      0x786 build/stm32h7xx_hal_cortex.o
 .debug_loc     0x00000db7      0xab4 build/stm32h7xx_hal_rcc.o
 .debug_loc     0x0000186b     0x1f9b build/stm32h7xx_hal_rcc_ex.o
 .debug_loc     0x00003806      0x482 build/stm32h7xx_hal_gpio.o
 .debug_loc     0x00003c88      0x137 build/stm32h7xx_hal_hsem.o
 .debug_loc     0x00003dbf      0x862 build/stm32h7xx_hal_pwr_ex.o
 .debug_loc     0x00004621      0x6ae build/stm32h7xx_hal.o
 .debug_loc     0x00004ccf     0x1cd7 build/stm32h7xx_hal_eth.o
 .debug_loc     0x000069a6     0x1bcd build/stm32h7xx_hal_ltdc.o
 .debug_loc     0x00008573     0x1abc build/stm32h7xx_hal_sai.o
 .debug_loc     0x0000a02f     0x193a build/stm32h7xx_ll_sdmmc.o
 .debug_loc     0x0000b969     0x3956 build/stm32h7xx_hal_mmc.o
 .debug_loc     0x0000f2bf     0x15ed build/stm32h7xx_hal_pcd.o
 .debug_loc     0x000108ac      0x28e build/stm32h7xx_hal_pcd_ex.o
 .debug_loc     0x00010b3a     0x2962 build/stm32h7xx_ll_usb.o
 .debug_loc     0x0001349c      0x22d build/system_stm32h7xx_dualcore_boot_cm4_cm7.o

.debug_aranges  0x00000000     0x1318
 .debug_aranges
                0x00000000       0x58 build/main.o
 .debug_aranges
                0x00000058       0x60 build/stm32h7xx_it.o
 .debug_aranges
                0x000000b8       0x70 build/stm32h7xx_hal_msp.o
 .debug_aranges
                0x00000128       0xc0 build/stm32h7xx_hal_cortex.o
 .debug_aranges
                0x000001e8       0x88 build/stm32h7xx_hal_rcc.o
 .debug_aranges
                0x00000270      0x100 build/stm32h7xx_hal_rcc_ex.o
 .debug_aranges
                0x00000370       0x58 build/stm32h7xx_hal_gpio.o
 .debug_aranges
                0x000003c8       0x70 build/stm32h7xx_hal_hsem.o
 .debug_aranges
                0x00000438      0x170 build/stm32h7xx_hal_pwr_ex.o
 .debug_aranges
                0x000005a8      0x200 build/stm32h7xx_hal.o
 .debug_aranges
                0x000007a8      0x1d8 build/stm32h7xx_hal_eth.o
 .debug_aranges
                0x00000980      0x158 build/stm32h7xx_hal_ltdc.o
 .debug_aranges
                0x00000ad8      0x178 build/stm32h7xx_hal_sai.o
 .debug_aranges
                0x00000c50      0x1a0 build/stm32h7xx_ll_sdmmc.o
 .debug_aranges
                0x00000df0      0x198 build/stm32h7xx_hal_mmc.o
 .debug_aranges
                0x00000f88      0x140 build/stm32h7xx_hal_pcd.o
 .debug_aranges
                0x000010c8       0x60 build/stm32h7xx_hal_pcd_ex.o
 .debug_aranges
                0x00001128      0x1a0 build/stm32h7xx_ll_usb.o
 .debug_aranges
                0x000012c8       0x28 build/system_stm32h7xx_dualcore_boot_cm4_cm7.o
 .debug_aranges
                0x000012f0       0x28 build/startup_stm32h745xx_CM4.o

.debug_ranges   0x00000000     0x1388
 .debug_ranges  0x00000000       0x48 build/main.o
 .debug_ranges  0x00000048       0x50 build/stm32h7xx_it.o
 .debug_ranges  0x00000098       0x60 build/stm32h7xx_hal_msp.o
 .debug_ranges  0x000000f8      0x110 build/stm32h7xx_hal_cortex.o
 .debug_ranges  0x00000208       0xe8 build/stm32h7xx_hal_rcc.o
 .debug_ranges  0x000002f0       0xf0 build/stm32h7xx_hal_rcc_ex.o
 .debug_ranges  0x000003e0       0x48 build/stm32h7xx_hal_gpio.o
 .debug_ranges  0x00000428       0x60 build/stm32h7xx_hal_hsem.o
 .debug_ranges  0x00000488      0x1c0 build/stm32h7xx_hal_pwr_ex.o
 .debug_ranges  0x00000648      0x1f0 build/stm32h7xx_hal.o
 .debug_ranges  0x00000838      0x1c8 build/stm32h7xx_hal_eth.o
 .debug_ranges  0x00000a00      0x148 build/stm32h7xx_hal_ltdc.o
 .debug_ranges  0x00000b48      0x1c8 build/stm32h7xx_hal_sai.o
 .debug_ranges  0x00000d10      0x190 build/stm32h7xx_ll_sdmmc.o
 .debug_ranges  0x00000ea0      0x1a0 build/stm32h7xx_hal_mmc.o
 .debug_ranges  0x00001040      0x130 build/stm32h7xx_hal_pcd.o
 .debug_ranges  0x00001170       0x50 build/stm32h7xx_hal_pcd_ex.o
 .debug_ranges  0x000011c0      0x190 build/stm32h7xx_ll_usb.o
 .debug_ranges  0x00001350       0x18 build/system_stm32h7xx_dualcore_boot_cm4_cm7.o
 .debug_ranges  0x00001368       0x20 build/startup_stm32h745xx_CM4.o

.debug_line     0x00000000    0x14f80
 .debug_line    0x00000000      0xac5 build/main.o
 .debug_line    0x00000ac5      0x189 build/stm32h7xx_it.o
 .debug_line    0x00000c4e      0xa34 build/stm32h7xx_hal_msp.o
 .debug_line    0x00001682      0x7f2 build/stm32h7xx_hal_cortex.o
 .debug_line    0x00001e74     0x12e3 build/stm32h7xx_hal_rcc.o
 .debug_line    0x00003157     0x1ff1 build/stm32h7xx_hal_rcc_ex.o
 .debug_line    0x00005148      0x6e1 build/stm32h7xx_hal_gpio.o
 .debug_line    0x00005829      0x338 build/stm32h7xx_hal_hsem.o
 .debug_line    0x00005b61      0xc73 build/stm32h7xx_hal_pwr_ex.o
 .debug_line    0x000067d4      0xa81 build/stm32h7xx_hal.o
 .debug_line    0x00007255     0x1e42 build/stm32h7xx_hal_eth.o
 .debug_line    0x00009097     0x19a3 build/stm32h7xx_hal_ltdc.o
 .debug_line    0x0000aa3a     0x2155 build/stm32h7xx_hal_sai.o
 .debug_line    0x0000cb8f     0x11e7 build/stm32h7xx_ll_sdmmc.o
 .debug_line    0x0000dd76     0x3495 build/stm32h7xx_hal_mmc.o
 .debug_line    0x0001120b     0x155b build/stm32h7xx_hal_pcd.o
 .debug_line    0x00012766      0x4b9 build/stm32h7xx_hal_pcd_ex.o
 .debug_line    0x00012c1f     0x1f0f build/stm32h7xx_ll_usb.o
 .debug_line    0x00014b2e      0x3d8 build/system_stm32h7xx_dualcore_boot_cm4_cm7.o
 .debug_line    0x00014f06       0x7a build/startup_stm32h745xx_CM4.o

.debug_str      0x00000000     0x7c6a
 .debug_str     0x00000000     0x1d4a build/main.o
                               0x1ef8 (size before relaxing)
 .debug_str     0x00001d4a       0xbe build/stm32h7xx_it.o
                                0x233 (size before relaxing)
 .debug_str     0x00001e08      0x497 build/stm32h7xx_hal_msp.o
                               0x207e (size before relaxing)
 .debug_str     0x0000229f      0xd31 build/stm32h7xx_hal_cortex.o
                                0xfe4 (size before relaxing)
 .debug_str     0x00002fd0      0x590 build/stm32h7xx_hal_rcc.o
                                0xa1d (size before relaxing)
 .debug_str     0x00003560      0x6bd build/stm32h7xx_hal_rcc_ex.o
                                0xf7c (size before relaxing)
 .debug_str     0x00003c1d      0x18e build/stm32h7xx_hal_gpio.o
                                0x70a (size before relaxing)
 .debug_str     0x00003dab      0x146 build/stm32h7xx_hal_hsem.o
                                0x377 (size before relaxing)
 .debug_str     0x00003ef1      0x55b build/stm32h7xx_hal_pwr_ex.o
                                0xa44 (size before relaxing)
 .debug_str     0x0000444c      0x7cf build/stm32h7xx_hal.o
                               0x16c9 (size before relaxing)
 .debug_str     0x00004c1b      0xbc3 build/stm32h7xx_hal_eth.o
                               0x1b6d (size before relaxing)
 .debug_str     0x000057de      0x4a8 build/stm32h7xx_hal_ltdc.o
                                0x9c8 (size before relaxing)
 .debug_str     0x00005c86      0x448 build/stm32h7xx_hal_sai.o
                                0xd19 (size before relaxing)
 .debug_str     0x000060ce      0x516 build/stm32h7xx_ll_sdmmc.o
                                0x86f (size before relaxing)
 .debug_str     0x000065e4      0x7c9 build/stm32h7xx_hal_mmc.o
                               0x100a (size before relaxing)
 .debug_str     0x00006dad      0x7bf build/stm32h7xx_hal_pcd.o
                                0xe05 (size before relaxing)
 .debug_str     0x0000756c      0x1b2 build/stm32h7xx_hal_pcd_ex.o
                                0x828 (size before relaxing)
 .debug_str     0x0000771e      0x4c9 build/stm32h7xx_ll_usb.o
                                0xd84 (size before relaxing)
 .debug_str     0x00007be7       0x5b build/system_stm32h7xx_dualcore_boot_cm4_cm7.o
                                0x4f7 (size before relaxing)
 .debug_str     0x00007c42       0x28 build/startup_stm32h745xx_CM4.o
                                 0x56 (size before relaxing)

.comment        0x00000000       0x49
 .comment       0x00000000       0x49 build/main.o
                                 0x4a (size before relaxing)
 .comment       0x00000049       0x4a build/stm32h7xx_it.o
 .comment       0x00000049       0x4a build/stm32h7xx_hal_msp.o
 .comment       0x00000049       0x4a build/stm32h7xx_hal_cortex.o
 .comment       0x00000049       0x4a build/stm32h7xx_hal_rcc.o
 .comment       0x00000049       0x4a build/stm32h7xx_hal_rcc_ex.o
 .comment       0x00000049       0x4a build/stm32h7xx_hal_gpio.o
 .comment       0x00000049       0x4a build/stm32h7xx_hal_hsem.o
 .comment       0x00000049       0x4a build/stm32h7xx_hal_pwr_ex.o
 .comment       0x00000049       0x4a build/stm32h7xx_hal.o
 .comment       0x00000049       0x4a build/stm32h7xx_hal_eth.o
 .comment       0x00000049       0x4a build/stm32h7xx_hal_ltdc.o
 .comment       0x00000049       0x4a build/stm32h7xx_hal_sai.o
 .comment       0x00000049       0x4a build/stm32h7xx_ll_sdmmc.o
 .comment       0x00000049       0x4a build/stm32h7xx_hal_mmc.o
 .comment       0x00000049       0x4a build/stm32h7xx_hal_pcd.o
 .comment       0x00000049       0x4a build/stm32h7xx_hal_pcd_ex.o
 .comment       0x00000049       0x4a build/stm32h7xx_ll_usb.o
 .comment       0x00000049       0x4a build/system_stm32h7xx_dualcore_boot_cm4_cm7.o

.debug_frame    0x00000000     0x326c
 .debug_frame   0x00000000       0xec build/main.o
 .debug_frame   0x000000ec       0xa8 build/stm32h7xx_it.o
 .debug_frame   0x00000194      0x160 build/stm32h7xx_hal_msp.o
 .debug_frame   0x000002f4      0x178 build/stm32h7xx_hal_cortex.o
 .debug_frame   0x0000046c      0x18c build/stm32h7xx_hal_rcc.o
 .debug_frame   0x000005f8      0x27c build/stm32h7xx_hal_rcc_ex.o
 .debug_frame   0x00000874       0xd4 build/stm32h7xx_hal_gpio.o
 .debug_frame   0x00000948       0xc8 build/stm32h7xx_hal_hsem.o
 .debug_frame   0x00000a10      0x324 build/stm32h7xx_hal_pwr_ex.o
 .debug_frame   0x00000d34      0x440 build/stm32h7xx_hal.o
 .debug_frame   0x00001174      0x4f0 build/stm32h7xx_hal_eth.o
 .debug_frame   0x00001664      0x3cc build/stm32h7xx_hal_ltdc.o
 .debug_frame   0x00001a30      0x43c build/stm32h7xx_hal_sai.o
 .debug_frame   0x00001e6c      0x51c build/stm32h7xx_ll_sdmmc.o
 .debug_frame   0x00002388      0x584 build/stm32h7xx_hal_mmc.o
 .debug_frame   0x0000290c      0x378 build/stm32h7xx_hal_pcd.o
 .debug_frame   0x00002c84       0xb8 build/stm32h7xx_hal_pcd_ex.o
 .debug_frame   0x00002d3c      0x4a8 build/stm32h7xx_ll_usb.o
 .debug_frame   0x000031e4       0x3c build/system_stm32h7xx_dualcore_boot_cm4_cm7.o
 .debug_frame   0x00003220       0x2c c:/projects/rtos_projects/tools/gcc-arm-none-eabi-10.3-2021.10/bin/../lib/gcc/arm-none-eabi/10.3.1/../../../../arm-none-eabi/lib/thumb/v7e-m+fp/hard\libc_nano.a(lib_a-init.o)
 .debug_frame   0x0000324c       0x20 c:/projects/rtos_projects/tools/gcc-arm-none-eabi-10.3-2021.10/bin/../lib/gcc/arm-none-eabi/10.3.1/../../../../arm-none-eabi/lib/thumb/v7e-m+fp/hard\libc_nano.a(lib_a-memset.o)

Cross Reference Table

Symbol                                            File
ADC3_IRQHandler                                   build/startup_stm32h745xx_CM4.o
ADC_IRQHandler                                    build/startup_stm32h745xx_CM4.o
BDMA_Channel0_IRQHandler                          build/startup_stm32h745xx_CM4.o
BDMA_Channel1_IRQHandler                          build/startup_stm32h745xx_CM4.o
BDMA_Channel2_IRQHandler                          build/startup_stm32h745xx_CM4.o
BDMA_Channel3_IRQHandler                          build/startup_stm32h745xx_CM4.o
BDMA_Channel4_IRQHandler                          build/startup_stm32h745xx_CM4.o
BDMA_Channel5_IRQHandler                          build/startup_stm32h745xx_CM4.o
BDMA_Channel6_IRQHandler                          build/startup_stm32h745xx_CM4.o
BDMA_Channel7_IRQHandler                          build/startup_stm32h745xx_CM4.o
BusFault_Handler                                  build/stm32h7xx_it.o
CEC_IRQHandler                                    build/startup_stm32h745xx_CM4.o
CM4_SEV_IRQHandler                                build/startup_stm32h745xx_CM4.o
CM7_SEV_IRQHandler                                build/startup_stm32h745xx_CM4.o
COMP1_IRQHandler                                  build/startup_stm32h745xx_CM4.o
CRS_IRQHandler                                    build/startup_stm32h745xx_CM4.o
D1CorePrescTable                                  build/system_stm32h7xx_dualcore_boot_cm4_cm7.o
                                                  build/stm32h7xx_hal.o
                                                  build/stm32h7xx_hal_rcc_ex.o
                                                  build/stm32h7xx_hal_rcc.o
DCMI_IRQHandler                                   build/startup_stm32h745xx_CM4.o
DFSDM1_FLT0_IRQHandler                            build/startup_stm32h745xx_CM4.o
DFSDM1_FLT1_IRQHandler                            build/startup_stm32h745xx_CM4.o
DFSDM1_FLT2_IRQHandler                            build/startup_stm32h745xx_CM4.o
DFSDM1_FLT3_IRQHandler                            build/startup_stm32h745xx_CM4.o
DMA1_Stream0_IRQHandler                           build/startup_stm32h745xx_CM4.o
DMA1_Stream1_IRQHandler                           build/startup_stm32h745xx_CM4.o
DMA1_Stream2_IRQHandler                           build/startup_stm32h745xx_CM4.o
DMA1_Stream3_IRQHandler                           build/startup_stm32h745xx_CM4.o
DMA1_Stream4_IRQHandler                           build/startup_stm32h745xx_CM4.o
DMA1_Stream5_IRQHandler                           build/startup_stm32h745xx_CM4.o
DMA1_Stream6_IRQHandler                           build/startup_stm32h745xx_CM4.o
DMA1_Stream7_IRQHandler                           build/startup_stm32h745xx_CM4.o
DMA2D_IRQHandler                                  build/startup_stm32h745xx_CM4.o
DMA2_Stream0_IRQHandler                           build/startup_stm32h745xx_CM4.o
DMA2_Stream1_IRQHandler                           build/startup_stm32h745xx_CM4.o
DMA2_Stream2_IRQHandler                           build/startup_stm32h745xx_CM4.o
DMA2_Stream3_IRQHandler                           build/startup_stm32h745xx_CM4.o
DMA2_Stream4_IRQHandler                           build/startup_stm32h745xx_CM4.o
DMA2_Stream5_IRQHandler                           build/startup_stm32h745xx_CM4.o
DMA2_Stream6_IRQHandler                           build/startup_stm32h745xx_CM4.o
DMA2_Stream7_IRQHandler                           build/startup_stm32h745xx_CM4.o
DMAMUX1_OVR_IRQHandler                            build/startup_stm32h745xx_CM4.o
DMAMUX2_OVR_IRQHandler                            build/startup_stm32h745xx_CM4.o
DMARxDscrTab                                      build/main.o
DMATxDscrTab                                      build/main.o
DebugMon_Handler                                  build/stm32h7xx_it.o
Default_Handler                                   build/startup_stm32h745xx_CM4.o
ECC_IRQHandler                                    build/startup_stm32h745xx_CM4.o
ETH_IRQHandler                                    build/startup_stm32h745xx_CM4.o
ETH_WKUP_IRQHandler                               build/startup_stm32h745xx_CM4.o
EXTI0_IRQHandler                                  build/startup_stm32h745xx_CM4.o
EXTI15_10_IRQHandler                              build/startup_stm32h745xx_CM4.o
EXTI1_IRQHandler                                  build/startup_stm32h745xx_CM4.o
EXTI2_IRQHandler                                  build/startup_stm32h745xx_CM4.o
EXTI3_IRQHandler                                  build/startup_stm32h745xx_CM4.o
EXTI4_IRQHandler                                  build/startup_stm32h745xx_CM4.o
EXTI9_5_IRQHandler                                build/startup_stm32h745xx_CM4.o
Error_Handler                                     build/main.o
                                                  build/stm32h7xx_hal_msp.o
FDCAN1_IT0_IRQHandler                             build/startup_stm32h745xx_CM4.o
FDCAN1_IT1_IRQHandler                             build/startup_stm32h745xx_CM4.o
FDCAN2_IT0_IRQHandler                             build/startup_stm32h745xx_CM4.o
FDCAN2_IT1_IRQHandler                             build/startup_stm32h745xx_CM4.o
FDCAN_CAL_IRQHandler                              build/startup_stm32h745xx_CM4.o
FLASH_CRC_WaitForLastOperation                    build/stm32h7xx_hal_flash.o
                                                  build/stm32h7xx_hal_flash_ex.o
FLASH_Erase_Sector                                build/stm32h7xx_hal_flash_ex.o
                                                  build/stm32h7xx_hal_flash.o
FLASH_IRQHandler                                  build/startup_stm32h745xx_CM4.o
FLASH_OB_WaitForLastOperation                     build/stm32h7xx_hal_flash.o
                                                  build/stm32h7xx_hal_flash_ex.o
FLASH_WaitForLastOperation                        build/stm32h7xx_hal_flash.o
                                                  build/stm32h7xx_hal_flash_ex.o
FMC_IRQHandler                                    build/startup_stm32h745xx_CM4.o
FPU_IRQHandler                                    build/startup_stm32h745xx_CM4.o
HAL_DBGMCU_DisableDBGSleepMode                    build/stm32h7xx_hal.o
HAL_DBGMCU_DisableDBGStandbyMode                  build/stm32h7xx_hal.o
HAL_DBGMCU_DisableDBGStopMode                     build/stm32h7xx_hal.o
HAL_DBGMCU_EnableDBGSleepMode                     build/stm32h7xx_hal.o
HAL_DBGMCU_EnableDBGStandbyMode                   build/stm32h7xx_hal.o
HAL_DBGMCU_EnableDBGStopMode                      build/stm32h7xx_hal.o
HAL_DMAEx_ChangeMemory                            build/stm32h7xx_hal_dma_ex.o
HAL_DMAEx_ConfigMuxRequestGenerator               build/stm32h7xx_hal_dma_ex.o
HAL_DMAEx_ConfigMuxSync                           build/stm32h7xx_hal_dma_ex.o
HAL_DMAEx_DisableMuxRequestGenerator              build/stm32h7xx_hal_dma_ex.o
HAL_DMAEx_EnableMuxRequestGenerator               build/stm32h7xx_hal_dma_ex.o
HAL_DMAEx_MUX_IRQHandler                          build/stm32h7xx_hal_dma_ex.o
HAL_DMAEx_MultiBufferStart                        build/stm32h7xx_hal_dma_ex.o
HAL_DMAEx_MultiBufferStart_IT                     build/stm32h7xx_hal_dma_ex.o
HAL_DMA_Abort                                     build/stm32h7xx_hal_dma.o
                                                  build/stm32h7xx_hal_sai.o
HAL_DMA_Abort_IT                                  build/stm32h7xx_hal_dma.o
                                                  build/stm32h7xx_hal_sai.o
                                                  build/stm32h7xx_hal_i2c.o
HAL_DMA_DeInit                                    build/stm32h7xx_hal_dma.o
HAL_DMA_GetError                                  build/stm32h7xx_hal_dma.o
                                                  build/stm32h7xx_hal_sai.o
                                                  build/stm32h7xx_hal_i2c.o
HAL_DMA_GetState                                  build/stm32h7xx_hal_dma.o
                                                  build/stm32h7xx_hal_i2c.o
HAL_DMA_IRQHandler                                build/stm32h7xx_hal_dma.o
HAL_DMA_Init                                      build/stm32h7xx_hal_dma.o
HAL_DMA_PollForTransfer                           build/stm32h7xx_hal_dma.o
HAL_DMA_RegisterCallback                          build/stm32h7xx_hal_dma.o
HAL_DMA_Start                                     build/stm32h7xx_hal_dma.o
HAL_DMA_Start_IT                                  build/stm32h7xx_hal_dma.o
                                                  build/stm32h7xx_hal_sai.o
                                                  build/stm32h7xx_hal_i2c.o
HAL_DMA_UnRegisterCallback                        build/stm32h7xx_hal_dma.o
HAL_DeInit                                        build/stm32h7xx_hal.o
HAL_Delay                                         build/stm32h7xx_hal.o
                                                  build/stm32h7xx_ll_usb.o
                                                  build/stm32h7xx_hal_pcd_ex.o
                                                  build/stm32h7xx_hal_mmc.o
HAL_DisableCompensationCell                       build/stm32h7xx_hal.o
HAL_DisableDomain2DBGSleepMode                    build/stm32h7xx_hal.o
HAL_DisableDomain2DBGStandbyMode                  build/stm32h7xx_hal.o
HAL_DisableDomain2DBGStopMode                     build/stm32h7xx_hal.o
HAL_ETHEx_DisableARPOffload                       build/stm32h7xx_hal_eth_ex.o
HAL_ETHEx_DisableL3L4Filtering                    build/stm32h7xx_hal_eth_ex.o
HAL_ETHEx_DisableVLANProcessing                   build/stm32h7xx_hal_eth_ex.o
HAL_ETHEx_EnableARPOffload                        build/stm32h7xx_hal_eth_ex.o
HAL_ETHEx_EnableL3L4Filtering                     build/stm32h7xx_hal_eth_ex.o
HAL_ETHEx_EnableVLANProcessing                    build/stm32h7xx_hal_eth_ex.o
HAL_ETHEx_EnterLPIMode                            build/stm32h7xx_hal_eth_ex.o
HAL_ETHEx_ExitLPIMode                             build/stm32h7xx_hal_eth_ex.o
HAL_ETHEx_GetL3FilterConfig                       build/stm32h7xx_hal_eth_ex.o
HAL_ETHEx_GetL4FilterConfig                       build/stm32h7xx_hal_eth_ex.o
HAL_ETHEx_GetMACLPIEvent                          build/stm32h7xx_hal_eth_ex.o
HAL_ETHEx_GetRxVLANConfig                         build/stm32h7xx_hal_eth_ex.o
HAL_ETHEx_GetTxVLANConfig                         build/stm32h7xx_hal_eth_ex.o
HAL_ETHEx_SetARPAddressMatch                      build/stm32h7xx_hal_eth_ex.o
HAL_ETHEx_SetL3FilterConfig                       build/stm32h7xx_hal_eth_ex.o
HAL_ETHEx_SetL4FilterConfig                       build/stm32h7xx_hal_eth_ex.o
HAL_ETHEx_SetRxVLANConfig                         build/stm32h7xx_hal_eth_ex.o
HAL_ETHEx_SetTxVLANConfig                         build/stm32h7xx_hal_eth_ex.o
HAL_ETHEx_SetTxVLANIdentifier                     build/stm32h7xx_hal_eth_ex.o
HAL_ETHEx_SetVLANHashTable                        build/stm32h7xx_hal_eth_ex.o
HAL_ETH_DeInit                                    build/stm32h7xx_hal_eth.o
HAL_ETH_EEECallback                               build/stm32h7xx_hal_eth.o
HAL_ETH_EnterPowerDownMode                        build/stm32h7xx_hal_eth.o
HAL_ETH_ErrorCallback                             build/stm32h7xx_hal_eth.o
HAL_ETH_ExitPowerDownMode                         build/stm32h7xx_hal_eth.o
HAL_ETH_GetDMAConfig                              build/stm32h7xx_hal_eth.o
HAL_ETH_GetDMAError                               build/stm32h7xx_hal_eth.o
HAL_ETH_GetError                                  build/stm32h7xx_hal_eth.o
HAL_ETH_GetMACConfig                              build/stm32h7xx_hal_eth.o
HAL_ETH_GetMACError                               build/stm32h7xx_hal_eth.o
HAL_ETH_GetMACFilterConfig                        build/stm32h7xx_hal_eth.o
HAL_ETH_GetMACWakeUpSource                        build/stm32h7xx_hal_eth.o
HAL_ETH_GetRxDataErrorCode                        build/stm32h7xx_hal_eth.o
HAL_ETH_GetState                                  build/stm32h7xx_hal_eth.o
HAL_ETH_IRQHandler                                build/stm32h7xx_hal_eth.o
HAL_ETH_Init                                      build/stm32h7xx_hal_eth.o
                                                  build/main.o
HAL_ETH_MspDeInit                                 build/stm32h7xx_hal_msp.o
HAL_ETH_MspInit                                   build/stm32h7xx_hal_msp.o
HAL_ETH_PMTCallback                               build/stm32h7xx_hal_eth.o
HAL_ETH_ReadData                                  build/stm32h7xx_hal_eth.o
HAL_ETH_ReadPHYRegister                           build/stm32h7xx_hal_eth.o
HAL_ETH_RegisterRxAllocateCallback                build/stm32h7xx_hal_eth.o
HAL_ETH_RegisterRxLinkCallback                    build/stm32h7xx_hal_eth.o
HAL_ETH_RegisterTxFreeCallback                    build/stm32h7xx_hal_eth.o
HAL_ETH_ReleaseTxPacket                           build/stm32h7xx_hal_eth.o
HAL_ETH_RxAllocateCallback                        build/stm32h7xx_hal_eth.o
HAL_ETH_RxCpltCallback                            build/stm32h7xx_hal_eth.o
HAL_ETH_RxLinkCallback                            build/stm32h7xx_hal_eth.o
HAL_ETH_SetDMAConfig                              build/stm32h7xx_hal_eth.o
HAL_ETH_SetHashTable                              build/stm32h7xx_hal_eth.o
HAL_ETH_SetMACConfig                              build/stm32h7xx_hal_eth.o
HAL_ETH_SetMACFilterConfig                        build/stm32h7xx_hal_eth.o
HAL_ETH_SetMDIOClockRange                         build/stm32h7xx_hal_eth.o
HAL_ETH_SetRxVLANIdentifier                       build/stm32h7xx_hal_eth.o
HAL_ETH_SetSourceMACAddrMatch                     build/stm32h7xx_hal_eth.o
HAL_ETH_SetWakeUpFilter                           build/stm32h7xx_hal_eth.o
HAL_ETH_Start                                     build/stm32h7xx_hal_eth.o
HAL_ETH_Start_IT                                  build/stm32h7xx_hal_eth.o
HAL_ETH_Stop                                      build/stm32h7xx_hal_eth.o
HAL_ETH_Stop_IT                                   build/stm32h7xx_hal_eth.o
HAL_ETH_Transmit                                  build/stm32h7xx_hal_eth.o
HAL_ETH_Transmit_IT                               build/stm32h7xx_hal_eth.o
HAL_ETH_TxCpltCallback                            build/stm32h7xx_hal_eth.o
HAL_ETH_TxFreeCallback                            build/stm32h7xx_hal_eth.o
HAL_ETH_UnRegisterRxAllocateCallback              build/stm32h7xx_hal_eth.o
HAL_ETH_UnRegisterRxLinkCallback                  build/stm32h7xx_hal_eth.o
HAL_ETH_UnRegisterTxFreeCallback                  build/stm32h7xx_hal_eth.o
HAL_ETH_WakeUpCallback                            build/stm32h7xx_hal_eth.o
HAL_ETH_WritePHYRegister                          build/stm32h7xx_hal_eth.o
HAL_EXTI_ClearConfigLine                          build/stm32h7xx_hal_exti.o
HAL_EXTI_ClearPending                             build/stm32h7xx_hal_exti.o
HAL_EXTI_D1_ClearFlag                             build/stm32h7xx_hal.o
HAL_EXTI_D1_EventInputConfig                      build/stm32h7xx_hal.o
HAL_EXTI_D2_ClearFlag                             build/stm32h7xx_hal.o
HAL_EXTI_D2_EventInputConfig                      build/stm32h7xx_hal.o
HAL_EXTI_D3_EventInputConfig                      build/stm32h7xx_hal.o
HAL_EXTI_EdgeConfig                               build/stm32h7xx_hal.o
HAL_EXTI_GenerateSWI                              build/stm32h7xx_hal_exti.o
HAL_EXTI_GenerateSWInterrupt                      build/stm32h7xx_hal.o
HAL_EXTI_GetConfigLine                            build/stm32h7xx_hal_exti.o
HAL_EXTI_GetHandle                                build/stm32h7xx_hal_exti.o
HAL_EXTI_GetPending                               build/stm32h7xx_hal_exti.o
HAL_EXTI_IRQHandler                               build/stm32h7xx_hal_exti.o
HAL_EXTI_RegisterCallback                         build/stm32h7xx_hal_exti.o
HAL_EXTI_SetConfigLine                            build/stm32h7xx_hal_exti.o
HAL_EnableCompensationCell                        build/stm32h7xx_hal.o
HAL_EnableDomain2DBGSleepMode                     build/stm32h7xx_hal.o
HAL_EnableDomain2DBGStandbyMode                   build/stm32h7xx_hal.o
HAL_EnableDomain2DBGStopMode                      build/stm32h7xx_hal.o
HAL_FLASHEx_ComputeCRC                            build/stm32h7xx_hal_flash_ex.o
HAL_FLASHEx_Erase                                 build/stm32h7xx_hal_flash_ex.o
HAL_FLASHEx_Erase_IT                              build/stm32h7xx_hal_flash_ex.o
HAL_FLASHEx_Lock_Bank1                            build/stm32h7xx_hal_flash_ex.o
HAL_FLASHEx_Lock_Bank2                            build/stm32h7xx_hal_flash_ex.o
HAL_FLASHEx_OBGetConfig                           build/stm32h7xx_hal_flash_ex.o
HAL_FLASHEx_OBProgram                             build/stm32h7xx_hal_flash_ex.o
HAL_FLASHEx_Unlock_Bank1                          build/stm32h7xx_hal_flash_ex.o
HAL_FLASHEx_Unlock_Bank2                          build/stm32h7xx_hal_flash_ex.o
HAL_FLASH_EndOfOperationCallback                  build/stm32h7xx_hal_flash.o
HAL_FLASH_GetError                                build/stm32h7xx_hal_flash.o
HAL_FLASH_IRQHandler                              build/stm32h7xx_hal_flash.o
HAL_FLASH_Lock                                    build/stm32h7xx_hal_flash.o
HAL_FLASH_OB_Launch                               build/stm32h7xx_hal_flash.o
HAL_FLASH_OB_Lock                                 build/stm32h7xx_hal_flash.o
HAL_FLASH_OB_Unlock                               build/stm32h7xx_hal_flash.o
HAL_FLASH_OperationErrorCallback                  build/stm32h7xx_hal_flash.o
HAL_FLASH_Program                                 build/stm32h7xx_hal_flash.o
HAL_FLASH_Program_IT                              build/stm32h7xx_hal_flash.o
HAL_FLASH_Unlock                                  build/stm32h7xx_hal_flash.o
HAL_GPIO_DeInit                                   build/stm32h7xx_hal_gpio.o
                                                  build/stm32h7xx_hal_msp.o
HAL_GPIO_EXTI_Callback                            build/stm32h7xx_hal_gpio.o
HAL_GPIO_EXTI_IRQHandler                          build/stm32h7xx_hal_gpio.o
HAL_GPIO_Init                                     build/stm32h7xx_hal_gpio.o
                                                  build/stm32h7xx_hal_rcc.o
                                                  build/stm32h7xx_hal_msp.o
                                                  build/main.o
HAL_GPIO_LockPin                                  build/stm32h7xx_hal_gpio.o
HAL_GPIO_ReadPin                                  build/stm32h7xx_hal_gpio.o
HAL_GPIO_TogglePin                                build/stm32h7xx_hal_gpio.o
HAL_GPIO_WritePin                                 build/stm32h7xx_hal_gpio.o
HAL_GetCurrentCPUID                               build/stm32h7xx_hal_cortex.o
                                                  build/stm32h7xx_hal_eth.o
                                                  build/stm32h7xx_hal_exti.o
                                                  build/stm32h7xx_hal_pwr_ex.o
                                                  build/stm32h7xx_hal_pwr.o
HAL_GetDEVID                                      build/stm32h7xx_hal.o
HAL_GetFMCMemorySwappingConfig                    build/stm32h7xx_hal.o
HAL_GetHalVersion                                 build/stm32h7xx_hal.o
HAL_GetREVID                                      build/stm32h7xx_hal.o
                                                  build/stm32h7xx_hal_sai.o
                                                  build/stm32h7xx_hal_rcc_ex.o
                                                  build/stm32h7xx_hal_rcc.o
HAL_GetTick                                       build/stm32h7xx_hal.o
                                                  build/stm32h7xx_hal_pcd_ex.o
                                                  build/stm32h7xx_hal_mmc.o
                                                  build/stm32h7xx_hal_sai.o
                                                  build/stm32h7xx_hal_ltdc.o
                                                  build/stm32h7xx_hal_eth.o
                                                  build/stm32h7xx_hal_i2c.o
                                                  build/stm32h7xx_hal_pwr_ex.o
                                                  build/stm32h7xx_hal_mdma.o
                                                  build/stm32h7xx_hal_dma.o
                                                  build/stm32h7xx_hal_flash.o
                                                  build/stm32h7xx_hal_rcc_ex.o
                                                  build/stm32h7xx_hal_rcc.o
HAL_GetTickFreq                                   build/stm32h7xx_hal.o
HAL_GetTickPrio                                   build/stm32h7xx_hal.o
HAL_GetUIDw0                                      build/stm32h7xx_hal.o
HAL_GetUIDw1                                      build/stm32h7xx_hal.o
HAL_GetUIDw2                                      build/stm32h7xx_hal.o
HAL_HSEM_ActivateNotification                     build/stm32h7xx_hal_hsem.o
                                                  build/main.o
HAL_HSEM_DeactivateNotification                   build/stm32h7xx_hal_hsem.o
HAL_HSEM_FastTake                                 build/stm32h7xx_hal_hsem.o
HAL_HSEM_FreeCallback                             build/stm32h7xx_hal_hsem.o
HAL_HSEM_GetClearKey                              build/stm32h7xx_hal_hsem.o
HAL_HSEM_IRQHandler                               build/stm32h7xx_hal_hsem.o
HAL_HSEM_IsSemTaken                               build/stm32h7xx_hal_hsem.o
HAL_HSEM_Release                                  build/stm32h7xx_hal_hsem.o
HAL_HSEM_ReleaseAll                               build/stm32h7xx_hal_hsem.o
HAL_HSEM_SetClearKey                              build/stm32h7xx_hal_hsem.o
HAL_HSEM_Take                                     build/stm32h7xx_hal_hsem.o
HAL_I2CEx_ConfigAnalogFilter                      build/stm32h7xx_hal_i2c_ex.o
HAL_I2CEx_ConfigDigitalFilter                     build/stm32h7xx_hal_i2c_ex.o
HAL_I2CEx_DisableFastModePlus                     build/stm32h7xx_hal_i2c_ex.o
HAL_I2CEx_DisableWakeUp                           build/stm32h7xx_hal_i2c_ex.o
HAL_I2CEx_EnableFastModePlus                      build/stm32h7xx_hal_i2c_ex.o
HAL_I2CEx_EnableWakeUp                            build/stm32h7xx_hal_i2c_ex.o
HAL_I2C_AbortCpltCallback                         build/stm32h7xx_hal_i2c.o
HAL_I2C_AddrCallback                              build/stm32h7xx_hal_i2c.o
HAL_I2C_DeInit                                    build/stm32h7xx_hal_i2c.o
HAL_I2C_DisableListen_IT                          build/stm32h7xx_hal_i2c.o
HAL_I2C_ER_IRQHandler                             build/stm32h7xx_hal_i2c.o
HAL_I2C_EV_IRQHandler                             build/stm32h7xx_hal_i2c.o
HAL_I2C_EnableListen_IT                           build/stm32h7xx_hal_i2c.o
HAL_I2C_ErrorCallback                             build/stm32h7xx_hal_i2c.o
HAL_I2C_GetError                                  build/stm32h7xx_hal_i2c.o
HAL_I2C_GetMode                                   build/stm32h7xx_hal_i2c.o
HAL_I2C_GetState                                  build/stm32h7xx_hal_i2c.o
HAL_I2C_Init                                      build/stm32h7xx_hal_i2c.o
HAL_I2C_IsDeviceReady                             build/stm32h7xx_hal_i2c.o
HAL_I2C_ListenCpltCallback                        build/stm32h7xx_hal_i2c.o
HAL_I2C_MasterRxCpltCallback                      build/stm32h7xx_hal_i2c.o
HAL_I2C_MasterTxCpltCallback                      build/stm32h7xx_hal_i2c.o
HAL_I2C_Master_Abort_IT                           build/stm32h7xx_hal_i2c.o
HAL_I2C_Master_Receive                            build/stm32h7xx_hal_i2c.o
HAL_I2C_Master_Receive_DMA                        build/stm32h7xx_hal_i2c.o
HAL_I2C_Master_Receive_IT                         build/stm32h7xx_hal_i2c.o
HAL_I2C_Master_Seq_Receive_DMA                    build/stm32h7xx_hal_i2c.o
HAL_I2C_Master_Seq_Receive_IT                     build/stm32h7xx_hal_i2c.o
HAL_I2C_Master_Seq_Transmit_DMA                   build/stm32h7xx_hal_i2c.o
HAL_I2C_Master_Seq_Transmit_IT                    build/stm32h7xx_hal_i2c.o
HAL_I2C_Master_Transmit                           build/stm32h7xx_hal_i2c.o
HAL_I2C_Master_Transmit_DMA                       build/stm32h7xx_hal_i2c.o
HAL_I2C_Master_Transmit_IT                        build/stm32h7xx_hal_i2c.o
HAL_I2C_MemRxCpltCallback                         build/stm32h7xx_hal_i2c.o
HAL_I2C_MemTxCpltCallback                         build/stm32h7xx_hal_i2c.o
HAL_I2C_Mem_Read                                  build/stm32h7xx_hal_i2c.o
HAL_I2C_Mem_Read_DMA                              build/stm32h7xx_hal_i2c.o
HAL_I2C_Mem_Read_IT                               build/stm32h7xx_hal_i2c.o
HAL_I2C_Mem_Write                                 build/stm32h7xx_hal_i2c.o
HAL_I2C_Mem_Write_DMA                             build/stm32h7xx_hal_i2c.o
HAL_I2C_Mem_Write_IT                              build/stm32h7xx_hal_i2c.o
HAL_I2C_MspDeInit                                 build/stm32h7xx_hal_i2c.o
HAL_I2C_MspInit                                   build/stm32h7xx_hal_i2c.o
HAL_I2C_SlaveRxCpltCallback                       build/stm32h7xx_hal_i2c.o
HAL_I2C_SlaveTxCpltCallback                       build/stm32h7xx_hal_i2c.o
HAL_I2C_Slave_Receive                             build/stm32h7xx_hal_i2c.o
HAL_I2C_Slave_Receive_DMA                         build/stm32h7xx_hal_i2c.o
HAL_I2C_Slave_Receive_IT                          build/stm32h7xx_hal_i2c.o
HAL_I2C_Slave_Seq_Receive_DMA                     build/stm32h7xx_hal_i2c.o
HAL_I2C_Slave_Seq_Receive_IT                      build/stm32h7xx_hal_i2c.o
HAL_I2C_Slave_Seq_Transmit_DMA                    build/stm32h7xx_hal_i2c.o
HAL_I2C_Slave_Seq_Transmit_IT                     build/stm32h7xx_hal_i2c.o
HAL_I2C_Slave_Transmit                            build/stm32h7xx_hal_i2c.o
HAL_I2C_Slave_Transmit_DMA                        build/stm32h7xx_hal_i2c.o
HAL_I2C_Slave_Transmit_IT                         build/stm32h7xx_hal_i2c.o
HAL_IncTick                                       build/stm32h7xx_hal.o
                                                  build/stm32h7xx_it.o
HAL_Init                                          build/stm32h7xx_hal.o
                                                  build/main.o
HAL_InitTick                                      build/stm32h7xx_hal.o
                                                  build/stm32h7xx_hal_rcc.o
HAL_LTDC_ConfigCLUT                               build/stm32h7xx_hal_ltdc.o
HAL_LTDC_ConfigColorKeying                        build/stm32h7xx_hal_ltdc.o
HAL_LTDC_ConfigColorKeying_NoReload               build/stm32h7xx_hal_ltdc.o
HAL_LTDC_ConfigLayer                              build/stm32h7xx_hal_ltdc.o
                                                  build/main.o
HAL_LTDC_ConfigLayer_NoReload                     build/stm32h7xx_hal_ltdc.o
HAL_LTDC_DeInit                                   build/stm32h7xx_hal_ltdc.o
HAL_LTDC_DisableCLUT                              build/stm32h7xx_hal_ltdc.o
HAL_LTDC_DisableCLUT_NoReload                     build/stm32h7xx_hal_ltdc.o
HAL_LTDC_DisableColorKeying                       build/stm32h7xx_hal_ltdc.o
HAL_LTDC_DisableColorKeying_NoReload              build/stm32h7xx_hal_ltdc.o
HAL_LTDC_DisableDither                            build/stm32h7xx_hal_ltdc.o
HAL_LTDC_EnableCLUT                               build/stm32h7xx_hal_ltdc.o
HAL_LTDC_EnableCLUT_NoReload                      build/stm32h7xx_hal_ltdc.o
HAL_LTDC_EnableColorKeying                        build/stm32h7xx_hal_ltdc.o
HAL_LTDC_EnableColorKeying_NoReload               build/stm32h7xx_hal_ltdc.o
HAL_LTDC_EnableDither                             build/stm32h7xx_hal_ltdc.o
HAL_LTDC_ErrorCallback                            build/stm32h7xx_hal_ltdc.o
HAL_LTDC_GetError                                 build/stm32h7xx_hal_ltdc.o
HAL_LTDC_GetState                                 build/stm32h7xx_hal_ltdc.o
HAL_LTDC_IRQHandler                               build/stm32h7xx_hal_ltdc.o
HAL_LTDC_Init                                     build/stm32h7xx_hal_ltdc.o
                                                  build/main.o
HAL_LTDC_LineEventCallback                        build/stm32h7xx_hal_ltdc.o
HAL_LTDC_MspDeInit                                build/stm32h7xx_hal_msp.o
HAL_LTDC_MspInit                                  build/stm32h7xx_hal_msp.o
HAL_LTDC_ProgramLineEvent                         build/stm32h7xx_hal_ltdc.o
HAL_LTDC_Reload                                   build/stm32h7xx_hal_ltdc.o
HAL_LTDC_ReloadEventCallback                      build/stm32h7xx_hal_ltdc.o
HAL_LTDC_SetAddress                               build/stm32h7xx_hal_ltdc.o
HAL_LTDC_SetAddress_NoReload                      build/stm32h7xx_hal_ltdc.o
HAL_LTDC_SetAlpha                                 build/stm32h7xx_hal_ltdc.o
HAL_LTDC_SetAlpha_NoReload                        build/stm32h7xx_hal_ltdc.o
HAL_LTDC_SetPitch                                 build/stm32h7xx_hal_ltdc.o
HAL_LTDC_SetPitch_NoReload                        build/stm32h7xx_hal_ltdc.o
HAL_LTDC_SetPixelFormat                           build/stm32h7xx_hal_ltdc.o
HAL_LTDC_SetPixelFormat_NoReload                  build/stm32h7xx_hal_ltdc.o
HAL_LTDC_SetWindowPosition                        build/stm32h7xx_hal_ltdc.o
HAL_LTDC_SetWindowPosition_NoReload               build/stm32h7xx_hal_ltdc.o
HAL_LTDC_SetWindowSize                            build/stm32h7xx_hal_ltdc.o
HAL_LTDC_SetWindowSize_NoReload                   build/stm32h7xx_hal_ltdc.o
HAL_MDMA_Abort                                    build/stm32h7xx_hal_mdma.o
HAL_MDMA_Abort_IT                                 build/stm32h7xx_hal_mdma.o
HAL_MDMA_ConfigPostRequestMask                    build/stm32h7xx_hal_mdma.o
HAL_MDMA_DeInit                                   build/stm32h7xx_hal_mdma.o
HAL_MDMA_GenerateSWRequest                        build/stm32h7xx_hal_mdma.o
HAL_MDMA_GetError                                 build/stm32h7xx_hal_mdma.o
HAL_MDMA_GetState                                 build/stm32h7xx_hal_mdma.o
HAL_MDMA_IRQHandler                               build/stm32h7xx_hal_mdma.o
HAL_MDMA_Init                                     build/stm32h7xx_hal_mdma.o
HAL_MDMA_LinkedList_AddNode                       build/stm32h7xx_hal_mdma.o
HAL_MDMA_LinkedList_CreateNode                    build/stm32h7xx_hal_mdma.o
HAL_MDMA_LinkedList_DisableCircularMode           build/stm32h7xx_hal_mdma.o
HAL_MDMA_LinkedList_EnableCircularMode            build/stm32h7xx_hal_mdma.o
HAL_MDMA_LinkedList_RemoveNode                    build/stm32h7xx_hal_mdma.o
HAL_MDMA_PollForTransfer                          build/stm32h7xx_hal_mdma.o
HAL_MDMA_RegisterCallback                         build/stm32h7xx_hal_mdma.o
HAL_MDMA_Start                                    build/stm32h7xx_hal_mdma.o
HAL_MDMA_Start_IT                                 build/stm32h7xx_hal_mdma.o
HAL_MDMA_UnRegisterCallback                       build/stm32h7xx_hal_mdma.o
HAL_MMCEx_ChangeDMABuffer                         build/stm32h7xx_hal_mmc_ex.o
HAL_MMCEx_ConfigDMAMultiBuffer                    build/stm32h7xx_hal_mmc_ex.o
HAL_MMCEx_ReadBlocksDMAMultiBuffer                build/stm32h7xx_hal_mmc_ex.o
HAL_MMCEx_Read_DMADoubleBuf0CpltCallback          build/stm32h7xx_hal_mmc.o
HAL_MMCEx_Read_DMADoubleBuf1CpltCallback          build/stm32h7xx_hal_mmc.o
HAL_MMCEx_WriteBlocksDMAMultiBuffer               build/stm32h7xx_hal_mmc_ex.o
HAL_MMCEx_Write_DMADoubleBuf0CpltCallback         build/stm32h7xx_hal_mmc.o
HAL_MMCEx_Write_DMADoubleBuf1CpltCallback         build/stm32h7xx_hal_mmc.o
HAL_MMC_Abort                                     build/stm32h7xx_hal_mmc.o
HAL_MMC_AbortCallback                             build/stm32h7xx_hal_mmc.o
HAL_MMC_Abort_IT                                  build/stm32h7xx_hal_mmc.o
HAL_MMC_AwakeDevice                               build/stm32h7xx_hal_mmc.o
HAL_MMC_ConfigSecRemovalType                      build/stm32h7xx_hal_mmc.o
HAL_MMC_ConfigSpeedBusOperation                   build/stm32h7xx_hal_mmc.o
HAL_MMC_ConfigWideBusOperation                    build/stm32h7xx_hal_mmc.o
HAL_MMC_DeInit                                    build/stm32h7xx_hal_mmc.o
HAL_MMC_Erase                                     build/stm32h7xx_hal_mmc.o
HAL_MMC_EraseSequence                             build/stm32h7xx_hal_mmc.o
HAL_MMC_ErrorCallback                             build/stm32h7xx_hal_mmc.o
HAL_MMC_GetCardCID                                build/stm32h7xx_hal_mmc.o
HAL_MMC_GetCardCSD                                build/stm32h7xx_hal_mmc.o
HAL_MMC_GetCardExtCSD                             build/stm32h7xx_hal_mmc.o
HAL_MMC_GetCardInfo                               build/stm32h7xx_hal_mmc.o
HAL_MMC_GetCardState                              build/stm32h7xx_hal_mmc.o
HAL_MMC_GetError                                  build/stm32h7xx_hal_mmc.o
HAL_MMC_GetState                                  build/stm32h7xx_hal_mmc.o
HAL_MMC_GetSupportedSecRemovalType                build/stm32h7xx_hal_mmc.o
HAL_MMC_IRQHandler                                build/stm32h7xx_hal_mmc.o
HAL_MMC_Init                                      build/stm32h7xx_hal_mmc.o
                                                  build/main.o
HAL_MMC_InitCard                                  build/stm32h7xx_hal_mmc.o
HAL_MMC_MspDeInit                                 build/stm32h7xx_hal_msp.o
HAL_MMC_MspInit                                   build/stm32h7xx_hal_msp.o
HAL_MMC_ReadBlocks                                build/stm32h7xx_hal_mmc.o
HAL_MMC_ReadBlocks_DMA                            build/stm32h7xx_hal_mmc.o
HAL_MMC_ReadBlocks_IT                             build/stm32h7xx_hal_mmc.o
HAL_MMC_RxCpltCallback                            build/stm32h7xx_hal_mmc.o
HAL_MMC_Sanitize                                  build/stm32h7xx_hal_mmc.o
HAL_MMC_SleepDevice                               build/stm32h7xx_hal_mmc.o
HAL_MMC_TxCpltCallback                            build/stm32h7xx_hal_mmc.o
HAL_MMC_WriteBlocks                               build/stm32h7xx_hal_mmc.o
HAL_MMC_WriteBlocks_DMA                           build/stm32h7xx_hal_mmc.o
HAL_MMC_WriteBlocks_IT                            build/stm32h7xx_hal_mmc.o
HAL_MPU_ConfigRegion                              build/stm32h7xx_hal_cortex.o
HAL_MPU_Disable                                   build/stm32h7xx_hal_cortex.o
HAL_MPU_DisableRegion                             build/stm32h7xx_hal_cortex.o
HAL_MPU_Enable                                    build/stm32h7xx_hal_cortex.o
HAL_MPU_EnableRegion                              build/stm32h7xx_hal_cortex.o
HAL_MspDeInit                                     build/stm32h7xx_hal.o
HAL_MspInit                                       build/stm32h7xx_hal_msp.o
HAL_NVIC_ClearPendingIRQ                          build/stm32h7xx_hal_cortex.o
HAL_NVIC_DisableIRQ                               build/stm32h7xx_hal_cortex.o
HAL_NVIC_EnableIRQ                                build/stm32h7xx_hal_cortex.o
HAL_NVIC_GetActive                                build/stm32h7xx_hal_cortex.o
HAL_NVIC_GetPendingIRQ                            build/stm32h7xx_hal_cortex.o
HAL_NVIC_GetPriority                              build/stm32h7xx_hal_cortex.o
HAL_NVIC_GetPriorityGrouping                      build/stm32h7xx_hal_cortex.o
HAL_NVIC_SetPendingIRQ                            build/stm32h7xx_hal_cortex.o
HAL_NVIC_SetPriority                              build/stm32h7xx_hal_cortex.o
                                                  build/stm32h7xx_hal.o
HAL_NVIC_SetPriorityGrouping                      build/stm32h7xx_hal_cortex.o
                                                  build/stm32h7xx_hal.o
HAL_NVIC_SystemReset                              build/stm32h7xx_hal_cortex.o
HAL_PCDEx_ActivateBCD                             build/stm32h7xx_hal_pcd_ex.o
HAL_PCDEx_ActivateLPM                             build/stm32h7xx_hal_pcd_ex.o
                                                  build/stm32h7xx_hal_pcd.o
HAL_PCDEx_BCD_Callback                            build/stm32h7xx_hal_pcd_ex.o
HAL_PCDEx_BCD_VBUSDetect                          build/stm32h7xx_hal_pcd_ex.o
HAL_PCDEx_DeActivateBCD                           build/stm32h7xx_hal_pcd_ex.o
HAL_PCDEx_DeActivateLPM                           build/stm32h7xx_hal_pcd_ex.o
HAL_PCDEx_LPM_Callback                            build/stm32h7xx_hal_pcd_ex.o
                                                  build/stm32h7xx_hal_pcd.o
HAL_PCDEx_SetRxFiFo                               build/stm32h7xx_hal_pcd_ex.o
HAL_PCDEx_SetTxFiFo                               build/stm32h7xx_hal_pcd_ex.o
HAL_PCD_ActivateRemoteWakeup                      build/stm32h7xx_hal_pcd.o
HAL_PCD_ConnectCallback                           build/stm32h7xx_hal_pcd.o
HAL_PCD_DataInStageCallback                       build/stm32h7xx_hal_pcd.o
HAL_PCD_DataOutStageCallback                      build/stm32h7xx_hal_pcd.o
HAL_PCD_DeActivateRemoteWakeup                    build/stm32h7xx_hal_pcd.o
HAL_PCD_DeInit                                    build/stm32h7xx_hal_pcd.o
HAL_PCD_DevConnect                                build/stm32h7xx_hal_pcd.o
HAL_PCD_DevDisconnect                             build/stm32h7xx_hal_pcd.o
HAL_PCD_DisconnectCallback                        build/stm32h7xx_hal_pcd.o
HAL_PCD_EP_Abort                                  build/stm32h7xx_hal_pcd.o
HAL_PCD_EP_Close                                  build/stm32h7xx_hal_pcd.o
HAL_PCD_EP_ClrStall                               build/stm32h7xx_hal_pcd.o
HAL_PCD_EP_Flush                                  build/stm32h7xx_hal_pcd.o
HAL_PCD_EP_GetRxCount                             build/stm32h7xx_hal_pcd.o
HAL_PCD_EP_Open                                   build/stm32h7xx_hal_pcd.o
HAL_PCD_EP_Receive                                build/stm32h7xx_hal_pcd.o
HAL_PCD_EP_SetStall                               build/stm32h7xx_hal_pcd.o
HAL_PCD_EP_Transmit                               build/stm32h7xx_hal_pcd.o
HAL_PCD_GetState                                  build/stm32h7xx_hal_pcd.o
HAL_PCD_IRQHandler                                build/stm32h7xx_hal_pcd.o
HAL_PCD_ISOINIncompleteCallback                   build/stm32h7xx_hal_pcd.o
HAL_PCD_ISOOUTIncompleteCallback                  build/stm32h7xx_hal_pcd.o
HAL_PCD_Init                                      build/stm32h7xx_hal_pcd.o
                                                  build/main.o
HAL_PCD_MspDeInit                                 build/stm32h7xx_hal_msp.o
HAL_PCD_MspInit                                   build/stm32h7xx_hal_msp.o
HAL_PCD_ResetCallback                             build/stm32h7xx_hal_pcd.o
HAL_PCD_ResumeCallback                            build/stm32h7xx_hal_pcd.o
HAL_PCD_SOFCallback                               build/stm32h7xx_hal_pcd.o
HAL_PCD_SetAddress                                build/stm32h7xx_hal_pcd.o
HAL_PCD_SetTestMode                               build/stm32h7xx_hal_pcd.o
HAL_PCD_SetupStageCallback                        build/stm32h7xx_hal_pcd.o
HAL_PCD_Start                                     build/stm32h7xx_hal_pcd.o
HAL_PCD_Stop                                      build/stm32h7xx_hal_pcd.o
HAL_PCD_SuspendCallback                           build/stm32h7xx_hal_pcd.o
HAL_PWREx_AVDCallback                             build/stm32h7xx_hal_pwr_ex.o
HAL_PWREx_ClearDomainFlags                        build/stm32h7xx_hal_pwr_ex.o
HAL_PWREx_ClearPendingEvent                       build/stm32h7xx_hal_pwr_ex.o
                                                  build/main.o
HAL_PWREx_ClearWakeupFlag                         build/stm32h7xx_hal_pwr_ex.o
HAL_PWREx_ConfigAVD                               build/stm32h7xx_hal_pwr_ex.o
HAL_PWREx_ConfigD3Domain                          build/stm32h7xx_hal_pwr_ex.o
HAL_PWREx_ConfigSupply                            build/stm32h7xx_hal_pwr_ex.o
HAL_PWREx_ControlStopModeVoltageScaling           build/stm32h7xx_hal_pwr_ex.o
HAL_PWREx_ControlVoltageScaling                   build/stm32h7xx_hal_pwr_ex.o
HAL_PWREx_DisableAVD                              build/stm32h7xx_hal_pwr_ex.o
HAL_PWREx_DisableBatteryCharging                  build/stm32h7xx_hal_pwr_ex.o
HAL_PWREx_DisableBkUpReg                          build/stm32h7xx_hal_pwr_ex.o
HAL_PWREx_DisableFlashPowerDown                   build/stm32h7xx_hal_pwr_ex.o
HAL_PWREx_DisableMonitoring                       build/stm32h7xx_hal_pwr_ex.o
HAL_PWREx_DisableUSBReg                           build/stm32h7xx_hal_pwr_ex.o
HAL_PWREx_DisableUSBVoltageDetector               build/stm32h7xx_hal_pwr_ex.o
HAL_PWREx_DisableWakeUpPin                        build/stm32h7xx_hal_pwr_ex.o
HAL_PWREx_EnableAVD                               build/stm32h7xx_hal_pwr_ex.o
HAL_PWREx_EnableBatteryCharging                   build/stm32h7xx_hal_pwr_ex.o
HAL_PWREx_EnableBkUpReg                           build/stm32h7xx_hal_pwr_ex.o
HAL_PWREx_EnableFlashPowerDown                    build/stm32h7xx_hal_pwr_ex.o
HAL_PWREx_EnableMonitoring                        build/stm32h7xx_hal_pwr_ex.o
HAL_PWREx_EnableUSBReg                            build/stm32h7xx_hal_pwr_ex.o
HAL_PWREx_EnableUSBVoltageDetector                build/stm32h7xx_hal_pwr_ex.o
                                                  build/stm32h7xx_hal_msp.o
HAL_PWREx_EnableWakeUpPin                         build/stm32h7xx_hal_pwr_ex.o
HAL_PWREx_EnterSTANDBYMode                        build/stm32h7xx_hal_pwr_ex.o
HAL_PWREx_EnterSTOPMode                           build/stm32h7xx_hal_pwr_ex.o
                                                  build/main.o